Component: ARM Compiler 5.06 update 6 (build 750) Tool: armlink [4d35ed]

==============================================================================

Section Cross References

    startup_stm32g431xx.o(RESET) refers to startup_stm32g431xx.o(STACK) for __initial_sp
    startup_stm32g431xx.o(RESET) refers to startup_stm32g431xx.o(.text) for Reset_Handler
    startup_stm32g431xx.o(RESET) refers to stm32g4xx_it.o(i.NMI_Handler) for NMI_Handler
    startup_stm32g431xx.o(RESET) refers to stm32g4xx_it.o(i.HardFault_Handler) for HardFault_Handler
    startup_stm32g431xx.o(RESET) refers to stm32g4xx_it.o(i.MemManage_Handler) for MemManage_Handler
    startup_stm32g431xx.o(RESET) refers to stm32g4xx_it.o(i.BusFault_Handler) for BusFault_Handler
    startup_stm32g431xx.o(RESET) refers to stm32g4xx_it.o(i.UsageFault_Handler) for UsageFault_Handler
    startup_stm32g431xx.o(RESET) refers to stm32g4xx_it.o(i.SVC_Handler) for SVC_Handler
    startup_stm32g431xx.o(RESET) refers to stm32g4xx_it.o(i.DebugMon_Handler) for DebugMon_Handler
    startup_stm32g431xx.o(RESET) refers to stm32g4xx_it.o(i.PendSV_Handler) for PendSV_Handler
    startup_stm32g431xx.o(RESET) refers to stm32g4xx_it.o(i.SysTick_Handler) for SysTick_Handler
    startup_stm32g431xx.o(RESET) refers to stm32g4xx_it.o(i.DMA1_Channel1_IRQHandler) for DMA1_Channel1_IRQHandler
    startup_stm32g431xx.o(RESET) refers to stm32g4xx_it.o(i.DMA1_Channel2_IRQHandler) for DMA1_Channel2_IRQHandler
    startup_stm32g431xx.o(RESET) refers to stm32g4xx_it.o(i.DMA1_Channel3_IRQHandler) for DMA1_Channel3_IRQHandler
    startup_stm32g431xx.o(RESET) refers to stm32g4xx_it.o(i.TIM1_UP_TIM16_IRQHandler) for TIM1_UP_TIM16_IRQHandler
    startup_stm32g431xx.o(RESET) refers to stm32g4xx_it.o(i.USART1_IRQHandler) for USART1_IRQHandler
    startup_stm32g431xx.o(.text) refers to system_stm32g4xx.o(i.SystemInit) for SystemInit
    startup_stm32g431xx.o(.text) refers to entry.o(.ARM.Collect$$$$00000000) for __main
    main.o(i.SystemClock_Config) refers to memseta.o(.text) for __aeabi_memclr4
    main.o(i.SystemClock_Config) refers to stm32g4xx_hal_pwr_ex.o(i.HAL_PWREx_ControlVoltageScaling) for HAL_PWREx_ControlVoltageScaling
    main.o(i.SystemClock_Config) refers to stm32g4xx_hal_rcc.o(i.HAL_RCC_OscConfig) for HAL_RCC_OscConfig
    main.o(i.SystemClock_Config) refers to stm32g4xx_hal_rcc.o(i.HAL_RCC_ClockConfig) for HAL_RCC_ClockConfig
    main.o(i.UART1_IDLE_Callback) refers to stm32g4xx_hal_uart.o(i.HAL_UART_Transmit) for HAL_UART_Transmit
    main.o(i.UART1_IDLE_Callback) refers to memseta.o(.text) for __aeabi_memclr4
    main.o(i.UART1_IDLE_Callback) refers to main.o(.bss) for .bss
    main.o(i.UART1_IDLE_Callback) refers to usart.o(.bss) for huart1
    main.o(i.main) refers to stm32g4xx_hal.o(i.HAL_Init) for HAL_Init
    main.o(i.main) refers to main.o(i.SystemClock_Config) for SystemClock_Config
    main.o(i.main) refers to gpio.o(i.MX_GPIO_Init) for MX_GPIO_Init
    main.o(i.main) refers to dma.o(i.MX_DMA_Init) for MX_DMA_Init
    main.o(i.main) refers to usart.o(i.MX_USART1_UART_Init) for MX_USART1_UART_Init
    main.o(i.main) refers to tim.o(i.MX_TIM1_Init) for MX_TIM1_Init
    main.o(i.main) refers to stm32g4xx_hal_uart.o(i.HAL_UART_Receive_DMA) for HAL_UART_Receive_DMA
    main.o(i.main) refers to delay.o(i.DWT_Delay_Init) for DWT_Delay_Init
    main.o(i.main) refers to usart_printf.o(i.usart_printf_init) for usart_printf_init
    main.o(i.main) refers to printfa.o(i.__0printf) for __2printf
    main.o(i.main) refers to bmi270_bmm350.o(i.IMU_Init) for IMU_Init
    main.o(i.main) refers to bmp5_port.o(i.BMP580_Init) for BMP580_Init
    main.o(i.main) refers to sensor_calibration.o(i.sensor_has_valid_calibration) for sensor_has_valid_calibration
    main.o(i.main) refers to sensor_calibration.o(i.sensor_get_calibration_status) for sensor_get_calibration_status
    main.o(i.main) refers to stm32g4xx_hal.o(i.HAL_GetTick) for HAL_GetTick
    main.o(i.main) refers to stm32g4xx_hal_gpio.o(i.HAL_GPIO_ReadPin) for HAL_GPIO_ReadPin
    main.o(i.main) refers to stm32g4xx_hal.o(i.HAL_Delay) for HAL_Delay
    main.o(i.main) refers to stm32g4xx_hal_gpio.o(i.HAL_GPIO_WritePin) for HAL_GPIO_WritePin
    main.o(i.main) refers to sensor_calibration.o(i.sensor_simple_calibration) for sensor_simple_calibration
    main.o(i.main) refers to sensor_calibration.o(i.sensor_quick_gyro_calibration) for sensor_quick_gyro_calibration
    main.o(i.main) refers to main.o(.bss) for .bss
    main.o(i.main) refers to usart.o(.bss) for huart1
    main.o(i.main) refers to main.o(.data) for .data
    main.o(i.main) refers to fusion_filter.o(i.fusion_init) for fusion_init
    main.o(i.main) refers to fusion_filter.o(i.fusion_set_params) for fusion_set_params
    main.o(i.main) refers to main.o(i.perform_gyro_calibration) for perform_gyro_calibration
    main.o(i.main) refers to fusion_filter.o(i.fusion_set_gyro_bias) for fusion_set_gyro_bias
[...]
    _printf_sizespec                         0x00000000   Number         0  stubs.o ABSOLUTE
    _printf_str                              0x00000000   Number         0  stubs.o ABSOLUTE
    _printf_truncate_signed                  0x00000000   Number         0  stubs.o ABSOLUTE
    _printf_truncate_unsigned                0x00000000   Number         0  stubs.o ABSOLUTE
    _printf_u                                0x00000000   Number         0  stubs.o ABSOLUTE
    _printf_wc                               0x00000000   Number         0  stubs.o ABSOLUTE
    _printf_wctomb                           0x00000000   Number         0  stubs.o ABSOLUTE
    _printf_widthprec                        0x00000000   Number         0  stubs.o ABSOLUTE
    _printf_x                                0x00000000   Number         0  stubs.o ABSOLUTE
    __cpp_initialize__aeabi_                  - Undefined Weak Reference
    __cxa_finalize                            - Undefined Weak Reference
    __decompress                              - Undefined Weak Reference
    _clock_init                               - Undefined Weak Reference
    _microlib_exit                            - Undefined Weak Reference
    __Vectors_Size                           0x000001d8   Number         0  startup_stm32g431xx.o ABSOLUTE
    __Vectors                                0x08000000   Data           4  startup_stm32g431xx.o(RESET)
    __Vectors_End                            0x080001d8   Data           0  startup_stm32g431xx.o(RESET)
    __main                                   0x080001d9   Thumb Code     0  entry.o(.ARM.Collect$$$$00000000)
    _main_stk                                0x080001d9   Thumb Code     0  entry2.o(.ARM.Collect$$$$00000001)
    _main_scatterload                        0x080001dd   Thumb Code     0  entry5.o(.ARM.Collect$$$$00000004)
    __main_after_scatterload                 0x080001e1   Thumb Code     0  entry5.o(.ARM.Collect$$$$00000004)
    _main_clock                              0x080001e1   Thumb Code     0  entry7b.o(.ARM.Collect$$$$00000008)
    _main_cpp_init                           0x080001e1   Thumb Code     0  entry8b.o(.ARM.Collect$$$$0000000A)
    _main_init                               0x080001e1   Thumb Code     0  entry9a.o(.ARM.Collect$$$$0000000B)
    __rt_final_cpp                           0x080001e9   Thumb Code     0  entry10a.o(.ARM.Collect$$$$0000000D)
    __rt_final_exit                          0x080001e9   Thumb Code     0  entry11a.o(.ARM.Collect$$$$0000000F)
    Reset_Handler                            0x080001ed   Thumb Code     8  startup_stm32g431xx.o(.text)
    ADC1_2_IRQHandler                        0x08000207   Thumb Code     0  startup_stm32g431xx.o(.text)
    COMP1_2_3_IRQHandler                     0x08000207   Thumb Code     0  startup_stm32g431xx.o(.text)
    COMP4_IRQHandler                         0x08000207   Thumb Code     0  startup_stm32g431xx.o(.text)
    CORDIC_IRQHandler                        0x08000207   Thumb Code     0  startup_stm32g431xx.o(.text)
    CRS_IRQHandler                           0x08000207   Thumb Code     0  startup_stm32g431xx.o(.text)
    DMA1_Channel4_IRQHandler                 0x08000207   Thumb Code     0  startup_stm32g431xx.o(.text)
    DMA1_Channel5_IRQHandler                 0x08000207   Thumb Code     0  startup_stm32g431xx.o(.text)
    DMA1_Channel6_IRQHandler                 0x08000207   Thumb Code     0  startup_stm32g431xx.o(.text)
    DMA2_Channel1_IRQHandler                 0x08000207   Thumb Code     0  startup_stm32g431xx.o(.text)
    DMA2_Channel2_IRQHandler                 0x08000207   Thumb Code     0  startup_stm32g431xx.o(.text)
    DMA2_Channel3_IRQHandler                 0x08000207   Thumb Code     0  startup_stm32g431xx.o(.text)
    DMA2_Channel4_IRQHandler                 0x08000207   Thumb Code     0  startup_stm32g431xx.o(.text)
    DMA2_Channel5_IRQHandler                 0x08000207   Thumb Code     0  startup_stm32g431xx.o(.text)
    DMA2_Channel6_IRQHandler                 0x08000207   Thumb Code     0  startup_stm32g431xx.o(.text)
    DMAMUX_OVR_IRQHandler                    0x08000207   Thumb Code     0  startup_stm32g431xx.o(.text)
    EXTI0_IRQHandler                         0x08000207   Thumb Code     0  startup_stm32g431xx.o(.text)
    EXTI15_10_IRQHandler                     0x08000207   Thumb Code     0  startup_stm32g431xx.o(.text)
    EXTI1_IRQHandler                         0x08000207   Thumb Code     0  startup_stm32g431xx.o(.text)
    EXTI2_IRQHandler                         0x08000207   Thumb Code     0  startup_stm32g431xx.o(.text)
    EXTI3_IRQHandler                         0x08000207   Thumb Code     0  startup_stm32g431xx.o(.text)
    EXTI4_IRQHandler                         0x08000207   Thumb Code     0  startup_stm32g431xx.o(.text)
    EXTI9_5_IRQHandler                       0x08000207   Thumb Code     0  startup_stm32g431xx.o(.text)
    FDCAN1_IT0_IRQHandler                    0x08000207   Thumb Code     0  startup_stm32g431xx.o(.text)
    FDCAN1_IT1_IRQHandler                    0x08000207   Thumb Code     0  startup_stm32g431xx.o(.text)
    FLASH_IRQHandler                         0x08000207   Thumb Code     0  startup_stm32g431xx.o(.text)
    FMAC_IRQHandler                          0x08000207   Thumb Code     0  startup_stm32g431xx.o(.text)
    FPU_IRQHandler                           0x08000207   Thumb Code     0  startup_stm32g431xx.o(.text)
    I2C1_ER_IRQHandler                       0x08000207   Thumb Code     0  startup_stm32g431xx.o(.text)
    I2C1_EV_IRQHandler                       0x08000207   Thumb Code     0  startup_stm32g431xx.o(.text)
    I2C2_ER_IRQHandler                       0x08000207   Thumb Code     0  startup_stm32g431xx.o(.text)
    I2C2_EV_IRQHandler                       0x08000207   Thumb Code     0  startup_stm32g431xx.o(.text)
    I2C3_ER_IRQHandler                       0x08000207   Thumb Code     0  startup_stm32g431xx.o(.text)
    I2C3_EV_IRQHandler                       0x08000207   Thumb Code     0  startup_stm32g431xx.o(.text)
    LPTIM1_IRQHandler                        0x08000207   Thumb Code     0  startup_stm32g431xx.o(.text)
    LPUART1_IRQHandler                       0x08000207   Thumb Code     0  startup_stm32g431xx.o(.text)
    PVD_PVM_IRQHandler                       0x08000207   Thumb Code     0  startup_stm32g431xx.o(.text)
    RCC_IRQHandler                           0x08000207   Thumb Code     0  startup_stm32g431xx.o(.text)
    RNG_IRQHandler                           0x08000207   Thumb Code     0  startup_stm32g431xx.o(.text)
    RTC_Alarm_IRQHandler                     0x08000207   Thumb Code     0  startup_stm32g431xx.o(.text)
    RTC_TAMP_LSECSS_IRQHandler               0x08000207   Thumb Code     0  startup_stm32g431xx.o(.text)
    RTC_WKUP_IRQHandler                      0x08000207   Thumb Code     0  startup_stm32g431xx.o(.text)
    SAI1_IRQHandler                          0x08000207   Thumb Code     0  startup_stm32g431xx.o(.text)
    SPI1_IRQHandler                          0x08000207   Thumb Code     0  startup_stm32g431xx.o(.text)
    SPI2_IRQHandler                          0x08000207   Thumb Code     0  startup_stm32g431xx.o(.text)
    SPI3_IRQHandler                          0x08000207   Thumb Code     0  startup_stm32g431xx.o(.text)
    TIM1_BRK_TIM15_IRQHandler                0x08000207   Thumb Code     0  startup_stm32g431xx.o(.text)
    TIM1_CC_IRQHandler                       0x08000207   Thumb Code     0  startup_stm32g431xx.o(.text)
    TIM1_TRG_COM_TIM17_IRQHandler            0x08000207   Thumb Code     0  startup_stm32g431xx.o(.text)
    TIM2_IRQHandler                          0x08000207   Thumb Code     0  startup_stm32g431xx.o(.text)
    TIM3_IRQHandler                          0x08000207   Thumb Code     0  startup_stm32g431xx.o(.text)
    TIM4_IRQHandler                          0x08000207   Thumb Code     0  startup_stm32g431xx.o(.text)
    TIM6_DAC_IRQHandler                      0x08000207   Thumb Code     0  startup_stm32g431xx.o(.text)
    TIM7_IRQHandler                          0x08000207   Thumb Code     0  startup_stm32g431xx.o(.text)
    TIM8_BRK_IRQHandler                      0x08000207   Thumb Code     0  startup_stm32g431xx.o(.text)
    TIM8_CC_IRQHandler                       0x08000207   Thumb Code     0  startup_stm32g431xx.o(.text)
    TIM8_TRG_COM_IRQHandler                  0x08000207   Thumb Code     0  startup_stm32g431xx.o(.text)
    TIM8_UP_IRQHandler                       0x08000207   Thumb Code     0  startup_stm32g431xx.o(.text)
    UART4_IRQHandler                         0x08000207   Thumb Code     0  startup_stm32g431xx.o(.text)
    UCPD1_IRQHandler                         0x08000207   Thumb Code     0  startup_stm32g431xx.o(.text)
    USART2_IRQHandler                        0x08000207   Thumb Code     0  startup_stm32g431xx.o(.text)
    USART3_IRQHandler                        0x08000207   Thumb Code     0  startup_stm32g431xx.o(.text)
    USBWakeUp_IRQHandler                     0x08000207   Thumb Code     0  startup_stm32g431xx.o(.text)
    USB_HP_IRQHandler                        0x08000207   Thumb Code     0  startup_stm32g431xx.o(.text)
    USB_LP_IRQHandler                        0x08000207   Thumb Code     0  startup_stm32g431xx.o(.text)
    WWDG_IRQHandler                          0x08000207   Thumb Code     0  startup_stm32g431xx.o(.text)
    __aeabi_uldivmod                         0x08000211   Thumb Code    98  uldiv.o(.text)
    __aeabi_memcpy                           0x08000273   Thumb Code    36  memcpya.o(.text)
    __aeabi_memcpy4                          0x08000273   Thumb Code     0  memcpya.o(.text)
    __aeabi_memcpy8                          0x08000273   Thumb Code     0  memcpya.o(.text)
    __aeabi_memset                           0x08000297   Thumb Code    14  memseta.o(.text)
    __aeabi_memset4                          0x08000297   Thumb Code     0  memseta.o(.text)
    __aeabi_memset8                          0x08000297   Thumb Code     0  memseta.o(.text)
    __aeabi_memclr                           0x080002a5   Thumb Code     4  memseta.o(.text)
    __aeabi_memclr4                          0x080002a5   Thumb Code     0  memseta.o(.text)
    __aeabi_memclr8                          0x080002a5   Thumb Code     0  memseta.o(.text)
    _memset$wrapper                          0x080002a9   Thumb Code    18  memseta.o(.text)
    __aeabi_dadd                             0x080002bb   Thumb Code   322  dadd.o(.text)
    __aeabi_dsub                             0x080003fd   Thumb Code     6  dadd.o(.text)
    __aeabi_drsub                            0x08000403   Thumb Code     6  dadd.o(.text)
    __aeabi_dmul                             0x08000409   Thumb Code   228  dmul.o(.text)
    __aeabi_i2d                              0x080004ed   Thumb Code    34  dflti.o(.text)
    __aeabi_ui2d                             0x0800050f   Thumb Code    26  dfltui.o(.text)
    __aeabi_f2d                              0x08000529   Thumb Code    38  f2d.o(.text)
    __aeabi_d2f                              0x0800054f   Thumb Code    56  d2f.o(.text)
    __aeabi_uidiv                            0x08000587   Thumb Code     0  uidiv.o(.text)
    __aeabi_uidivmod                         0x08000587   Thumb Code    44  uidiv.o(.text)
    __aeabi_llsl                             0x080005b3   Thumb Code    30  llshl.o(.text)
    _ll_shift_l                              0x080005b3   Thumb Code     0  llshl.o(.text)
    __aeabi_llsr                             0x080005d1   Thumb Code    32  llushr.o(.text)
    _ll_ushift_r                             0x080005d1   Thumb Code     0  llushr.o(.text)
    __aeabi_lasr                             0x080005f1   Thumb Code    36  llsshr.o(.text)
    _ll_sshift_r                             0x080005f1   Thumb Code     0  llsshr.o(.text)
    __I$use$fp                               0x08000615   Thumb Code     0  iusefp.o(.text)
    _float_round                             0x08000615   Thumb Code    18  fepilogue.o(.text)
    _float_epilogue                          0x08000627   Thumb Code    92  fepilogue.o(.text)
    _double_round                            0x08000683   Thumb Code    30  depilogue.o(.text)
    _double_epilogue                         0x080006a1   Thumb Code   156  depilogue.o(.text)
    __aeabi_ddiv                             0x0800073d   Thumb Code   222  ddiv.o(.text)
    __ARM_scalbn                             0x0800081b   Thumb Code    46  dscalb.o(.text)
    scalbn                                   0x0800081b   Thumb Code     0  dscalb.o(.text)
    __aeabi_d2ulz                            0x08000849   Thumb Code    48  dfixul.o(.text)
    __aeabi_cdrcmple                         0x08000879   Thumb Code    48  cdrcmple.o(.text)
    __ARM_fcmp4                              0x080008a9   Thumb Code    54  fcmp4.o(.text)
    _fcmp4                                   0x080008a9   Thumb Code     0  fcmp4.o(.text)
    __fp_status                              0x080008df   Thumb Code     4  fpstat.o(.text)
    __ieee_status                            0x080008df   Thumb Code     0  fpstat.o(.text)
    __scatterload                            0x080008e5   Thumb Code    28  init.o(.text)
    __scatterload_rt2                        0x080008e5   Thumb Code     0  init.o(.text)
    _dsqrt                                   0x08000909   Thumb Code   162  dsqrt.o(.text)
    ANO_Send_Attitude                        0x08000a21   Thumb Code   104  anony_protocol.o(i.ANO_Send_Attitude)
    ANO_Send_UserData                        0x08000a8d   Thumb Code   142  anony_protocol.o(i.ANO_Send_UserData)
    BMP580_Init                              0x08000b21   Thumb Code   176  bmp5_port.o(i.BMP580_Init)
    BMP580_ReadData                          0x08000cd5   Thumb Code    52  bmp5_port.o(i.BMP580_ReadData)
    BusFault_Handler                         0x08000d11   Thumb Code     2  stm32g4xx_it.o(i.BusFault_Handler)
    DMA1_Channel1_IRQHandler                 0x08000d15   Thumb Code     6  stm32g4xx_it.o(i.DMA1_Channel1_IRQHandler)
    DMA1_Channel2_IRQHandler                 0x08000d21   Thumb Code     6  stm32g4xx_it.o(i.DMA1_Channel2_IRQHandler)
    DMA1_Channel3_IRQHandler                 0x08000d2d   Thumb Code     6  stm32g4xx_it.o(i.DMA1_Channel3_IRQHandler)
    DWT_Delay_Init                           0x08000ddd   Thumb Code    38  delay.o(i.DWT_Delay_Init)
    DebugMon_Handler                         0x08000e0d   Thumb Code     2  stm32g4xx_it.o(i.DebugMon_Handler)
    Error_Handler                            0x08000e0f   Thumb Code     4  main.o(i.Error_Handler)
    HAL_DMA_Abort                            0x08000e13   Thumb Code   106  stm32g4xx_hal_dma.o(i.HAL_DMA_Abort)
    HAL_DMA_Abort_IT                         0x08000e7d   Thumb Code   120  stm32g4xx_hal_dma.o(i.HAL_DMA_Abort_IT)
    HAL_DMA_IRQHandler                       0x08000ef5   Thumb Code   186  stm32g4xx_hal_dma.o(i.HAL_DMA_IRQHandler)
    HAL_DMA_Init                             0x08000fb1   Thumb Code   178  stm32g4xx_hal_dma.o(i.HAL_DMA_Init)
    HAL_DMA_Start_IT                         0x08001071   Thumb Code   140  stm32g4xx_hal_dma.o(i.HAL_DMA_Start_IT)
    HAL_Delay                                0x080010fd   Thumb Code    32  stm32g4xx_hal.o(i.HAL_Delay)
    HAL_GPIO_Init                            0x08001121   Thumb Code   550  stm32g4xx_hal_gpio.o(i.HAL_GPIO_Init)
    HAL_GPIO_ReadPin                         0x08001369   Thumb Code    10  stm32g4xx_hal_gpio.o(i.HAL_GPIO_ReadPin)
    HAL_GPIO_TogglePin                       0x08001373   Thumb Code    16  stm32g4xx_hal_gpio.o(i.HAL_GPIO_TogglePin)
    HAL_GPIO_WritePin                        0x08001383   Thumb Code    10  stm32g4xx_hal_gpio.o(i.HAL_GPIO_WritePin)
    HAL_GetTick                              0x0800138d   Thumb Code     6  stm32g4xx_hal.o(i.HAL_GetTick)
    HAL_IncTick                              0x08001399   Thumb Code    12  stm32g4xx_hal.o(i.HAL_IncTick)
    HAL_Init                                 0x080013a9   Thumb Code    30  stm32g4xx_hal.o(i.HAL_Init)
    HAL_InitTick                             0x080013c9   Thumb Code    58  stm32g4xx_hal.o(i.HAL_InitTick)
    HAL_MspInit                              0x0800140d   Thumb Code    42  stm32g4xx_hal_msp.o(i.HAL_MspInit)
    HAL_NVIC_EnableIRQ                       0x0800143d   Thumb Code    26  stm32g4xx_hal_cortex.o(i.HAL_NVIC_EnableIRQ)
    HAL_NVIC_SetPriority                     0x08001459   Thumb Code    60  stm32g4xx_hal_cortex.o(i.HAL_NVIC_SetPriority)
    HAL_NVIC_SetPriorityGrouping             0x08001499   Thumb Code    26  stm32g4xx_hal_cortex.o(i.HAL_NVIC_SetPriorityGrouping)
    HAL_PWREx_ControlVoltageScaling          0x080014bd   Thumb Code   174  stm32g4xx_hal_pwr_ex.o(i.HAL_PWREx_ControlVoltageScaling)
    HAL_PWREx_DisableUCPDDeadBattery         0x08001579   Thumb Code    12  stm32g4xx_hal_pwr_ex.o(i.HAL_PWREx_DisableUCPDDeadBattery)
    HAL_RCCEx_PeriphCLKConfig                0x08001589   Thumb Code   638  stm32g4xx_hal_rcc_ex.o(i.HAL_RCCEx_PeriphCLKConfig)
    HAL_RCC_ClockConfig                      0x08001811   Thumb Code   444  stm32g4xx_hal_rcc.o(i.HAL_RCC_ClockConfig)
    HAL_RCC_GetPCLK1Freq                     0x080019ed   Thumb Code    24  stm32g4xx_hal_rcc.o(i.HAL_RCC_GetPCLK1Freq)
    HAL_RCC_GetPCLK2Freq                     0x08001a11   Thumb Code    24  stm32g4xx_hal_rcc.o(i.HAL_RCC_GetPCLK2Freq)
    HAL_RCC_GetSysClockFreq                  0x08001a35   Thumb Code    98  stm32g4xx_hal_rcc.o(i.HAL_RCC_GetSysClockFreq)
    HAL_RCC_OscConfig                        0x08001aa1   Thumb Code  1028  stm32g4xx_hal_rcc.o(i.HAL_RCC_OscConfig)
    HAL_SYSTICK_Config                       0x08001ea5   Thumb Code    40  stm32g4xx_hal_cortex.o(i.HAL_SYSTICK_Config)
    HAL_TIMEx_Break2Callback                 0x08001ecd   Thumb Code     2  stm32g4xx_hal_tim_ex.o(i.HAL_TIMEx_Break2Callback)
    HAL_TIMEx_BreakCallback                  0x08001ecf   Thumb Code     2  stm32g4xx_hal_tim_ex.o(i.HAL_TIMEx_BreakCallback)
    HAL_TIMEx_CommutCallback                 0x08001ed1   Thumb Code     2  stm32g4xx_hal_tim_ex.o(i.HAL_TIMEx_CommutCallback)
    HAL_TIMEx_DirectionChangeCallback        0x08001ed3   Thumb Code     2  stm32g4xx_hal_tim_ex.o(i.HAL_TIMEx_DirectionChangeCallback)
    HAL_TIMEx_EncoderIndexCallback           0x08001ed5   Thumb Code     2  stm32g4xx_hal_tim_ex.o(i.HAL_TIMEx_EncoderIndexCallback)
    HAL_TIMEx_IndexErrorCallback             0x08001ed7   Thumb Code     2  stm32g4xx_hal_tim_ex.o(i.HAL_TIMEx_IndexErrorCallback)
    HAL_TIMEx_MasterConfigSynchronization    0x08001ed9   Thumb Code   132  stm32g4xx_hal_tim_ex.o(i.HAL_TIMEx_MasterConfigSynchronization)
    HAL_TIMEx_TransitionErrorCallback        0x08001f75   Thumb Code     2  stm32g4xx_hal_tim_ex.o(i.HAL_TIMEx_TransitionErrorCallback)
    HAL_TIM_Base_Init                        0x08001f77   Thumb Code    98  stm32g4xx_hal_tim.o(i.HAL_TIM_Base_Init)
    HAL_TIM_Base_MspInit                     0x08001fd9   Thumb Code   102  tim.o(i.HAL_TIM_Base_MspInit)
    HAL_TIM_ConfigClockSource                0x08002051   Thumb Code   246  stm32g4xx_hal_tim.o(i.HAL_TIM_ConfigClockSource)
    HAL_TIM_IC_CaptureCallback               0x08002151   Thumb Code     2  stm32g4xx_hal_tim.o(i.HAL_TIM_IC_CaptureCallback)
    HAL_TIM_IRQHandler                       0x08002153   Thumb Code   418  stm32g4xx_hal_tim.o(i.HAL_TIM_IRQHandler)
    HAL_TIM_OC_DelayElapsedCallback          0x080022f5   Thumb Code     2  stm32g4xx_hal_tim.o(i.HAL_TIM_OC_DelayElapsedCallback)
    HAL_TIM_PWM_PulseFinishedCallback        0x080022f7   Thumb Code     2  stm32g4xx_hal_tim.o(i.HAL_TIM_PWM_PulseFinishedCallback)
    HAL_TIM_PeriodElapsedCallback            0x080022f9   Thumb Code     2  stm32g4xx_hal_tim.o(i.HAL_TIM_PeriodElapsedCallback)
    HAL_TIM_TriggerCallback                  0x080022fb   Thumb Code     2  stm32g4xx_hal_tim.o(i.HAL_TIM_TriggerCallback)
    HAL_UARTEx_DisableFifoMode               0x080022fd   Thumb Code    62  stm32g4xx_hal_uart_ex.o(i.HAL_UARTEx_DisableFifoMode)
    HAL_UARTEx_RxEventCallback               0x0800233b   Thumb Code     2  stm32g4xx_hal_uart.o(i.HAL_UARTEx_RxEventCallback)
    HAL_UARTEx_RxFifoFullCallback            0x0800233d   Thumb Code     2  stm32g4xx_hal_uart_ex.o(i.HAL_UARTEx_RxFifoFullCallback)
    HAL_UARTEx_SetRxFifoThreshold            0x0800233f   Thumb Code    76  stm32g4xx_hal_uart_ex.o(i.HAL_UARTEx_SetRxFifoThreshold)
    HAL_UARTEx_SetTxFifoThreshold            0x0800238b   Thumb Code    76  stm32g4xx_hal_uart_ex.o(i.HAL_UARTEx_SetTxFifoThreshold)
    HAL_UARTEx_TxFifoEmptyCallback           0x080023d7   Thumb Code     2  stm32g4xx_hal_uart_ex.o(i.HAL_UARTEx_TxFifoEmptyCallback)
    HAL_UARTEx_WakeupCallback                0x080023d9   Thumb Code     2  stm32g4xx_hal_uart_ex.o(i.HAL_UARTEx_WakeupCallback)
    HAL_UART_ErrorCallback                   0x080023db   Thumb Code     2  stm32g4xx_hal_uart.o(i.HAL_UART_ErrorCallback)
    HAL_UART_IRQHandler                      0x080023dd   Thumb Code   782  stm32g4xx_hal_uart.o(i.HAL_UART_IRQHandler)
    HAL_UART_Init                            0x080026f9   Thumb Code   106  stm32g4xx_hal_uart.o(i.HAL_UART_Init)
    HAL_UART_MspInit                         0x08002765   Thumb Code   234  usart.o(i.HAL_UART_MspInit)
    HAL_UART_Receive_DMA                     0x08002861   Thumb Code    66  stm32g4xx_hal_uart.o(i.HAL_UART_Receive_DMA)
    HAL_UART_RxCpltCallback                  0x080028a9   Thumb Code     2  stm32g4xx_hal_uart.o(i.HAL_UART_RxCpltCallback)
    HAL_UART_RxHalfCpltCallback              0x080028ab   Thumb Code     2  stm32g4xx_hal_uart.o(i.HAL_UART_RxHalfCpltCallback)
    HAL_UART_Transmit                        0x080028ad   Thumb Code   174  stm32g4xx_hal_uart.o(i.HAL_UART_Transmit)
    HAL_UART_Transmit_DMA                    0x0800295d   Thumb Code   132  stm32g4xx_hal_uart.o(i.HAL_UART_Transmit_DMA)
    HAL_UART_TxCpltCallback                  0x080029ed   Thumb Code    30  usart_printf.o(i.HAL_UART_TxCpltCallback)
    HAL_UART_TxHalfCpltCallback              0x08002a11   Thumb Code     2  stm32g4xx_hal_uart.o(i.HAL_UART_TxHalfCpltCallback)
    HardFault_Handler                        0x08002a13   Thumb Code     2  stm32g4xx_it.o(i.HardFault_Handler)
    I2C2_Ack                                 0x08002a15   Thumb Code    80  bmp580_i2c.o(i.I2C2_Ack)
    I2C2_Init                                0x08002a69   Thumb Code   114  bmp580_i2c.o(i.I2C2_Init)
    I2C2_NAck                                0x08002ae5   Thumb Code    78  bmp580_i2c.o(i.I2C2_NAck)
    I2C2_Read_Byte                           0x08002b39   Thumb Code   106  bmp580_i2c.o(i.I2C2_Read_Byte)
    I2C2_Read_nByte                          0x08002ba9   Thumb Code   108  bmp580_i2c.o(i.I2C2_Read_nByte)
    I2C2_Send_Byte                           0x08002c15   Thumb Code   116  bmp580_i2c.o(i.I2C2_Send_Byte)
    I2C2_Start                               0x08002c8d   Thumb Code    82  bmp580_i2c.o(i.I2C2_Start)
    I2C2_Stop                                0x08002ce5   Thumb Code    84  bmp580_i2c.o(i.I2C2_Stop)
    I2C2_Wait_Ack                            0x08002d3d   Thumb Code   100  bmp580_i2c.o(i.I2C2_Wait_Ack)
    I2C2_Write_nByte                         0x08002da5   Thumb Code    74  bmp580_i2c.o(i.I2C2_Write_nByte)
    IIC_Ack                                  0x08002df1   Thumb Code    60  myiic.o(i.IIC_Ack)
    IIC_Init                                 0x08002e31   Thumb Code    92  myiic.o(i.IIC_Init)
    IIC_NAck                                 0x08002e95   Thumb Code    60  myiic.o(i.IIC_NAck)
    IIC_Read_Byte                            0x08002ed5   Thumb Code    92  myiic.o(i.IIC_Read_Byte)
    IIC_Read_nByte                           0x08002f35   Thumb Code   108  myiic.o(i.IIC_Read_nByte)
    IIC_Send_Byte                            0x08002fa1   Thumb Code    88  myiic.o(i.IIC_Send_Byte)
    IIC_Start                                0x08002ffd   Thumb Code    60  myiic.o(i.IIC_Start)
    IIC_Stop                                 0x0800303d   Thumb Code    60  myiic.o(i.IIC_Stop)
    IIC_Wait_Ack                             0x0800307d   Thumb Code    80  myiic.o(i.IIC_Wait_Ack)
    IIC_Write_nByte                          0x080030d1   Thumb Code    70  myiic.o(i.IIC_Write_nByte)
    IMU_Init                                 0x08003119   Thumb Code   222  bmi270_bmm350.o(i.IMU_Init)
    IMU_ReadData                             0x080033a9   Thumb Code   322  bmi270_bmm350.o(i.IMU_ReadData)
    MX_DMA_Init                              0x080034fd   Thumb Code    88  dma.o(i.MX_DMA_Init)
    MX_GPIO_Init                             0x08003559   Thumb Code   120  gpio.o(i.MX_GPIO_Init)
    MX_TIM1_Init                             0x080035d9   Thumb Code   102  tim.o(i.MX_TIM1_Init)
    MX_USART1_UART_Init                      0x08003649   Thumb Code    94  usart.o(i.MX_USART1_UART_Init)
    MemManage_Handler                        0x080036b1   Thumb Code     2  stm32g4xx_it.o(i.MemManage_Handler)
    NMI_Handler                              0x080036b3   Thumb Code     2  stm32g4xx_it.o(i.NMI_Handler)
    PendSV_Handler                           0x080036b5   Thumb Code     2  stm32g4xx_it.o(i.PendSV_Handler)
    SVC_Handler                              0x080036b7   Thumb Code     2  stm32g4xx_it.o(i.SVC_Handler)
    Set_SCL                                  0x080036b9   Thumb Code    18  myiic.o(i.Set_SCL)
    Set_SDA                                  0x080036cd   Thumb Code    16  myiic.o(i.Set_SDA)
    SysTick_Handler                          0x080036e1   Thumb Code     4  stm32g4xx_it.o(i.SysTick_Handler)
    SystemClock_Config                       0x080036e5   Thumb Code   104  main.o(i.SystemClock_Config)
    SystemInit                               0x0800374d   Thumb Code    12  system_stm32g4xx.o(i.SystemInit)
    TIM1_UP_TIM16_IRQHandler                 0x0800375d   Thumb Code     6  stm32g4xx_it.o(i.TIM1_UP_TIM16_IRQHandler)
    TIM_Base_SetConfig                       0x08003769   Thumb Code   160  stm32g4xx_hal_tim.o(i.TIM_Base_SetConfig)
    TIM_ETR_SetConfig                        0x08003825   Thumb Code    20  stm32g4xx_hal_tim.o(i.TIM_ETR_SetConfig)
    UART1_IDLE_Callback                      0x08003895   Thumb Code    32  main.o(i.UART1_IDLE_Callback)
    UART_AdvFeatureConfig                    0x08003901   Thumb Code   200  stm32g4xx_hal_uart.o(i.UART_AdvFeatureConfig)
    UART_CheckIdleState                      0x080039c9   Thumb Code   172  stm32g4xx_hal_uart.o(i.UART_CheckIdleState)
    UART_SetConfig                           0x08003c51   Thumb Code   582  stm32g4xx_hal_uart.o(i.UART_SetConfig)
    UART_Start_Receive_DMA                   0x08003ec5   Thumb Code   156  stm32g4xx_hal_uart.o(i.UART_Start_Receive_DMA)
    UART_WaitOnFlagUntilTimeout              0x08003f6d   Thumb Code   148  stm32g4xx_hal_uart.o(i.UART_WaitOnFlagUntilTimeout)
    USART1_IRQHandler                        0x08004001   Thumb Code    48  stm32g4xx_it.o(i.USART1_IRQHandler)
    UsageFault_Handler                       0x08004035   Thumb Code     2  stm32g4xx_it.o(i.UsageFault_Handler)
    __0printf                                0x08004039   Thumb Code    22  printfa.o(i.__0printf)
    __1printf                                0x08004039   Thumb Code     0  printfa.o(i.__0printf)
    __2printf                                0x08004039   Thumb Code     0  printfa.o(i.__0printf)
    __c89printf                              0x08004039   Thumb Code     0  printfa.o(i.__0printf)
    printf                                   0x08004039   Thumb Code     0  printfa.o(i.__0printf)
    __0sprintf                               0x08004059   Thumb Code    34  printfa.o(i.__0sprintf)
    __1sprintf                               0x08004059   Thumb Code     0  printfa.o(i.__0sprintf)
    __2sprintf                               0x08004059   Thumb Code     0  printfa.o(i.__0sprintf)
    __c89sprintf                             0x08004059   Thumb Code     0  printfa.o(i.__0sprintf)
    sprintf                                  0x08004059   Thumb Code     0  printfa.o(i.__0sprintf)
    __ARM_fpclassify                         0x08004081   Thumb Code    48  fpclassify.o(i.__ARM_fpclassify)
    __ARM_fpclassifyf                        0x080040b1   Thumb Code    38  fpclassifyf.o(i.__ARM_fpclassifyf)
    __hardfp_asinf                           0x080040f9   Thumb Code   258  asinf.o(i.__hardfp_asinf)
    __hardfp_atan2f                          0x08004225   Thumb Code   502  atan2f.o(i.__hardfp_atan2f)
    __hardfp_cosf                            0x08004475   Thumb Code   280  cosf.o(i.__hardfp_cosf)
    __hardfp_fminf                           0x080045c5   Thumb Code    72  fminf.o(i.__hardfp_fminf)
    __hardfp_pow                             0x08004611   Thumb Code  3072  pow.o(i.__hardfp_pow)
    __hardfp_powf                            0x08005261   Thumb Code  1606  powf.o(i.__hardfp_powf)
    __mathlib_powf                           0x08005261   Thumb Code     0  powf.o(i.__hardfp_powf)
    __hardfp_sinf                            0x080058c5   Thumb Code   344  sinf.o(i.__hardfp_sinf)
    __hardfp_sqrtf                           0x08005a55   Thumb Code    58  sqrtf.o(i.__hardfp_sqrtf)
    __kernel_poly                            0x08005a8f   Thumb Code   248  poly.o(i.__kernel_poly)
    __mathlib_dbl_divzero                    0x08005b89   Thumb Code    28  dunder.o(i.__mathlib_dbl_divzero)
    __mathlib_dbl_infnan2                    0x08005bb9   Thumb Code    20  dunder.o(i.__mathlib_dbl_infnan2)
    __mathlib_dbl_invalid                    0x08005bd1   Thumb Code    24  dunder.o(i.__mathlib_dbl_invalid)
    __mathlib_dbl_overflow                   0x08005bf1   Thumb Code    24  dunder.o(i.__mathlib_dbl_overflow)
    __mathlib_dbl_underflow                  0x08005c11   Thumb Code    24  dunder.o(i.__mathlib_dbl_underflow)
    __mathlib_flt_divzero                    0x08005c31   Thumb Code    14  funder.o(i.__mathlib_flt_divzero)
    __mathlib_flt_infnan                     0x08005c45   Thumb Code     6  funder.o(i.__mathlib_flt_infnan)
    __mathlib_flt_infnan2                    0x08005c4b   Thumb Code     6  funder.o(i.__mathlib_flt_infnan2)
    __mathlib_flt_invalid                    0x08005c51   Thumb Code    10  funder.o(i.__mathlib_flt_invalid)
    __mathlib_flt_overflow                   0x08005c61   Thumb Code    10  funder.o(i.__mathlib_flt_overflow)
    __mathlib_flt_underflow                  0x08005c71   Thumb Code    10  funder.o(i.__mathlib_flt_underflow)
    __mathlib_rredf2                         0x08005c81   Thumb Code   316  rredf.o(i.__mathlib_rredf2)
    __scatterload_copy                       0x08005dd5   Thumb Code    14  handlers.o(i.__scatterload_copy)
    __scatterload_null                       0x08005de3   Thumb Code     2  handlers.o(i.__scatterload_null)
    __scatterload_zeroinit                   0x08005de5   Thumb Code    14  handlers.o(i.__scatterload_zeroinit)
    __set_errno                              0x08005df5   Thumb Code     6  errno.o(i.__set_errno)
    bmi270_init                              0x080066bd   Thumb Code   102  bmi270.o(i.bmi270_init)
    bmi2_delay_us                            0x0800695d   Thumb Code     4  common.o(i.bmi2_delay_us)
    bmi2_error_codes_print_result            0x08006961   Thumb Code   254  common.o(i.bmi2_error_codes_print_result)
    bmi2_extract_input_feat_config           0x08006b3d   Thumb Code    54  bmi2.o(i.bmi2_extract_input_feat_config)
    bmi2_get_feat_config                     0x08006b73   Thumb Code   160  bmi2.o(i.bmi2_get_feat_config)
    bmi2_get_feature_data                    0x08006c13   Thumb Code   132  bmi2.o(i.bmi2_get_feature_data)
    bmi2_get_gyro_cross_sense                0x08006c97   Thumb Code    64  bmi2.o(i.bmi2_get_gyro_cross_sense)
    bmi2_get_internal_status                 0x08006cd7   Thumb Code    48  bmi2.o(i.bmi2_get_internal_status)
    bmi2_get_regs                            0x08006d07   Thumb Code   126  bmi2.o(i.bmi2_get_regs)
    bmi2_get_sensor_config                   0x08006d85   Thumb Code   276  bmi2.o(i.bmi2_get_sensor_config)
    bmi2_get_sensor_data                     0x08006e99   Thumb Code    46  bmi2.o(i.bmi2_get_sensor_data)
    bmi2_get_status                          0x08006ec7   Thumb Code    38  bmi2.o(i.bmi2_get_status)
    bmi2_i2c_read                            0x08006eed   Thumb Code    34  common.o(i.bmi2_i2c_read)
    bmi2_i2c_write                           0x08006f0f   Thumb Code    34  common.o(i.bmi2_i2c_write)
    bmi2_interface_init                      0x08006f31   Thumb Code   102  common.o(i.bmi2_interface_init)
    bmi2_map_data_int                        0x08006fc9   Thumb Code   118  bmi2.o(i.bmi2_map_data_int)
    bmi2_parse_sensor_data                   0x0800703f   Thumb Code   126  bmi2.o(i.bmi2_parse_sensor_data)
    bmi2_read_aux_man_mode                   0x080070bd   Thumb Code   124  bmi2.o(i.bmi2_read_aux_man_mode)
    bmi2_sec_init                            0x08007139   Thumb Code   114  bmi2.o(i.bmi2_sec_init)
    bmi2_sensor_disable                      0x080071b1   Thumb Code    56  bmi2.o(i.bmi2_sensor_disable)
    bmi2_sensor_enable                       0x080071e9   Thumb Code    56  bmi2.o(i.bmi2_sensor_enable)
    bmi2_set_adv_power_save                  0x08007221   Thumb Code    84  bmi2.o(i.bmi2_set_adv_power_save)
    bmi2_set_regs                            0x08007275   Thumb Code   156  bmi2.o(i.bmi2_set_regs)
    bmi2_set_sensor_config                   0x08007311   Thumb Code   166  bmi2.o(i.bmi2_set_sensor_config)
    bmi2_soft_reset                          0x080073b7   Thumb Code    96  bmi2.o(i.bmi2_soft_reset)
    bmi2_write_aux_man_mode                  0x08007417   Thumb Code   158  bmi2.o(i.bmi2_write_aux_man_mode)
    bmi2_write_config_file                   0x080074b5   Thumb Code    96  bmi2.o(i.bmi2_write_config_file)
    bmm350_delay_us                          0x08007515   Thumb Code    28  bmm350.o(i.bmm350_delay_us)
    bmm350_enable_axes                       0x08007531   Thumb Code    76  bmm350.o(i.bmm350_enable_axes)
    bmm350_error_codes_print_result          0x0800757d   Thumb Code    98  bmi270_bmm350.o(i.bmm350_error_codes_print_result)
    bmm350_get_compensated_mag_xyz_temp_data 0x08007695   Thumb Code   470  bmm350.o(i.bmm350_get_compensated_mag_xyz_temp_data)
    bmm350_get_pmu_cmd_status_0              0x08007871   Thumb Code    74  bmm350.o(i.bmm350_get_pmu_cmd_status_0)
    bmm350_get_regs                          0x080078bb   Thumb Code    94  bmm350.o(i.bmm350_get_regs)
    bmm350_init                              0x08007919   Thumb Code   192  bmm350.o(i.bmm350_init)
    bmm350_magnetic_reset_and_wait           0x080079d9   Thumb Code   212  bmm350.o(i.bmm350_magnetic_reset_and_wait)
    bmm350_read_uncomp_mag_temp_data         0x08007aad   Thumb Code   202  bmm350.o(i.bmm350_read_uncomp_mag_temp_data)
    bmm350_set_odr_performance               0x08007b77   Thumb Code   120  bmm350.o(i.bmm350_set_odr_performance)
    bmm350_set_powermode                     0x08007bef   Thumb Code   100  bmm350.o(i.bmm350_set_powermode)
    bmm350_set_regs                          0x08007c53   Thumb Code    58  bmm350.o(i.bmm350_set_regs)
    bmp5_get_iir_config                      0x08007cc5   Thumb Code    68  bmp5.o(i.bmp5_get_iir_config)
    bmp5_get_interrupt_status                0x08007d09   Thumb Code    20  bmp5.o(i.bmp5_get_interrupt_status)
    bmp5_get_osr_odr_press_config            0x08007d1d   Thumb Code    70  bmp5.o(i.bmp5_get_osr_odr_press_config)
    bmp5_get_power_mode                      0x08007d63   Thumb Code   168  bmp5.o(i.bmp5_get_power_mode)
    bmp5_get_regs                            0x08007e0b   Thumb Code    64  bmp5.o(i.bmp5_get_regs)
    bmp5_get_sensor_data                     0x08007e4d   Thumb Code   106  bmp5.o(i.bmp5_get_sensor_data)
    bmp5_init                                0x08007ecd   Thumb Code   132  bmp5.o(i.bmp5_init)
    bmp5_set_osr_odr_press_config            0x08007f51   Thumb Code   110  bmp5.o(i.bmp5_set_osr_odr_press_config)
    bmp5_set_power_mode                      0x08007fbf   Thumb Code    86  bmp5.o(i.bmp5_set_power_mode)
    bmp5_set_regs                            0x08008015   Thumb Code   108  bmp5.o(i.bmp5_set_regs)
    bmp5_soft_reset                          0x08008081   Thumb Code    58  bmp5.o(i.bmp5_soft_reset)
    calib_get_accel_offset                   0x080080ed   Thumb Code    32  sensor_calibration.o(i.calib_get_accel_offset)
    calib_get_accel_scale                    0x08008111   Thumb Code    32  sensor_calibration.o(i.calib_get_accel_scale)
    calib_get_altitude_offset                0x08008135   Thumb Code     8  sensor_calibration.o(i.calib_get_altitude_offset)
    calib_get_gyro_offset                    0x08008141   Thumb Code    32  sensor_calibration.o(i.calib_get_gyro_offset)
    calib_get_mag_offset                     0x08008165   Thumb Code    32  sensor_calibration.o(i.calib_get_mag_offset)
    calib_get_sea_level_pressure             0x08008189   Thumb Code     8  sensor_calibration.o(i.calib_get_sea_level_pressure)
    delay_ms                                 0x08008755   Thumb Code    22  delay.o(i.delay_ms)
    delay_us                                 0x0800876d   Thumb Code    26  delay.o(i.delay_us)
    fabs                                     0x080087cb   Thumb Code    24  fabs.o(i.fabs)
    fputc                                    0x08008825   Thumb Code   120  usart_printf.o(i.fputc)
    fusion_get_attitude                      0x080088a5   Thumb Code     8  fusion_filter.o(i.fusion_get_attitude)
    fusion_get_debug_info                    0x080088b1   Thumb Code     4  fusion_filter.o(i.fusion_get_debug_info)
    fusion_init                              0x080088b9   Thumb Code   104  fusion_filter.o(i.fusion_init)
    fusion_set_gyro_bias                     0x08008941   Thumb Code    14  fusion_filter.o(i.fusion_set_gyro_bias)
    fusion_set_params                        0x08008955   Thumb Code   152  fusion_filter.o(i.fusion_set_params)
    fusion_update                            0x08008a31   Thumb Code   250  fusion_filter.o(i.fusion_update)
    fusion_use_magnetometer                  0x08008b41   Thumb Code    20  fusion_filter.o(i.fusion_use_magnetometer)
    main                                     0x08008f79   Thumb Code  3252  main.o(i.main)
    perform_gyro_calibration                 0x08009d11   Thumb Code   250  main.o(i.perform_gyro_calibration)
    sensor_get_calibration_status            0x0800a401   Thumb Code   186  sensor_calibration.o(i.sensor_get_calibration_status)
    sensor_has_valid_calibration             0x0800a5b9   Thumb Code    16  sensor_calibration.o(i.sensor_has_valid_calibration)
    sensor_quick_gyro_calibration            0x0800a5c9   Thumb Code   216  sensor_calibration.o(i.sensor_quick_gyro_calibration)
    sensor_simple_calibration                0x0800a779   Thumb Code   686  sensor_calibration.o(i.sensor_simple_calibration)
    sqrt                                     0x0800b195   Thumb Code   110  sqrt.o(i.sqrt)
    sqrtf                                    0x0800b203   Thumb Code    62  sqrtf.o(i.sqrtf)
    usart_printf_init                        0x0800b609   Thumb Code    14  usart_printf.o(i.usart_printf_init)
    UARTPrescTable                           0x0800b6f2   Data          24  stm32g4xx_hal_uart.o(.constdata)
    AHBPrescTable                            0x0800b71a   Data          16  system_stm32g4xx.o(.constdata)
    APBPrescTable                            0x0800b72a   Data           8  system_stm32g4xx.o(.constdata)
    bmi270_config_file                       0x0800b73a   Data        8192  bmi270.o(.constdata)
    bmi270_feat_in                           0x0800d73a   Data          51  bmi270.o(.constdata)
    bmi270_feat_out                          0x0800d76d   Data          21  bmi270.o(.constdata)
    __mathlib_zero                           0x0800da10   Data           8  qnan.o(.constdata)
    Region$$Table$$Base                      0x0800ea84   Number         0  anon$$obj.o(Region$$Table)
    Region$$Table$$Limit                     0x0800eaa4   Number         0  anon$$obj.o(Region$$Table)
    use_magnetometer                         0x20000000   Data           1  main.o(.data)
    calibration_done                         0x20000001   Data           1  main.o(.data)
    baro_alt_filtered                        0x20000008   Data           4  main.o(.data)
    sea_level_pressure                       0x2000000c   Data           4  main.o(.data)
    altitude_offset                          0x20000010   Data           4  main.o(.data)
    calib_accel_scale                        0x2000001c   Data          12  main.o(.data)
    uwTickPrio                               0x20000028   Data           4  stm32g4xx_hal.o(.data)
    uwTickFreq                               0x2000002c   Data           4  stm32g4xx_hal.o(.data)
    uwTick                                   0x20000030   Data           4  stm32g4xx_hal.o(.data)
    SystemCoreClock                          0x20000034   Data           4  system_stm32g4xx.o(.data)
    bmi270_map_int                           0x20000038   Data          16  bmi270.o(.data)
    __stdout                                 0x20000058   Data           4  usart_printf.o(.data)
    accel_filtered                           0x200000ac   Data          12  main.o(.bss)
    gyro_filtered                            0x200000b8   Data          12  main.o(.bss)
    mag_filtered                             0x200000c4   Data          12  main.o(.bss)
    gyro_bias                                0x200000d0   Data          12  main.o(.bss)
    calib_gyro_offset                        0x200000dc   Data          12  main.o(.bss)
    calib_accel_offset                       0x200000e8   Data          12  main.o(.bss)
    calib_mag_offset                         0x200000f4   Data          12  main.o(.bss)
    rx_buf                                   0x20000100   Data          64  main.o(.bss)
    htim1                                    0x20000140   Data          76  tim.o(.bss)
    hdma_tim1_up                             0x2000018c   Data          96  tim.o(.bss)
    huart1                                   0x200001ec   Data         148  usart.o(.bss)
    hdma_usart1_rx                           0x20000280   Data          96  usart.o(.bss)
    hdma_usart1_tx                           0x200002e0   Data          96  usart.o(.bss)
    __initial_sp                             0x20000b90   Data           0  startup_stm32g431xx.o(STACK)



==============================================================================

Memory Map of the image

  Image Entry point : 0x080001d9

  Load Region LR_IROM1 (Base: 0x08000000, Size: 0x0000eb50, Max: 0x00020000, ABSOLUTE)

    Execution Region ER_IROM1 (Exec base: 0x08000000, Load base: 0x08000000, Size: 0x0000eaa4, Max: 0x00020000, ABSOLUTE)

    Exec Addr    Load Addr    Size         Type   Attr      Idx    E Section Name        Object

    0x08000000   0x08000000   0x000001d8   Data   RO            3    RESET               startup_stm32g431xx.o
    0x080001d8   0x080001d8   0x00000000   Code   RO         6392  * .ARM.Collect$$$$00000000  mc_w.l(entry.o)
    0x080001d8   0x080001d8   0x00000004   Code   RO         6732    .ARM.Collect$$$$00000001  mc_w.l(entry2.o)
    0x080001dc   0x080001dc   0x00000004   Code   RO         6735    .ARM.Collect$$$$00000004  mc_w.l(entry5.o)
    0x080001e0   0x080001e0   0x00000000   Code   RO         6737    .ARM.Collect$$$$00000008  mc_w.l(entry7b.o)
    0x080001e0   0x080001e0   0x00000000   Code   RO         6739    .ARM.Collect$$$$0000000A  mc_w.l(entry8b.o)
    0x080001e0   0x080001e0   0x00000008   Code   RO         6740    .ARM.Collect$$$$0000000B  mc_w.l(entry9a.o)
    0x080001e8   0x080001e8   0x00000000   Code   RO         6742    .ARM.Collect$$$$0000000D  mc_w.l(entry10a.o)
    0x080001e8   0x080001e8   0x00000000   Code   RO         6744    .ARM.Collect$$$$0000000F  mc_w.l(entry11a.o)
    0x080001e8   0x080001e8   0x00000004   Code   RO         6733    .ARM.Collect$$$$00002712  mc_w.l(entry2.o)
    0x080001ec   0x080001ec   0x00000024   Code   RO            4    .text               startup_stm32g431xx.o
    0x08000210   0x08000210   0x00000062   Code   RO         6395    .text               mc_w.l(uldiv.o)
    0x08000272   0x08000272   0x00000024   Code   RO         6397    .text               mc_w.l(memcpya.o)
    0x08000296   0x08000296   0x00000024   Code   RO         6399    .text               mc_w.l(memseta.o)
    0x080002ba   0x080002ba   0x0000014e   Code   RO         6664    .text               mf_w.l(dadd.o)
    0x08000408   0x08000408   0x000000e4   Code   RO         6666    .text               mf_w.l(dmul.o)
    0x080004ec   0x080004ec   0x00000022   Code   RO         6668    .text               mf_w.l(dflti.o)
    0x0800050e   0x0800050e   0x0000001a   Code   RO         6670    .text               mf_w.l(dfltui.o)
    0x08000528   0x08000528   0x00000026   Code   RO         6672    .text               mf_w.l(f2d.o)
    0x0800054e   0x0800054e   0x00000038   Code   RO         6674    .text               mf_w.l(d2f.o)
    0x08000586   0x08000586   0x0000002c   Code   RO         6746    .text               mc_w.l(uidiv.o)
    0x080005b2   0x080005b2   0x0000001e   Code   RO         6748    .text               mc_w.l(llshl.o)
    0x080005d0   0x080005d0   0x00000020   Code   RO         6750    .text               mc_w.l(llushr.o)
    0x080005f0   0x080005f0   0x00000024   Code   RO         6752    .text               mc_w.l(llsshr.o)
    0x08000614   0x08000614   0x00000000   Code   RO         6761    .text               mc_w.l(iusefp.o)
    0x08000614   0x08000614   0x0000006e   Code   RO         6762    .text               mf_w.l(fepilogue.o)
    0x08000682   0x08000682   0x000000ba   Code   RO         6764    .text               mf_w.l(depilogue.o)
    0x0800073c   0x0800073c   0x000000de   Code   RO         6766    .text               mf_w.l(ddiv.o)
    0x0800081a   0x0800081a   0x0000002e   Code   RO         6770    .text               mf_w.l(dscalb.o)
    0x08000848   0x08000848   0x00000030   Code   RO         6772    .text               mf_w.l(dfixul.o)
    0x08000878   0x08000878   0x00000030   Code   RO         6774    .text               mf_w.l(cdrcmple.o)
    0x080008a8   0x080008a8   0x00000036   Code   RO         6776    .text               mf_w.l(fcmp4.o)
    0x080008de   0x080008de   0x00000004   Code   RO         6778    .text               mf_w.l(fpstat.o)
    0x080008e2   0x080008e2   0x00000002   PAD
    0x080008e4   0x080008e4   0x00000024   Code   RO         6780    .text               mc_w.l(init.o)
    0x08000908   0x08000908   0x000000a2   Code   RO         6782    .text               mf_w.l(dsqrt.o)
    0x080009aa   0x080009aa   0x00000002   PAD
    0x080009ac   0x080009ac   0x00000074   Code   RO         5243    i.ANO_Build_Frame   anony_protocol.o
    0x08000a20   0x08000a20   0x0000006c   Code   RO         5246    i.ANO_Send_Attitude  anony_protocol.o
    0x08000a8c   0x08000a8c   0x00000094   Code   RO         5253    i.ANO_Send_UserData  anony_protocol.o
    0x08000b20   0x08000b20   0x000001b4   Code   RO         5584    i.BMP580_Init       bmp5_port.o
    0x08000cd4   0x08000cd4   0x0000003c   Code   RO         5585    i.BMP580_ReadData   bmp5_port.o
    0x08000d10   0x08000d10   0x00000002   Code   RO          371    i.BusFault_Handler  stm32g4xx_it.o
    0x08000d12   0x08000d12   0x00000002   PAD
    0x08000d14   0x08000d14   0x0000000c   Code   RO          372    i.DMA1_Channel1_IRQHandler  stm32g4xx_it.o
    0x08000d20   0x08000d20   0x0000000c   Code   RO          373    i.DMA1_Channel2_IRQHandler  stm32g4xx_it.o
    0x08000d2c   0x08000d2c   0x0000000c   Code   RO          374    i.DMA1_Channel3_IRQHandler  stm32g4xx_it.o
    0x08000d38   0x08000d38   0x00000040   Code   RO         2737    i.DMA_CalcDMAMUXChannelBaseAndMask  stm32g4xx_hal_dma.o
    0x08000d78   0x08000d78   0x00000024   Code   RO         2738    i.DMA_CalcDMAMUXRequestGenBaseAndMask  stm32g4xx_hal_dma.o
    0x08000d9c   0x08000d9c   0x0000003e   Code   RO         2739    i.DMA_SetConfig     stm32g4xx_hal_dma.o
    0x08000dda   0x08000dda   0x00000002   PAD
    0x08000ddc   0x08000ddc   0x00000030   Code   RO         5133    i.DWT_Delay_Init    delay.o
    0x08000e0c   0x08000e0c   0x00000002   Code   RO          375    i.DebugMon_Handler  stm32g4xx_it.o
    0x08000e0e   0x08000e0e   0x00000004   Code   RO           13    i.Error_Handler     main.o
    0x08000e12   0x08000e12   0x0000006a   Code   RO         2740    i.HAL_DMA_Abort     stm32g4xx_hal_dma.o
    0x08000e7c   0x08000e7c   0x00000078   Code   RO         2741    i.HAL_DMA_Abort_IT  stm32g4xx_hal_dma.o
    0x08000ef4   0x08000ef4   0x000000ba   Code   RO         2745    i.HAL_DMA_IRQHandler  stm32g4xx_hal_dma.o
    0x08000fae   0x08000fae   0x00000002   PAD
    0x08000fb0   0x08000fb0   0x000000c0   Code   RO         2746    i.HAL_DMA_Init      stm32g4xx_hal_dma.o
    0x08001070   0x08001070   0x0000008c   Code   RO         2750    i.HAL_DMA_Start_IT  stm32g4xx_hal_dma.o
    0x080010fc   0x080010fc   0x00000024   Code   RO         1893    i.HAL_Delay         stm32g4xx_hal.o
    0x08001120   0x08001120   0x00000248   Code   RO         2602    i.HAL_GPIO_Init     stm32g4xx_hal_gpio.o
    0x08001368   0x08001368   0x0000000a   Code   RO         2604    i.HAL_GPIO_ReadPin  stm32g4xx_hal_gpio.o
    0x08001372   0x08001372   0x00000010   Code   RO         2605    i.HAL_GPIO_TogglePin  stm32g4xx_hal_gpio.o
    0x08001382   0x08001382   0x0000000a   Code   RO         2606    i.HAL_GPIO_WritePin  stm32g4xx_hal_gpio.o
    0x0800138c   0x0800138c   0x0000000c   Code   RO         1897    i.HAL_GetTick       stm32g4xx_hal.o
    0x08001398   0x08001398   0x00000010   Code   RO         1903    i.HAL_IncTick       stm32g4xx_hal.o
    0x080013a8   0x080013a8   0x0000001e   Code   RO         1904    i.HAL_Init          stm32g4xx_hal.o
    0x080013c6   0x080013c6   0x00000002   PAD
    0x080013c8   0x080013c8   0x00000044   Code   RO         1905    i.HAL_InitTick      stm32g4xx_hal.o
    0x0800140c   0x0800140c   0x00000030   Code   RO          477    i.HAL_MspInit       stm32g4xx_hal_msp.o
    0x0800143c   0x0800143c   0x0000001a   Code   RO         3011    i.HAL_NVIC_EnableIRQ  stm32g4xx_hal_cortex.o
    0x08001456   0x08001456   0x00000002   PAD
    0x08001458   0x08001458   0x00000040   Code   RO         3017    i.HAL_NVIC_SetPriority  stm32g4xx_hal_cortex.o
    0x08001498   0x08001498   0x00000024   Code   RO         3018    i.HAL_NVIC_SetPriorityGrouping  stm32g4xx_hal_cortex.o
    0x080014bc   0x080014bc   0x000000bc   Code   RO          502    i.HAL_PWREx_ControlVoltageScaling  stm32g4xx_hal_pwr_ex.o
    0x08001578   0x08001578   0x00000010   Code   RO          514    i.HAL_PWREx_DisableUCPDDeadBattery  stm32g4xx_hal_pwr_ex.o
    0x08001588   0x08001588   0x00000288   Code   RO         2264    i.HAL_RCCEx_PeriphCLKConfig  stm32g4xx_hal_rcc_ex.o
    0x08001810   0x08001810   0x000001dc   Code   RO         2139    i.HAL_RCC_ClockConfig  stm32g4xx_hal_rcc.o
    0x080019ec   0x080019ec   0x00000024   Code   RO         2147    i.HAL_RCC_GetPCLK1Freq  stm32g4xx_hal_rcc.o
    0x08001a10   0x08001a10   0x00000024   Code   RO         2148    i.HAL_RCC_GetPCLK2Freq  stm32g4xx_hal_rcc.o
    0x08001a34   0x08001a34   0x0000006c   Code   RO         2149    i.HAL_RCC_GetSysClockFreq  stm32g4xx_hal_rcc.o
    0x08001aa0   0x08001aa0   0x00000404   Code   RO         2152    i.HAL_RCC_OscConfig  stm32g4xx_hal_rcc.o
    0x08001ea4   0x08001ea4   0x00000028   Code   RO         3022    i.HAL_SYSTICK_Config  stm32g4xx_hal_cortex.o
    0x08001ecc   0x08001ecc   0x00000002   Code   RO         1457    i.HAL_TIMEx_Break2Callback  stm32g4xx_hal_tim_ex.o
    0x08001ece   0x08001ece   0x00000002   Code   RO         1458    i.HAL_TIMEx_BreakCallback  stm32g4xx_hal_tim_ex.o
    0x08001ed0   0x08001ed0   0x00000002   Code   RO         1459    i.HAL_TIMEx_CommutCallback  stm32g4xx_hal_tim_ex.o
    0x08001ed2   0x08001ed2   0x00000002   Code   RO         1470    i.HAL_TIMEx_DirectionChangeCallback  stm32g4xx_hal_tim_ex.o
    0x08001ed4   0x08001ed4   0x00000002   Code   RO         1484    i.HAL_TIMEx_EncoderIndexCallback  stm32g4xx_hal_tim_ex.o
    0x08001ed6   0x08001ed6   0x00000002   Code   RO         1498    i.HAL_TIMEx_IndexErrorCallback  stm32g4xx_hal_tim_ex.o
    0x08001ed8   0x08001ed8   0x0000009c   Code   RO         1499    i.HAL_TIMEx_MasterConfigSynchronization  stm32g4xx_hal_tim_ex.o
    0x08001f74   0x08001f74   0x00000002   Code   RO         1520    i.HAL_TIMEx_TransitionErrorCallback  stm32g4xx_hal_tim_ex.o
    0x08001f76   0x08001f76   0x00000062   Code   RO          743    i.HAL_TIM_Base_Init  stm32g4xx_hal_tim.o
    0x08001fd8   0x08001fd8   0x00000078   Code   RO          288    i.HAL_TIM_Base_MspInit  tim.o
    0x08002050   0x08002050   0x00000100   Code   RO          752    i.HAL_TIM_ConfigClockSource  stm32g4xx_hal_tim.o
    0x08002150   0x08002150   0x00000002   Code   RO          777    i.HAL_TIM_IC_CaptureCallback  stm32g4xx_hal_tim.o
    0x08002152   0x08002152   0x000001a2   Code   RO          791    i.HAL_TIM_IRQHandler  stm32g4xx_hal_tim.o
    0x080022f4   0x080022f4   0x00000002   Code   RO          794    i.HAL_TIM_OC_DelayElapsedCallback  stm32g4xx_hal_tim.o
    0x080022f6   0x080022f6   0x00000002   Code   RO          821    i.HAL_TIM_PWM_PulseFinishedCallback  stm32g4xx_hal_tim.o
    0x080022f8   0x080022f8   0x00000002   Code   RO          829    i.HAL_TIM_PeriodElapsedCallback  stm32g4xx_hal_tim.o
    0x080022fa   0x080022fa   0x00000002   Code   RO          834    i.HAL_TIM_TriggerCallback  stm32g4xx_hal_tim.o
    0x080022fc   0x080022fc   0x0000003e   Code   RO         3571    i.HAL_UARTEx_DisableFifoMode  stm32g4xx_hal_uart_ex.o
    0x0800233a   0x0800233a   0x00000002   Code   RO         3160    i.HAL_UARTEx_RxEventCallback  stm32g4xx_hal_uart.o
    0x0800233c   0x0800233c   0x00000002   Code   RO         3579    i.HAL_UARTEx_RxFifoFullCallback  stm32g4xx_hal_uart_ex.o
    0x0800233e   0x0800233e   0x0000004c   Code   RO         3580    i.HAL_UARTEx_SetRxFifoThreshold  stm32g4xx_hal_uart_ex.o
    0x0800238a   0x0800238a   0x0000004c   Code   RO         3581    i.HAL_UARTEx_SetTxFifoThreshold  stm32g4xx_hal_uart_ex.o
    0x080023d6   0x080023d6   0x00000002   Code   RO         3583    i.HAL_UARTEx_TxFifoEmptyCallback  stm32g4xx_hal_uart_ex.o
    0x080023d8   0x080023d8   0x00000002   Code   RO         3584    i.HAL_UARTEx_WakeupCallback  stm32g4xx_hal_uart_ex.o
    0x080023da   0x080023da   0x00000002   Code   RO         3176    i.HAL_UART_ErrorCallback  stm32g4xx_hal_uart.o
    0x080023dc   0x080023dc   0x0000031c   Code   RO         3179    i.HAL_UART_IRQHandler  stm32g4xx_hal_uart.o
    0x080026f8   0x080026f8   0x0000006a   Code   RO         3180    i.HAL_UART_Init     stm32g4xx_hal_uart.o
    0x08002762   0x08002762   0x00000002   PAD
    0x08002764   0x08002764   0x000000fc   Code   RO          330    i.HAL_UART_MspInit  usart.o
    0x08002860   0x08002860   0x00000048   Code   RO         3184    i.HAL_UART_Receive_DMA  stm32g4xx_hal_uart.o
    0x080028a8   0x080028a8   0x00000002   Code   RO         3187    i.HAL_UART_RxCpltCallback  stm32g4xx_hal_uart.o
    0x080028aa   0x080028aa   0x00000002   Code   RO         3188    i.HAL_UART_RxHalfCpltCallback  stm32g4xx_hal_uart.o
    0x080028ac   0x080028ac   0x000000ae   Code   RO         3189    i.HAL_UART_Transmit  stm32g4xx_hal_uart.o
    0x0800295a   0x0800295a   0x00000002   PAD
    0x0800295c   0x0800295c   0x00000090   Code   RO         3190    i.HAL_UART_Transmit_DMA  stm32g4xx_hal_uart.o
    0x080029ec   0x080029ec   0x00000024   Code   RO         5172    i.HAL_UART_TxCpltCallback  usart_printf.o
    0x08002a10   0x08002a10   0x00000002   Code   RO         3193    i.HAL_UART_TxHalfCpltCallback  stm32g4xx_hal_uart.o
    0x08002a12   0x08002a12   0x00000002   Code   RO          376    i.HardFault_Handler  stm32g4xx_it.o
    0x08002a14   0x08002a14   0x00000054   Code   RO         5829    i.I2C2_Ack          bmp580_i2c.o
    0x08002a68   0x08002a68   0x0000007c   Code   RO         5830    i.I2C2_Init         bmp580_i2c.o
    0x08002ae4   0x08002ae4   0x00000054   Code   RO         5831    i.I2C2_NAck         bmp580_i2c.o
    0x08002b38   0x08002b38   0x00000070   Code   RO         5832    i.I2C2_Read_Byte    bmp580_i2c.o
    0x08002ba8   0x08002ba8   0x0000006c   Code   RO         5833    i.I2C2_Read_nByte   bmp580_i2c.o
    0x08002c14   0x08002c14   0x00000078   Code   RO         5834    i.I2C2_Send_Byte    bmp580_i2c.o
    0x08002c8c   0x08002c8c   0x00000058   Code   RO         5835    i.I2C2_Start        bmp580_i2c.o
    0x08002ce4   0x08002ce4   0x00000058   Code   RO         5836    i.I2C2_Stop         bmp580_i2c.o
    0x08002d3c   0x08002d3c   0x00000068   Code   RO         5837    i.I2C2_Wait_Ack     bmp580_i2c.o
    0x08002da4   0x08002da4   0x0000004a   Code   RO         5838    i.I2C2_Write_nByte  bmp580_i2c.o
    0x08002dee   0x08002dee   0x00000002   PAD
    0x08002df0   0x08002df0   0x00000040   Code   RO         5725    i.IIC_Ack           myiic.o
    0x08002e30   0x08002e30   0x00000064   Code   RO         5726    i.IIC_Init          myiic.o
    0x08002e94   0x08002e94   0x00000040   Code   RO         5727    i.IIC_NAck          myiic.o
    0x08002ed4   0x08002ed4   0x00000060   Code   RO         5729    i.IIC_Read_Byte     myiic.o
    0x08002f34   0x08002f34   0x0000006c   Code   RO         5730    i.IIC_Read_nByte    myiic.o
    0x08002fa0   0x08002fa0   0x0000005c   Code   RO         5731    i.IIC_Send_Byte     myiic.o
    0x08002ffc   0x08002ffc   0x00000040   Code   RO         5732    i.IIC_Start         myiic.o
    0x0800303c   0x0800303c   0x00000040   Code   RO         5733    i.IIC_Stop          myiic.o
    0x0800307c   0x0800307c   0x00000054   Code   RO         5734    i.IIC_Wait_Ack      myiic.o
    0x080030d0   0x080030d0   0x00000046   Code   RO         5736    i.IIC_Write_nByte   myiic.o
    0x08003116   0x08003116   0x00000002   PAD
    0x08003118   0x08003118   0x00000290   Code   RO         5639    i.IMU_Init          bmi270_bmm350.o
    0x080033a8   0x080033a8   0x00000154   Code   RO         5640    i.IMU_ReadData      bmi270_bmm350.o
    0x080034fc   0x080034fc   0x0000005c   Code   RO          263    i.MX_DMA_Init       dma.o
    0x08003558   0x08003558   0x00000080   Code   RO          239    i.MX_GPIO_Init      gpio.o
    0x080035d8   0x080035d8   0x00000070   Code   RO          289    i.MX_TIM1_Init      tim.o
    0x08003648   0x08003648   0x00000068   Code   RO          331    i.MX_USART1_UART_Init  usart.o
    0x080036b0   0x080036b0   0x00000002   Code   RO          377    i.MemManage_Handler  stm32g4xx_it.o
    0x080036b2   0x080036b2   0x00000002   Code   RO          378    i.NMI_Handler       stm32g4xx_it.o
    0x080036b4   0x080036b4   0x00000002   Code   RO          379    i.PendSV_Handler    stm32g4xx_it.o
    0x080036b6   0x080036b6   0x00000002   Code   RO          380    i.SVC_Handler       stm32g4xx_it.o
    0x080036b8   0x080036b8   0x00000012   Code   RO         5737    i.Set_SCL           myiic.o
    0x080036ca   0x080036ca   0x00000002   PAD
    0x080036cc   0x080036cc   0x00000014   Code   RO         5738    i.Set_SDA           myiic.o
    0x080036e0   0x080036e0   0x00000004   Code   RO          381    i.SysTick_Handler   stm32g4xx_it.o
    0x080036e4   0x080036e4   0x00000068   Code   RO           14    i.SystemClock_Config  main.o
    0x0800374c   0x0800374c   0x00000010   Code   RO         3690    i.SystemInit        system_stm32g4xx.o
    0x0800375c   0x0800375c   0x0000000c   Code   RO          382    i.TIM1_UP_TIM16_IRQHandler  stm32g4xx_it.o
    0x08003768   0x08003768   0x000000bc   Code   RO          836    i.TIM_Base_SetConfig  stm32g4xx_hal_tim.o
    0x08003824   0x08003824   0x00000014   Code   RO          847    i.TIM_ETR_SetConfig  stm32g4xx_hal_tim.o
    0x08003838   0x08003838   0x00000014   Code   RO          848    i.TIM_ITRx_SetConfig  stm32g4xx_hal_tim.o
    0x0800384c   0x0800384c   0x00000022   Code   RO          856    i.TIM_TI1_ConfigInputStage  stm32g4xx_hal_tim.o
    0x0800386e   0x0800386e   0x00000024   Code   RO          858    i.TIM_TI2_ConfigInputStage  stm32g4xx_hal_tim.o
    0x08003892   0x08003892   0x00000002   PAD
    0x08003894   0x08003894   0x00000028   Code   RO           15    i.UART1_IDLE_Callback  main.o
    0x080038bc   0x080038bc   0x00000044   Code   RO         3585    i.UARTEx_SetNbDataToProcess  stm32g4xx_hal_uart_ex.o
    0x08003900   0x08003900   0x000000c8   Code   RO         3194    i.UART_AdvFeatureConfig  stm32g4xx_hal_uart.o
    0x080039c8   0x080039c8   0x000000ac   Code   RO         3195    i.UART_CheckIdleState  stm32g4xx_hal_uart.o
    0x08003a74   0x08003a74   0x00000014   Code   RO         3196    i.UART_DMAAbortOnError  stm32g4xx_hal_uart.o
    0x08003a88   0x08003a88   0x00000050   Code   RO         3197    i.UART_DMAError     stm32g4xx_hal_uart.o
    0x08003ad8   0x08003ad8   0x00000086   Code   RO         3198    i.UART_DMAReceiveCplt  stm32g4xx_hal_uart.o
    0x08003b5e   0x08003b5e   0x00000020   Code   RO         3200    i.UART_DMARxHalfCplt  stm32g4xx_hal_uart.o
    0x08003b7e   0x08003b7e   0x00000042   Code   RO         3202    i.UART_DMATransmitCplt  stm32g4xx_hal_uart.o
    0x08003bc0   0x08003bc0   0x0000000a   Code   RO         3204    i.UART_DMATxHalfCplt  stm32g4xx_hal_uart.o
    0x08003bca   0x08003bca   0x00000002   PAD
    0x08003bcc   0x08003bcc   0x00000054   Code   RO         3206    i.UART_EndRxTransfer  stm32g4xx_hal_uart.o
    0x08003c20   0x08003c20   0x0000002e   Code   RO         3207    i.UART_EndTxTransfer  stm32g4xx_hal_uart.o
    0x08003c4e   0x08003c4e   0x00000002   PAD
    0x08003c50   0x08003c50   0x00000274   Code   RO         3212    i.UART_SetConfig    stm32g4xx_hal_uart.o
    0x08003ec4   0x08003ec4   0x000000a8   Code   RO         3213    i.UART_Start_Receive_DMA  stm32g4xx_hal_uart.o
    0x08003f6c   0x08003f6c   0x00000094   Code   RO         3219    i.UART_WaitOnFlagUntilTimeout  stm32g4xx_hal_uart.o
    0x08004000   0x08004000   0x00000034   Code   RO          383    i.USART1_IRQHandler  stm32g4xx_it.o
    0x08004034   0x08004034   0x00000002   Code   RO          384    i.UsageFault_Handler  stm32g4xx_it.o
    0x08004036   0x08004036   0x00000002   PAD
    0x08004038   0x08004038   0x00000020   Code   RO         6636    i.__0printf         mc_w.l(printfa.o)
    0x08004058   0x08004058   0x00000028   Code   RO         6638    i.__0sprintf        mc_w.l(printfa.o)
    0x08004080   0x08004080   0x00000030   Code   RO         6696    i.__ARM_fpclassify  m_wm.l(fpclassify.o)
    0x080040b0   0x080040b0   0x00000026   Code   RO         6698    i.__ARM_fpclassifyf  m_wm.l(fpclassifyf.o)
    0x080040d6   0x080040d6   0x00000020   Code   RO         3024    i.__NVIC_SetPriority  stm32g4xx_hal_cortex.o
    0x080040f6   0x080040f6   0x00000002   PAD
    0x080040f8   0x080040f8   0x0000012c   Code   RO         6296    i.__hardfp_asinf    m_wm.l(asinf.o)
    0x08004224   0x08004224   0x00000250   Code   RO         6308    i.__hardfp_atan2f   m_wm.l(atan2f.o)
    0x08004474   0x08004474   0x00000150   Code   RO         6320    i.__hardfp_cosf     m_wm.l(cosf.o)
    0x080045c4   0x080045c4   0x00000048   Code   RO         6388    i.__hardfp_fminf    m_wm.l(fminf.o)
    0x0800460c   0x0800460c   0x00000004   PAD
    0x08004610   0x08004610   0x00000c50   Code   RO         6332    i.__hardfp_pow      m_wm.l(pow.o)
    0x08005260   0x08005260   0x00000664   Code   RO         6346    i.__hardfp_powf     m_wm.l(powf.o)
    0x080058c4   0x080058c4   0x00000190   Code   RO         6360    i.__hardfp_sinf     m_wm.l(sinf.o)
    0x08005a54   0x08005a54   0x0000003a   Code   RO         6372    i.__hardfp_sqrtf    m_wm.l(sqrtf.o)
    0x08005a8e   0x08005a8e   0x000000f8   Code   RO         6714    i.__kernel_poly     m_wm.l(poly.o)
    0x08005b86   0x08005b86   0x00000002   PAD
    0x08005b88   0x08005b88   0x00000030   Code   RO         6676    i.__mathlib_dbl_divzero  m_wm.l(dunder.o)
    0x08005bb8   0x08005bb8   0x00000014   Code   RO         6678    i.__mathlib_dbl_infnan2  m_wm.l(dunder.o)
    0x08005bcc   0x08005bcc   0x00000004   PAD
    0x08005bd0   0x08005bd0   0x00000020   Code   RO         6679    i.__mathlib_dbl_invalid  m_wm.l(dunder.o)
    0x08005bf0   0x08005bf0   0x00000020   Code   RO         6680    i.__mathlib_dbl_overflow  m_wm.l(dunder.o)
    0x08005c10   0x08005c10   0x00000020   Code   RO         6682    i.__mathlib_dbl_underflow  m_wm.l(dunder.o)
    0x08005c30   0x08005c30   0x00000014   Code   RO         6700    i.__mathlib_flt_divzero  m_wm.l(funder.o)
    0x08005c44   0x08005c44   0x00000006   Code   RO         6701    i.__mathlib_flt_infnan  m_wm.l(funder.o)
    0x08005c4a   0x08005c4a   0x00000006   Code   RO         6702    i.__mathlib_flt_infnan2  m_wm.l(funder.o)
    0x08005c50   0x08005c50   0x00000010   Code   RO         6703    i.__mathlib_flt_invalid  m_wm.l(funder.o)
    0x08005c60   0x08005c60   0x00000010   Code   RO         6704    i.__mathlib_flt_overflow  m_wm.l(funder.o)
    0x08005c70   0x08005c70   0x00000010   Code   RO         6706    i.__mathlib_flt_underflow  m_wm.l(funder.o)
    0x08005c80   0x08005c80   0x00000154   Code   RO         6717    i.__mathlib_rredf2  m_wm.l(rredf.o)
    0x08005dd4   0x08005dd4   0x0000000e   Code   RO         6788    i.__scatterload_copy  mc_w.l(handlers.o)
    0x08005de2   0x08005de2   0x00000002   Code   RO         6789    i.__scatterload_null  mc_w.l(handlers.o)
    0x08005de4   0x08005de4   0x0000000e   Code   RO         6790    i.__scatterload_zeroinit  mc_w.l(handlers.o)
    0x08005df2   0x08005df2   0x00000002   PAD
    0x08005df4   0x08005df4   0x0000000c   Code   RO         6756    i.__set_errno       mc_w.l(errno.o)
    0x08005e00   0x08005e00   0x00000184   Code   RO         6643    i._fp_digits        mc_w.l(printfa.o)
    0x08005f84   0x08005f84   0x000006dc   Code   RO         6644    i._printf_core      mc_w.l(printfa.o)
    0x08006660   0x08006660   0x00000024   Code   RO         6645    i._printf_post_padding  mc_w.l(printfa.o)
    0x08006684   0x08006684   0x0000002e   Code   RO         6646    i._printf_pre_padding  mc_w.l(printfa.o)
    0x080066b2   0x080066b2   0x0000000a   Code   RO         6648    i._sputc            mc_w.l(printfa.o)
    0x080066bc   0x080066bc   0x00000074   Code   RO         4627    i.bmi270_init       bmi270.o
    0x08006730   0x08006730   0x0000006a   Code   RO         5641    i.bmi2_accel_gyro_conf  bmi270_bmm350.o
    0x0800679a   0x0800679a   0x00000002   PAD
    0x0800679c   0x0800679c   0x000001b0   Code   RO         5642    i.bmi2_aux_conf     bmi270_bmm350.o
    0x0800694c   0x0800694c   0x00000004   Code   RO         5643    i.bmi2_aux_delay_us  bmi270_bmm350.o
    0x08006950   0x08006950   0x00000006   Code   RO         5644    i.bmi2_aux_i2c_read  bmi270_bmm350.o
    0x08006956   0x08006956   0x00000006   Code   RO         5645    i.bmi2_aux_i2c_write  bmi270_bmm350.o
    0x0800695c   0x0800695c   0x00000004   Code   RO         4871    i.bmi2_delay_us     common.o
    0x08006960   0x08006960   0x000001dc   Code   RO         4872    i.bmi2_error_codes_print_result  common.o
    0x08006b3c   0x08006b3c   0x00000036   Code   RO         3731    i.bmi2_extract_input_feat_config  bmi2.o
    0x08006b72   0x08006b72   0x000000a0   Code   RO         3739    i.bmi2_get_feat_config  bmi2.o
    0x08006c12   0x08006c12   0x00000084   Code   RO         3740    i.bmi2_get_feature_data  bmi2.o
    0x08006c96   0x08006c96   0x00000040   Code   RO         3747    i.bmi2_get_gyro_cross_sense  bmi2.o
    0x08006cd6   0x08006cd6   0x00000030   Code   RO         3755    i.bmi2_get_internal_status  bmi2.o
    0x08006d06   0x08006d06   0x0000007e   Code   RO         3756    i.bmi2_get_regs     bmi2.o
    0x08006d84   0x08006d84   0x00000114   Code   RO         3759    i.bmi2_get_sensor_config  bmi2.o
    0x08006e98   0x08006e98   0x0000002e   Code   RO         3760    i.bmi2_get_sensor_data  bmi2.o
    0x08006ec6   0x08006ec6   0x00000026   Code   RO         3764    i.bmi2_get_status   bmi2.o
    0x08006eec   0x08006eec   0x00000022   Code   RO         4873    i.bmi2_i2c_read     common.o
    0x08006f0e   0x08006f0e   0x00000022   Code   RO         4874    i.bmi2_i2c_write    common.o
    0x08006f30   0x08006f30   0x00000098   Code   RO         4875    i.bmi2_interface_init  common.o
    0x08006fc8   0x08006fc8   0x00000076   Code   RO         3766    i.bmi2_map_data_int  bmi2.o
    0x0800703e   0x0800703e   0x0000007e   Code   RO         3769    i.bmi2_parse_sensor_data  bmi2.o
    0x080070bc   0x080070bc   0x0000007c   Code   RO         3773    i.bmi2_read_aux_man_mode  bmi2.o
    0x08007138   0x08007138   0x00000078   Code   RO         3776    i.bmi2_sec_init     bmi2.o
    0x080071b0   0x080071b0   0x00000038   Code   RO         3777    i.bmi2_sensor_disable  bmi2.o
    0x080071e8   0x080071e8   0x00000038   Code   RO         3778    i.bmi2_sensor_enable  bmi2.o
    0x08007220   0x08007220   0x00000054   Code   RO         3780    i.bmi2_set_adv_power_save  bmi2.o
    0x08007274   0x08007274   0x0000009c   Code   RO         3796    i.bmi2_set_regs     bmi2.o
    0x08007310   0x08007310   0x000000a6   Code   RO         3798    i.bmi2_set_sensor_config  bmi2.o
    0x080073b6   0x080073b6   0x00000060   Code   RO         3802    i.bmi2_soft_reset   bmi2.o
    0x08007416   0x08007416   0x0000009e   Code   RO         3803    i.bmi2_write_aux_man_mode  bmi2.o
    0x080074b4   0x080074b4   0x00000060   Code   RO         3804    i.bmi2_write_config_file  bmi2.o
    0x08007514   0x08007514   0x0000001c   Code   RO         4937    i.bmm350_delay_us   bmm350.o
    0x08007530   0x08007530   0x0000004c   Code   RO         4938    i.bmm350_enable_axes  bmm350.o
    0x0800757c   0x0800757c   0x00000118   Code   RO         5646    i.bmm350_error_codes_print_result  bmi270_bmm350.o
    0x08007694   0x08007694   0x000001dc   Code   RO         4940    i.bmm350_get_compensated_mag_xyz_temp_data  bmm350.o
    0x08007870   0x08007870   0x0000004a   Code   RO         4942    i.bmm350_get_pmu_cmd_status_0  bmm350.o
    0x080078ba   0x080078ba   0x0000005e   Code   RO         4943    i.bmm350_get_regs   bmm350.o
    0x08007918   0x08007918   0x000000c0   Code   RO         4944    i.bmm350_init       bmm350.o
    0x080079d8   0x080079d8   0x000000d4   Code   RO         4945    i.bmm350_magnetic_reset_and_wait  bmm350.o
    0x08007aac   0x08007aac   0x000000ca   Code   RO         4948    i.bmm350_read_uncomp_mag_temp_data  bmm350.o
    0x08007b76   0x08007b76   0x00000078   Code   RO         4952    i.bmm350_set_odr_performance  bmm350.o
    0x08007bee   0x08007bee   0x00000064   Code   RO         4954    i.bmm350_set_powermode  bmm350.o
    0x08007c52   0x08007c52   0x0000003a   Code   RO         4955    i.bmm350_set_regs   bmm350.o
    0x08007c8c   0x08007c8c   0x00000004   Code   RO         5586    i.bmp580_delay_us   bmp5_port.o
    0x08007c90   0x08007c90   0x0000001a   Code   RO         5587    i.bmp580_i2c_read   bmp5_port.o
    0x08007caa   0x08007caa   0x0000001a   Code   RO         5588    i.bmp580_i2c_write  bmp5_port.o
    0x08007cc4   0x08007cc4   0x00000044   Code   RO         5385    i.bmp5_get_iir_config  bmp5.o
    0x08007d08   0x08007d08   0x00000014   Code   RO         5386    i.bmp5_get_interrupt_status  bmp5.o
    0x08007d1c   0x08007d1c   0x00000046   Code   RO         5389    i.bmp5_get_osr_odr_press_config  bmp5.o
    0x08007d62   0x08007d62   0x000000a8   Code   RO         5390    i.bmp5_get_power_mode  bmp5.o
    0x08007e0a   0x08007e0a   0x00000040   Code   RO         5391    i.bmp5_get_regs     bmp5.o
    0x08007e4a   0x08007e4a   0x00000002   PAD
    0x08007e4c   0x08007e4c   0x00000080   Code   RO         5392    i.bmp5_get_sensor_data  bmp5.o
    0x08007ecc   0x08007ecc   0x00000084   Code   RO         5393    i.bmp5_init         bmp5.o
    0x08007f50   0x08007f50   0x0000006e   Code   RO         5400    i.bmp5_set_osr_odr_press_config  bmp5.o
    0x08007fbe   0x08007fbe   0x00000056   Code   RO         5401    i.bmp5_set_power_mode  bmp5.o
    0x08008014   0x08008014   0x0000006c   Code   RO         5402    i.bmp5_set_regs     bmp5.o
    0x08008080   0x08008080   0x0000003a   Code   RO         5403    i.bmp5_soft_reset   bmp5.o
    0x080080ba   0x080080ba   0x00000002   PAD
    0x080080bc   0x080080bc   0x00000030   Code   RO         6209    i.calculate_acc_confidence  fusion_filter.o
    0x080080ec   0x080080ec   0x00000024   Code   RO         5912    i.calib_get_accel_offset  sensor_calibration.o
    0x08008110   0x08008110   0x00000024   Code   RO         5913    i.calib_get_accel_scale  sensor_calibration.o
    0x08008134   0x08008134   0x0000000c   Code   RO         5914    i.calib_get_altitude_offset  sensor_calibration.o
    0x08008140   0x08008140   0x00000024   Code   RO         5915    i.calib_get_gyro_offset  sensor_calibration.o
    0x08008164   0x08008164   0x00000024   Code   RO         5916    i.calib_get_mag_offset  sensor_calibration.o
    0x08008188   0x08008188   0x0000000c   Code   RO         5918    i.calib_get_sea_level_pressure  sensor_calibration.o
    0x08008194   0x08008194   0x0000003e   Code   RO         3807    i.cfg_error_status  bmi2.o
    0x080081d2   0x080081d2   0x00000030   Code   RO         3808    i.check_boundary_val  bmi2.o
    0x08008202   0x08008202   0x00000032   Code   RO         3811    i.comp_gyro_cross_axis_sensitivity  bmi2.o
    0x08008234   0x08008234   0x000000dc   Code   RO         3812    i.config_aux_interface  bmi2.o
    0x08008310   0x08008310   0x00000158   Code   RO         6210    i.correct_from_accel  fusion_filter.o
    0x08008468   0x08008468   0x000002ec   Code   RO         6211    i.correct_from_mag  fusion_filter.o
    0x08008754   0x08008754   0x00000016   Code   RO         5134    i.delay_ms          delay.o
    0x0800876a   0x0800876a   0x00000002   PAD
    0x0800876c   0x0800876c   0x00000028   Code   RO         5135    i.delay_us          delay.o
    0x08008794   0x08008794   0x00000036   Code   RO         3822    i.extract_output_feat_config  bmi2.o
    0x080087ca   0x080087ca   0x00000018   Code   RO         6692    i.fabs              m_wm.l(fabs.o)
    0x080087e2   0x080087e2   0x00000042   Code   RO         4958    i.fix_sign          bmm350.o
    0x08008824   0x08008824   0x00000080   Code   RO         5175    i.fputc             usart_printf.o
    0x080088a4   0x080088a4   0x0000000c   Code   RO         6212    i.fusion_get_attitude  fusion_filter.o
    0x080088b0   0x080088b0   0x00000008   Code   RO         6213    i.fusion_get_debug_info  fusion_filter.o
    0x080088b8   0x080088b8   0x00000088   Code   RO         6214    i.fusion_init       fusion_filter.o
    0x08008940   0x08008940   0x00000014   Code   RO         6215    i.fusion_set_gyro_bias  fusion_filter.o
    0x08008954   0x08008954   0x000000dc   Code   RO         6216    i.fusion_set_params  fusion_filter.o
    0x08008a30   0x08008a30   0x00000110   Code   RO         6217    i.fusion_update     fusion_filter.o
    0x08008b40   0x08008b40   0x00000040   Code   RO         6218    i.fusion_use_magnetometer  fusion_filter.o
    0x08008b80   0x08008b80   0x00000020   Code   RO         3823    i.get_acc_gyr_data  bmi2.o
    0x08008ba0   0x08008ba0   0x0000004e   Code   RO         3824    i.get_accel_config  bmi2.o
    0x08008bee   0x08008bee   0x0000005a   Code   RO         3825    i.get_aux_interface_config  bmi2.o
    0x08008c48   0x08008c48   0x0000005e   Code   RO         3827    i.get_gyro_config   bmi2.o
    0x08008ca6   0x08008ca6   0x00000072   Code   RO         3828    i.get_gyro_cross_sense  bmi2.o
    0x08008d18   0x08008d18   0x0000008a   Code   RO         3829    i.get_gyro_gain_update_config  bmi2.o
    0x08008da2   0x08008da2   0x00000068   Code   RO         3830    i.get_gyro_gain_update_status  bmi2.o
    0x08008e0a   0x08008e0a   0x00000014   Code   RO         5404    i.get_nvm_status    bmp5.o
    0x08008e1e   0x08008e1e   0x00000056   Code   RO         3834    i.get_remapped_data  bmi2.o
    0x08008e74   0x08008e74   0x00000030   Code   RO         5930    i.load_simple_calib_data  sensor_calibration.o
    0x08008ea4   0x08008ea4   0x00000064   Code   RO         5647    i.lsb_to_dps        bmi270_bmm350.o
    0x08008f08   0x08008f08   0x00000070   Code   RO         5648    i.lsb_to_mps2       bmi270_bmm350.o
    0x08008f78   0x08008f78   0x00000d38   Code   RO           16    i.main              main.o
    0x08009cb0   0x08009cb0   0x00000018   Code   RO         3838    i.null_ptr_check    bmi2.o
    0x08009cc8   0x08009cc8   0x00000018   Code   RO         4649    i.null_ptr_check    bmi270.o
    0x08009ce0   0x08009ce0   0x00000018   Code   RO         4959    i.null_ptr_check    bmm350.o
    0x08009cf8   0x08009cf8   0x00000018   Code   RO         5405    i.null_ptr_check    bmp5.o
    0x08009d10   0x08009d10   0x0000016c   Code   RO           17    i.perform_gyro_calibration  main.o
    0x08009e7c   0x08009e7c   0x0000006c   Code   RO         6219    i.quaternion_normalize  fusion_filter.o
    0x08009ee8   0x08009ee8   0x000000fc   Code   RO         6220    i.quaternion_to_euler  fusion_filter.o
    0x08009fe4   0x08009fe4   0x000000d2   Code   RO         3848    i.read_aux_data     bmi2.o
    0x0800a0b6   0x0800a0b6   0x000000d8   Code   RO         4960    i.read_otp_word     bmm350.o
    0x0800a18e   0x0800a18e   0x00000002   PAD
    0x0800a190   0x0800a190   0x000000e0   Code   RO         4961    i.read_out_raw_data  bmm350.o
    0x0800a270   0x0800a270   0x0000004c   Code   RO         5932    i.save_simple_calib_data  sensor_calibration.o
    0x0800a2bc   0x0800a2bc   0x0000004c   Code   RO         3852    i.select_sensor     bmi2.o
    0x0800a308   0x0800a308   0x0000007c   Code   RO         3854    i.sensor_disable    bmi2.o
    0x0800a384   0x0800a384   0x0000007c   Code   RO         3855    i.sensor_enable     bmi2.o
    0x0800a400   0x0800a400   0x000001b8   Code   RO         5934    i.sensor_get_calibration_status  sensor_calibration.o
    0x0800a5b8   0x0800a5b8   0x00000010   Code   RO         5935    i.sensor_has_valid_calibration  sensor_calibration.o
    0x0800a5c8   0x0800a5c8   0x000001b0   Code   RO         5936    i.sensor_quick_gyro_calibration  sensor_calibration.o
    0x0800a778   0x0800a778   0x0000057c   Code   RO         5937    i.sensor_simple_calibration  sensor_calibration.o
    0x0800acf4   0x0800acf4   0x00000098   Code   RO         3856    i.set_accel_config  bmi2.o
    0x0800ad8c   0x0800ad8c   0x00000090   Code   RO         3857    i.set_aux_config    bmi2.o
    0x0800ae1c   0x0800ae1c   0x00000036   Code   RO         3858    i.set_config_load   bmi2.o
    0x0800ae52   0x0800ae52   0x0000008a   Code   RO         5407    i.set_deep_standby_mode  bmp5.o
    0x0800aedc   0x0800aedc   0x000000ac   Code   RO         3859    i.set_gyro_config   bmi2.o
    0x0800af88   0x0800af88   0x000000a2   Code   RO         3860    i.set_gyro_user_gain_config  bmi2.o
    0x0800b02a   0x0800b02a   0x0000005c   Code   RO         3861    i.set_if_aux_not_busy  bmi2.o
    0x0800b086   0x0800b086   0x00000034   Code   RO         5410    i.set_power_mode    bmp5.o
    0x0800b0ba   0x0800b0ba   0x00000002   PAD
    0x0800b0bc   0x0800b0bc   0x00000084   Code   RO         4964    i.set_powermode     bmm350.o
    0x0800b140   0x0800b140   0x00000020   Code   RO         5411    i.set_standby_mode  bmp5.o
    0x0800b160   0x0800b160   0x00000034   Code   RO         5938    i.simple_crc32      sensor_calibration.o
    0x0800b194   0x0800b194   0x0000006e   Code   RO         6722    i.sqrt              m_wm.l(sqrt.o)
    0x0800b202   0x0800b202   0x0000003e   Code   RO         6374    i.sqrtf             m_wm.l(sqrtf.o)
    0x0800b240   0x0800b240   0x00000048   Code   RO         5177    i.uart_tx_start_dma  usart_printf.o
    0x0800b288   0x0800b288   0x0000002c   Code   RO         4965    i.update_default_coefiecents  bmm350.o
    0x0800b2b4   0x0800b2b4   0x000000b8   Code   RO         6221    i.update_from_gyro  fusion_filter.o
    0x0800b36c   0x0800b36c   0x0000025c   Code   RO         4966    i.update_mag_off_sens  bmm350.o
    0x0800b5c8   0x0800b5c8   0x00000040   Code   RO         3877    i.upload_file       bmi2.o
    0x0800b608   0x0800b608   0x00000014   Code   RO         5178    i.usart_printf_init  usart_printf.o
    0x0800b61c   0x0800b61c   0x0000001c   Code   RO         6222    i.vector_norm       fusion_filter.o
    0x0800b638   0x0800b638   0x000000ba   Code   RO         3882    i.write_config_file  bmi2.o
    0x0800b6f2   0x0800b6f2   0x00000018   Data   RO         3220    .constdata          stm32g4xx_hal_uart.o
    0x0800b70a   0x0800b70a   0x00000010   Data   RO         3586    .constdata          stm32g4xx_hal_uart_ex.o
    0x0800b71a   0x0800b71a   0x00000010   Data   RO         3691    .constdata          system_stm32g4xx.o
    0x0800b72a   0x0800b72a   0x00000008   Data   RO         3692    .constdata          system_stm32g4xx.o
    0x0800b732   0x0800b732   0x00000002   PAD
    0x0800b734   0x0800b734   0x00000006   Data   RO         3884    .constdata          bmi2.o
    0x0800b73a   0x0800b73a   0x00002048   Data   RO         4669    .constdata          bmi270.o
    0x0800d782   0x0800d782   0x00000002   PAD
    0x0800d784   0x0800d784   0x00000020   Data   RO         4967    .constdata          bmm350.o
    0x0800d7a4   0x0800d7a4   0x00000090   Data   RO         5940    .constdata          sensor_calibration.o
    0x0800d834   0x0800d834   0x00000010   Data   RO         6224    .constdata          fusion_filter.o
    0x0800d844   0x0800d844   0x00000004   PAD
    0x0800d848   0x0800d848   0x00000088   Data   RO         6335    .constdata          m_wm.l(pow.o)
    0x0800d8d0   0x0800d8d0   0x00000140   Data   RO         6349    .constdata          m_wm.l(powf.o)
    0x0800da10   0x0800da10   0x00000008   Data   RO         6716    .constdata          m_wm.l(qnan.o)
    0x0800da18   0x0800da18   0x00000020   Data   RO         6718    .constdata          m_wm.l(rredf.o)
    0x0800da38   0x0800da38   0x00000ebd   Data   RO         4876    .conststring        common.o
    0x0800e8f5   0x0800e8f5   0x00000003   PAD
    0x0800e8f8   0x0800e8f8   0x0000012b   Data   RO         5650    .conststring        bmi270_bmm350.o
    0x0800ea23   0x0800ea23   0x00000001   PAD
    0x0800ea24   0x0800ea24   0x0000005e   Data   RO         5941    .conststring        sensor_calibration.o
    0x0800ea82   0x0800ea82   0x00000002   PAD
    0x0800ea84   0x0800ea84   0x00000020   Data   RO         6786    Region$$Table       anon$$obj.o


    Execution Region RW_IRAM1 (Exec base: 0x20000000, Load base: 0x0800eaa4, Size: 0x00000b90, Max: 0x00008000, ABSOLUTE)

    Exec Addr    Load Addr    Size         Type   Attr      Idx    E Section Name        Object

    0x20000000   0x0800eaa4   0x00000028   Data   RW           21    .data               main.o
    0x20000028   0x0800eacc   0x0000000c   Data   RW         1924    .data               stm32g4xx_hal.o
    0x20000034   0x0800ead8   0x00000004   Data   RW         3693    .data               system_stm32g4xx.o
    0x20000038   0x0800eadc   0x00000010   Data   RW         4670    .data               bmi270.o
    0x20000048   0x0800eaec   0x00000004   Data   RW         4877    .data               common.o
    0x2000004c   0x0800eaf0   0x0000000c   Data   RW         5180    .data               usart_printf.o
    0x20000058   0x0800eafc   0x00000004   Data   RW         5181    .data               usart_printf.o
    0x2000005c   0x0800eb00   0x00000006   Data   RW         5590    .data               bmp5_port.o
    0x20000062   0x0800eb06   0x00000001   Data   RW         5651    .data               bmi270_bmm350.o
    0x20000063   0x0800eb07   0x00000001   PAD
    0x20000064   0x0800eb08   0x00000044   Data   RW         6225    .data               fusion_filter.o
    0x200000a8   0x0800eb4c   0x00000004   Data   RW         6757    .data               mc_w.l(errno.o)
    0x200000ac        -       0x00000094   Zero   RW           18    .bss                main.o
    0x20000140        -       0x000000ac   Zero   RW          290    .bss                tim.o
    0x200001ec        -       0x00000154   Zero   RW          332    .bss                usart.o
    0x20000340        -       0x00000200   Zero   RW         5179    .bss                usart_printf.o
    0x20000540        -       0x00000018   Zero   RW         5589    .bss                bmp5_port.o
    0x20000558        -       0x00000118   Zero   RW         5649    .bss                bmi270_bmm350.o
    0x20000670        -       0x0000005c   Zero   RW         5939    .bss                sensor_calibration.o
    0x200006cc        -       0x000000c4   Zero   RW         6223    .bss                fusion_filter.o
    0x20000790        -       0x00000400   Zero   RW            1    STACK               startup_stm32g431xx.o


==============================================================================

Image component sizes


      Code (inc. data)   RO Data    RW Data    ZI Data      Debug   Object Name

       372         16          0          0          0       3504   anony_protocol.o
      5054          6          6          0          0      93252   bmi2.o
       140         14       8264         16          0       6781   bmi270.o
      2042        822        299          1        280       9692   bmi270_bmm350.o
      2942         72         32          0          0      44142   bmm350.o
      1278         28          0          0          0      24563   bmp5.o
       986         44          0          0          0       7595   bmp580_i2c.o
       552        268          0          6         24       4272   bmp5_port.o
       700        310       3773          4          0       4831   common.o
       110         24          0          0          0       1979   delay.o
        92          4          0          0          0        850   dma.o
      2444        404         16         68        196      11725   fusion_filter.o
       128          8          0          0          0        951   gpio.o
         0          0          0          0          0        336   imu_attitude.o
      3896       1626          0         40        148     723549   main.o
       844         40          0          0          0       7839   myiic.o
      2636       1276        238          0         92      10754   sensor_calibration.o
        36          8        472          0       1024        848   startup_stm32g431xx.o
       162         24          0         12          0       4397   stm32g4xx_hal.o
       198         14          0          0          0      33907   stm32g4xx_hal_cortex.o
       906         30          0          0          0       6666   stm32g4xx_hal_dma.o
         0          0          0          0          0       5408   stm32g4xx_hal_flash.o
       620         34          0          0          0       3708   stm32g4xx_hal_gpio.o
        48          6          0          0          0        890   stm32g4xx_hal_msp.o
       204         18          0          0          0       1425   stm32g4xx_hal_pwr_ex.o
      1684         88          0          0          0       6336   stm32g4xx_hal_rcc.o
       648         10          0          0          0       1908   stm32g4xx_hal_rcc_ex.o
      1080         50          0          0          0      10521   stm32g4xx_hal_tim.o
       170         24          0          0          0       5524   stm32g4xx_hal_tim_ex.o
      3090        116         24          0          0      38628   stm32g4xx_hal_uart.o
       288          6         16          0          0       5466   stm32g4xx_hal_uart_ex.o
       120         28          0          0          0       6818   stm32g4xx_it.o
        16          4         24          4          0       1163   system_stm32g4xx.o
       232         28          0          0        172       1859   tim.o
       356         28          0          0        340       2032   usart.o
       256         28          0         16        512       4944   usart_printf.o

    ----------------------------------------------------------------------
     34372       5506      13210        168       2788    1099063   Object Totals
         0          0         32          0          0          0   (incl. Generated)
        42          0         14          1          0          0   (incl. Padding)

    ----------------------------------------------------------------------

      Code (inc. data)   RO Data    RW Data    ZI Data      Debug   Library Member Name

       300         42          0          0          0        176   asinf.o
       592         90          0          0          0        184   atan2f.o
       336         56          0          0          0        136   cosf.o
       164         44          0          0          0        620   dunder.o
        24          0          0          0          0        124   fabs.o
        72          0          0          0          0        148   fminf.o
        48          0          0          0          0        124   fpclassify.o
        38          0          0          0          0        116   fpclassifyf.o
        80         24          0          0          0        696   funder.o
       248          0          0          0          0        152   poly.o
      3152        296        136          0          0        352   pow.o
      1636        110        320          0          0        372   powf.o
         0          0          8          0          0          0   qnan.o
       340         24         32          0          0        160   rredf.o
       400         56          0          0          0        212   sinf.o
       110          0          0          0          0        148   sqrt.o
       120          0          0          0          0        272   sqrtf.o
         0          0          0          0          0          0   entry.o
         0          0          0          0          0          0   entry10a.o
         0          0          0          0          0          0   entry11a.o
         8          4          0          0          0          0   entry2.o
         4          0          0          0          0          0   entry5.o
         0          0          0          0          0          0   entry7b.o
         0          0          0          0          0          0   entry8b.o
         8          4          0          0          0          0   entry9a.o
        12          6          0          4          0         68   errno.o
        30          0          0          0          0          0   handlers.o
        36          8          0          0          0         68   init.o
         0          0          0          0          0          0   iusefp.o
        30          0          0          0          0         68   llshl.o
        36          0          0          0          0         68   llsshr.o
        32          0          0          0          0         68   llushr.o
        36          0          0          0          0         68   memcpya.o
        36          0          0          0          0        108   memseta.o
      2308         96          0          0          0        604   printfa.o
        44          0          0          0          0         80   uidiv.o
        98          0          0          0          0         92   uldiv.o
        48          0          0          0          0         68   cdrcmple.o
        56          0          0          0          0         88   d2f.o
       334          0          0          0          0        148   dadd.o
       222          0          0          0          0        100   ddiv.o
       186          0          0          0          0        176   depilogue.o
        48          0          0          0          0         68   dfixul.o
        34          0          0          0          0         76   dflti.o
        26          0          0          0          0         76   dfltui.o
       228          0          0          0          0         96   dmul.o
        46          0          0          0          0         80   dscalb.o
       162          0          0          0          0        100   dsqrt.o
        38          0          0          0          0         68   f2d.o
        54          0          0          0          0         68   fcmp4.o
       110          0          0          0          0        168   fepilogue.o
         4          0          0          0          0         68   fpstat.o

    ----------------------------------------------------------------------
     11990        860        496          4          0       6732   Library Totals
        16          0          0          0          0          0   (incl. Padding)

    ----------------------------------------------------------------------

      Code (inc. data)   RO Data    RW Data    ZI Data      Debug   Library Name

      7660        742        496          0          0       3992   m_wm.l
      2718        118          0          4          0       1292   mc_w.l
      1596          0          0          0          0       1448   mf_w.l

    ----------------------------------------------------------------------
     11990        860        496          4          0       6732   Library Totals

    ----------------------------------------------------------------------

==============================================================================


      Code (inc. data)   RO Data    RW Data    ZI Data      Debug   

     46362       6366      13706        172       2788    1075843   Grand Totals
     46362       6366      13706        172       2788    1075843   ELF Image Totals
     46362       6366      13706        172          0          0   ROM Totals

==============================================================================

    Total RO  Size (Code + RO Data)                60068 (  58.66kB)
    Total RW  Size (RW Data + ZI Data)              2960 (   2.89kB)
    Total ROM Size (Code + RO Data + RW Data)      60240 (  58.83kB)

==============================================================================

