<html>
<body>
<pre>
<h1>�Vision Build Log</h1>
<h2>Tool Versions:</h2>
IDE-Version: ��Vision V5.42.0.0
Copyright (C) 2025 ARM Ltd and ARM Germany GmbH. All rights reserved.
License Information: YTD WYD, no, LIC=65ISZ-JTVD3-QDNKD-8DS6Y-41UVY-1EPVX
 
Tool Versions:
Toolchain:       MDK-ARM Plus  Version: 5.42.0.0
Toolchain Path:  F:\code\keil5\keil5core\ARM\ARMCC\Bin
C Compiler:      Armcc.exe V5.06 update 6 (build 750)
Assembler:       Armasm.exe V5.06 update 6 (build 750)
Linker/Locator:  ArmLink.exe V5.06 update 6 (build 750)
Library Manager: ArmAr.exe V5.06 update 6 (build 750)
Hex Converter:   FromElf.exe V5.06 update 6 (build 750)
CPU DLL:         SARMCM3.DLL V5.42.0.0
Dialog DLL:      DCM.DLL V1.17.5.0
Target DLL:      STLink\ST-LINKIII-KEIL_SWO.dll V3.3.0.0
Dialog DLL:      TCM.DLL V1.56.6.0
 
<h2>Project:</h2>
F:\code\cubemx\workspace\IMU_BM1270_BMM350_V1.0\MDK-ARM\IMU_BM1270_BMM350.uvprojx
Project File Date:  08/06/2025

<h2>Output:</h2>
*** Using Compiler 'V5.06 update 6 (build 750)', folder: 'F:\code\keil5\keil5core\ARM\ARMCC\Bin'
Build target 'IMU_BM1270_BMM350'
compiling main.c...
..\HARDWARE\CALIBRATION\sensor_calibration.h(286): warning:  #1-D: last line of file ends without a newline
  #endif /* SENSOR_CALIBRATION_H */
..\HARDWARE\EKF\fusion_filter.h(39): warning:  #1-D: last line of file ends without a newline
  #endif /* FUSION_FILTER_H */
../Core/Src/main.c(62): warning:  #47-D: incompatible redefinition of macro "GYRO_CALIB_SAMPLES"  (declared at line 25 of "..\HARDWARE\CALIBRATION\sensor_calibration.h")
  #define GYRO_CALIB_SAMPLES 1500  // 增加陀螺仪校准样本�?
../Core/Src/main.c(753): warning:  #1-D: last line of file ends without a newline
  #endif /* USE_FULL_ASSERT */
../Core/Src/main.c(79): warning:  #177-D: variable "send_to_anony"  was declared but never referenced
  static uint8_t send_to_anony = 1;      // 是否发送到匿名上位�?
../Core/Src/main.c: 5 warnings, 0 errors
linking...
Program Size: Code=46664 RO-data=13676 RW-data=140 ZI-data=3060  
FromELF: creating hex file...
"IMU_BM1270_BMM350\IMU_BM1270_BMM350.axf" - 0 Error(s), 5 Warning(s).

<h2>Software Packages used:</h2>

Package Vendor: ARM
                https://www.keil.com/pack/ARM.CMSIS.6.1.0.pack
                ARM::CMSIS@6.1.0
                CMSIS (Common Microcontroller Software Interface Standard)
   * Component: CORE Version: 6.1.0

Package Vendor: Keil
                https://www.keil.com/pack/Keil.STM32G4xx_DFP.2.0.0.pack
                Keil::STM32G4xx_DFP@2.0.0
                STMicroelectronics STM32G4 Series Device Support

<h2>Collection of Component include folders:</h2>
  ./RTE/_IMU_BM1270_BMM350
  F:/code/keil5/keil5core/ARM/CMSIS/6.1.0/CMSIS/Core/Include

<h2>Collection of Component Files used:</h2>

   * Component: ARM::CMSIS:CORE@6.1.0
Build Time Elapsed:  00:00:03
</pre>
</body>
</html>
