Component: ARM Compiler 5.06 update 6 (build 750) Tool: armlink [4d35ed]

==============================================================================

Section Cross References

    startup_stm32g431xx.o(STACK) refers (Special) to heapauxi.o(.text) for __use_two_region_memory
    startup_stm32g431xx.o(HEAP) refers (Special) to heapauxi.o(.text) for __use_two_region_memory
    startup_stm32g431xx.o(RESET) refers (Special) to heapauxi.o(.text) for __use_two_region_memory
    startup_stm32g431xx.o(RESET) refers to startup_stm32g431xx.o(STACK) for __initial_sp
    startup_stm32g431xx.o(RESET) refers to startup_stm32g431xx.o(.text) for Reset_Handler
    startup_stm32g431xx.o(RESET) refers to stm32g4xx_it.o(i.NMI_Handler) for NMI_Handler
    startup_stm32g431xx.o(RESET) refers to stm32g4xx_it.o(i.HardFault_Handler) for HardFault_Handler
    startup_stm32g431xx.o(RESET) refers to stm32g4xx_it.o(i.MemManage_Handler) for MemManage_Handler
    startup_stm32g431xx.o(RESET) refers to stm32g4xx_it.o(i.BusFault_Handler) for BusFault_Handler
    startup_stm32g431xx.o(RESET) refers to stm32g4xx_it.o(i.UsageFault_Handler) for UsageFault_Handler
    startup_stm32g431xx.o(RESET) refers to stm32g4xx_it.o(i.SVC_Handler) for SVC_Handler
    startup_stm32g431xx.o(RESET) refers to stm32g4xx_it.o(i.DebugMon_Handler) for DebugMon_Handler
    startup_stm32g431xx.o(RESET) refers to stm32g4xx_it.o(i.PendSV_Handler) for PendSV_Handler
    startup_stm32g431xx.o(RESET) refers to stm32g4xx_it.o(i.SysTick_Handler) for SysTick_Handler
    startup_stm32g431xx.o(RESET) refers to stm32g4xx_it.o(i.DMA1_Channel1_IRQHandler) for DMA1_Channel1_IRQHandler
    startup_stm32g431xx.o(RESET) refers to stm32g4xx_it.o(i.DMA1_Channel2_IRQHandler) for DMA1_Channel2_IRQHandler
    startup_stm32g431xx.o(RESET) refers to stm32g4xx_it.o(i.DMA1_Channel3_IRQHandler) for DMA1_Channel3_IRQHandler
    startup_stm32g431xx.o(RESET) refers to stm32g4xx_it.o(i.TIM1_UP_TIM16_IRQHandler) for TIM1_UP_TIM16_IRQHandler
    startup_stm32g431xx.o(RESET) refers to stm32g4xx_it.o(i.USART1_IRQHandler) for USART1_IRQHandler
    startup_stm32g431xx.o(.text) refers (Special) to heapauxi.o(.text) for __use_two_region_memory
    startup_stm32g431xx.o(.text) refers to system_stm32g4xx.o(i.SystemInit) for SystemInit
    startup_stm32g431xx.o(.text) refers to __main.o(!!!main) for __main
    startup_stm32g431xx.o(.text) refers to startup_stm32g431xx.o(HEAP) for Heap_Mem
    startup_stm32g431xx.o(.text) refers to startup_stm32g431xx.o(STACK) for Stack_Mem
    main.o(.rev16_text) refers (Special) to use_no_semi_2.o(.text) for __use_no_semihosting
    main.o(.revsh_text) refers (Special) to use_no_semi_2.o(.text) for __use_no_semihosting
    main.o(.rrx_text) refers (Special) to use_no_semi_2.o(.text) for __use_no_semihosting
    main.o(i.Error_Handler) refers (Special) to use_no_semi_2.o(.text) for __use_no_semihosting
    main.o(i.SystemClock_Config) refers (Special) to use_no_semi_2.o(.text) for __use_no_semihosting
    main.o(i.SystemClock_Config) refers to rt_memclr_w.o(.text) for __aeabi_memclr4
    main.o(i.SystemClock_Config) refers to stm32g4xx_hal_pwr_ex.o(i.HAL_PWREx_ControlVoltageScaling) for HAL_PWREx_ControlVoltageScaling
    main.o(i.SystemClock_Config) refers to stm32g4xx_hal_rcc.o(i.HAL_RCC_OscConfig) for HAL_RCC_OscConfig
    main.o(i.SystemClock_Config) refers to stm32g4xx_hal_rcc.o(i.HAL_RCC_ClockConfig) for HAL_RCC_ClockConfig
    main.o(i.UART1_IDLE_Callback) refers (Special) to use_no_semi_2.o(.text) for __use_no_semihosting
    main.o(i.UART1_IDLE_Callback) refers to stm32g4xx_hal_uart.o(i.HAL_UART_Transmit) for HAL_UART_Transmit
    main.o(i.UART1_IDLE_Callback) refers to rt_memclr.o(.text) for __aeabi_memclr
    main.o(i.UART1_IDLE_Callback) refers to main.o(.bss) for .bss
    main.o(i.UART1_IDLE_Callback) refers to usart.o(.bss) for huart1
    main.o(i.main) refers (Special) to use_no_semi_2.o(.text) for __use_no_semihosting
    main.o(i.main) refers to _printf_percent.o(.ARM.Collect$$_printf_percent$$00000000) for _printf_percent
    main.o(i.main) refers to _printf_d.o(.ARM.Collect$$_printf_percent$$00000009) for _printf_d
    main.o(i.main) refers to _printf_dec.o(.text) for _printf_int_dec
    main.o(i.main) refers to stm32g4xx_hal.o(i.HAL_Init) for HAL_Init
    main.o(i.main) refers to main.o(i.SystemClock_Config) for SystemClock_Config
    main.o(i.main) refers to gpio.o(i.MX_GPIO_Init) for MX_GPIO_Init
    main.o(i.main) refers to dma.o(i.MX_DMA_Init) for MX_DMA_Init
    main.o(i.main) refers to usart.o(i.MX_USART1_UART_Init) for MX_USART1_UART_Init
    main.o(i.main) refers to tim.o(i.MX_TIM1_Init) for MX_TIM1_Init
    main.o(i.main) refers to i2c.o(i.MX_I2C1_Init) for MX_I2C1_Init
    main.o(i.main) refers to tim.o(i.MX_TIM2_Init) for MX_TIM2_Init
    main.o(i.main) refers to stm32g4xx_hal_uart.o(i.HAL_UART_Receive_DMA) for HAL_UART_Receive_DMA
    main.o(i.main) refers to stm32g4xx_hal_tim.o(i.HAL_TIM_Base_Start_IT) for HAL_TIM_Base_Start_IT
[...]
    EXTI0_IRQHandler                         0x080002c3   Thumb Code     0  startup_stm32g431xx.o(.text)
    EXTI15_10_IRQHandler                     0x080002c3   Thumb Code     0  startup_stm32g431xx.o(.text)
    EXTI1_IRQHandler                         0x080002c3   Thumb Code     0  startup_stm32g431xx.o(.text)
    EXTI2_IRQHandler                         0x080002c3   Thumb Code     0  startup_stm32g431xx.o(.text)
    EXTI3_IRQHandler                         0x080002c3   Thumb Code     0  startup_stm32g431xx.o(.text)
    EXTI4_IRQHandler                         0x080002c3   Thumb Code     0  startup_stm32g431xx.o(.text)
    EXTI9_5_IRQHandler                       0x080002c3   Thumb Code     0  startup_stm32g431xx.o(.text)
    FDCAN1_IT0_IRQHandler                    0x080002c3   Thumb Code     0  startup_stm32g431xx.o(.text)
    FDCAN1_IT1_IRQHandler                    0x080002c3   Thumb Code     0  startup_stm32g431xx.o(.text)
    FLASH_IRQHandler                         0x080002c3   Thumb Code     0  startup_stm32g431xx.o(.text)
    FMAC_IRQHandler                          0x080002c3   Thumb Code     0  startup_stm32g431xx.o(.text)
    FPU_IRQHandler                           0x080002c3   Thumb Code     0  startup_stm32g431xx.o(.text)
    I2C1_ER_IRQHandler                       0x080002c3   Thumb Code     0  startup_stm32g431xx.o(.text)
    I2C1_EV_IRQHandler                       0x080002c3   Thumb Code     0  startup_stm32g431xx.o(.text)
    I2C2_ER_IRQHandler                       0x080002c3   Thumb Code     0  startup_stm32g431xx.o(.text)
    I2C2_EV_IRQHandler                       0x080002c3   Thumb Code     0  startup_stm32g431xx.o(.text)
    I2C3_ER_IRQHandler                       0x080002c3   Thumb Code     0  startup_stm32g431xx.o(.text)
    I2C3_EV_IRQHandler                       0x080002c3   Thumb Code     0  startup_stm32g431xx.o(.text)
    LPTIM1_IRQHandler                        0x080002c3   Thumb Code     0  startup_stm32g431xx.o(.text)
    LPUART1_IRQHandler                       0x080002c3   Thumb Code     0  startup_stm32g431xx.o(.text)
    PVD_PVM_IRQHandler                       0x080002c3   Thumb Code     0  startup_stm32g431xx.o(.text)
    RCC_IRQHandler                           0x080002c3   Thumb Code     0  startup_stm32g431xx.o(.text)
    RNG_IRQHandler                           0x080002c3   Thumb Code     0  startup_stm32g431xx.o(.text)
    RTC_Alarm_IRQHandler                     0x080002c3   Thumb Code     0  startup_stm32g431xx.o(.text)
    RTC_TAMP_LSECSS_IRQHandler               0x080002c3   Thumb Code     0  startup_stm32g431xx.o(.text)
    RTC_WKUP_IRQHandler                      0x080002c3   Thumb Code     0  startup_stm32g431xx.o(.text)
    SAI1_IRQHandler                          0x080002c3   Thumb Code     0  startup_stm32g431xx.o(.text)
    SPI1_IRQHandler                          0x080002c3   Thumb Code     0  startup_stm32g431xx.o(.text)
    SPI2_IRQHandler                          0x080002c3   Thumb Code     0  startup_stm32g431xx.o(.text)
    SPI3_IRQHandler                          0x080002c3   Thumb Code     0  startup_stm32g431xx.o(.text)
    TIM1_BRK_TIM15_IRQHandler                0x080002c3   Thumb Code     0  startup_stm32g431xx.o(.text)
    TIM1_CC_IRQHandler                       0x080002c3   Thumb Code     0  startup_stm32g431xx.o(.text)
    TIM1_TRG_COM_TIM17_IRQHandler            0x080002c3   Thumb Code     0  startup_stm32g431xx.o(.text)
    TIM2_IRQHandler                          0x080002c3   Thumb Code     0  startup_stm32g431xx.o(.text)
    TIM3_IRQHandler                          0x080002c3   Thumb Code     0  startup_stm32g431xx.o(.text)
    TIM4_IRQHandler                          0x080002c3   Thumb Code     0  startup_stm32g431xx.o(.text)
    TIM6_DAC_IRQHandler                      0x080002c3   Thumb Code     0  startup_stm32g431xx.o(.text)
    TIM7_IRQHandler                          0x080002c3   Thumb Code     0  startup_stm32g431xx.o(.text)
    TIM8_BRK_IRQHandler                      0x080002c3   Thumb Code     0  startup_stm32g431xx.o(.text)
    TIM8_CC_IRQHandler                       0x080002c3   Thumb Code     0  startup_stm32g431xx.o(.text)
    TIM8_TRG_COM_IRQHandler                  0x080002c3   Thumb Code     0  startup_stm32g431xx.o(.text)
    TIM8_UP_IRQHandler                       0x080002c3   Thumb Code     0  startup_stm32g431xx.o(.text)
    UART4_IRQHandler                         0x080002c3   Thumb Code     0  startup_stm32g431xx.o(.text)
    UCPD1_IRQHandler                         0x080002c3   Thumb Code     0  startup_stm32g431xx.o(.text)
    USART2_IRQHandler                        0x080002c3   Thumb Code     0  startup_stm32g431xx.o(.text)
    USART3_IRQHandler                        0x080002c3   Thumb Code     0  startup_stm32g431xx.o(.text)
    USBWakeUp_IRQHandler                     0x080002c3   Thumb Code     0  startup_stm32g431xx.o(.text)
    USB_HP_IRQHandler                        0x080002c3   Thumb Code     0  startup_stm32g431xx.o(.text)
    USB_LP_IRQHandler                        0x080002c3   Thumb Code     0  startup_stm32g431xx.o(.text)
    WWDG_IRQHandler                          0x080002c3   Thumb Code     0  startup_stm32g431xx.o(.text)
    __user_initial_stackheap                 0x080002c5   Thumb Code     0  startup_stm32g431xx.o(.text)
    __use_no_semihosting                     0x080002e9   Thumb Code     2  use_no_semi_2.o(.text)
    __aeabi_uldivmod                         0x080002eb   Thumb Code     0  lludivv7m.o(.text)
    _ll_udiv                                 0x080002eb   Thumb Code   238  lludivv7m.o(.text)
    __2printf                                0x080003d9   Thumb Code    20  noretval__2printf.o(.text)
    _printf_str                              0x080003f1   Thumb Code    82  _printf_str.o(.text)
    _printf_int_dec                          0x08000445   Thumb Code   104  _printf_dec.o(.text)
    _printf_int_hex                          0x080004bd   Thumb Code    84  _printf_hex_int.o(.text)
    _printf_longlong_hex                     0x080004bd   Thumb Code     0  _printf_hex_int.o(.text)
    __printf                                 0x08000515   Thumb Code   270  __printf_wp.o(.text)
    __aeabi_memcpy                           0x08000623   Thumb Code     0  rt_memcpy_v6.o(.text)
    __rt_memcpy                              0x08000623   Thumb Code   138  rt_memcpy_v6.o(.text)
    _memcpy_lastbytes                        0x08000689   Thumb Code     0  rt_memcpy_v6.o(.text)
    __aeabi_memclr                           0x080006ad   Thumb Code     0  rt_memclr.o(.text)
    __rt_memclr                              0x080006ad   Thumb Code    68  rt_memclr.o(.text)
    _memset                                  0x080006b1   Thumb Code     0  rt_memclr.o(.text)
    __aeabi_memclr4                          0x080006f1   Thumb Code     0  rt_memclr_w.o(.text)
    __aeabi_memclr8                          0x080006f1   Thumb Code     0  rt_memclr_w.o(.text)
    __rt_memclr_w                            0x080006f1   Thumb Code    78  rt_memclr_w.o(.text)
    _memset_w                                0x080006f5   Thumb Code     0  rt_memclr_w.o(.text)
    __use_two_region_memory                  0x0800073f   Thumb Code     2  heapauxi.o(.text)
    __rt_heap_escrow$2region                 0x08000741   Thumb Code     2  heapauxi.o(.text)
    __rt_heap_expand$2region                 0x08000743   Thumb Code     2  heapauxi.o(.text)
    __I$use$semihosting                      0x08000745   Thumb Code     0  use_no_semi.o(.text)
    __use_no_semihosting_swi                 0x08000745   Thumb Code     2  use_no_semi.o(.text)
    __read_errno                             0x08000747   Thumb Code    10  _rserrno.o(.text)
    __set_errno                              0x08000751   Thumb Code    12  _rserrno.o(.text)
    _printf_int_common                       0x0800075d   Thumb Code   178  _printf_intcommon.o(.text)
    __lib_sel_fp_printf                      0x0800080f   Thumb Code     2  _printf_fp_dec.o(.text)
    _printf_fp_dec_real                      0x080009c1   Thumb Code   620  _printf_fp_dec.o(.text)
    _printf_cs_common                        0x08000c2d   Thumb Code    20  _printf_char.o(.text)
    _printf_char                             0x08000c41   Thumb Code    16  _printf_char.o(.text)
    _printf_string                           0x08000c51   Thumb Code     8  _printf_char.o(.text)
    _printf_char_file                        0x08000c59   Thumb Code    32  _printf_char_file.o(.text)
    __aeabi_memcpy4                          0x08000c7d   Thumb Code     0  rt_memcpy_w.o(.text)
    __aeabi_memcpy8                          0x08000c7d   Thumb Code     0  rt_memcpy_w.o(.text)
    __rt_memcpy_w                            0x08000c7d   Thumb Code   100  rt_memcpy_w.o(.text)
    _memcpy_lastbytes_aligned                0x08000cc5   Thumb Code     0  rt_memcpy_w.o(.text)
    __rt_locale                              0x08000ce1   Thumb Code     8  rt_locale_intlibspace.o(.text)
    __aeabi_errno_addr                       0x08000ce9   Thumb Code     8  rt_errno_addr_intlibspace.o(.text)
    __errno$intlibspace                      0x08000ce9   Thumb Code     0  rt_errno_addr_intlibspace.o(.text)
    __rt_errno_addr$intlibspace              0x08000ce9   Thumb Code     0  rt_errno_addr_intlibspace.o(.text)
    _ll_udiv10                               0x08000cf1   Thumb Code   138  lludiv10.o(.text)
    _printf_char_common                      0x08000d87   Thumb Code    32  _printf_char_common.o(.text)
    _printf_fp_infnan                        0x08000dad   Thumb Code   112  _printf_fp_infnan.o(.text)
    _btod_etento                             0x08000e2d   Thumb Code   224  bigflt0.o(.text)
    ferror                                   0x08000f11   Thumb Code     8  ferror.o(.text)
    __user_libspace                          0x08000f19   Thumb Code     8  libspace.o(.text)
    __user_perproc_libspace                  0x08000f19   Thumb Code     0  libspace.o(.text)
    __user_perthread_libspace                0x08000f19   Thumb Code     0  libspace.o(.text)
    __user_setup_stackheap                   0x08000f21   Thumb Code    74  sys_stackheap_outer.o(.text)
    exit                                     0x08000f6b   Thumb Code    18  exit.o(.text)
    strcmp                                   0x08000f7d   Thumb Code   128  strcmpv7m.o(.text)
    _btod_d2e                                0x08000ffd   Thumb Code    62  btod.o(CL$$btod_d2e)
    _d2e_denorm_low                          0x0800103b   Thumb Code    70  btod.o(CL$$btod_d2e_denorm_low)
    _d2e_norm_op1                            0x08001081   Thumb Code    96  btod.o(CL$$btod_d2e_norm_op1)
    __btod_div_common                        0x080010e1   Thumb Code   696  btod.o(CL$$btod_div_common)
    _e2e                                     0x08001419   Thumb Code   220  btod.o(CL$$btod_e2e)
    _btod_ediv                               0x080014f5   Thumb Code    42  btod.o(CL$$btod_ediv)
    _btod_emul                               0x0800151f   Thumb Code    42  btod.o(CL$$btod_emul)
    __btod_mult_common                       0x08001549   Thumb Code   580  btod.o(CL$$btod_mult_common)
    ANO_Send_Attitude                        0x08001801   Thumb Code   104  anony_protocol.o(i.ANO_Send_Attitude)
    ANO_Send_InertialSensor                  0x0800186d   Thumb Code   100  anony_protocol.o(i.ANO_Send_InertialSensor)
    ANO_Send_LinkData                        0x080018d1   Thumb Code    32  anony_protocol.o(i.ANO_Send_LinkData)
    ANO_Send_MagTempSensor                   0x080018f1   Thumb Code    74  anony_protocol.o(i.ANO_Send_MagTempSensor)
    ANO_Send_UserData                        0x0800193d   Thumb Code   142  anony_protocol.o(i.ANO_Send_UserData)
    BusFault_Handler                         0x080019d1   Thumb Code     2  stm32g4xx_it.o(i.BusFault_Handler)
    DMA1_Channel1_IRQHandler                 0x080019d5   Thumb Code     6  stm32g4xx_it.o(i.DMA1_Channel1_IRQHandler)
    DMA1_Channel2_IRQHandler                 0x080019e1   Thumb Code     6  stm32g4xx_it.o(i.DMA1_Channel2_IRQHandler)
    DMA1_Channel3_IRQHandler                 0x080019ed   Thumb Code     6  stm32g4xx_it.o(i.DMA1_Channel3_IRQHandler)
    DWT_Delay_Init                           0x08001a9d   Thumb Code    38  delay.o(i.DWT_Delay_Init)
    DebugMon_Handler                         0x08001acd   Thumb Code     2  stm32g4xx_it.o(i.DebugMon_Handler)
    Error_Handler                            0x08001acf   Thumb Code     4  main.o(i.Error_Handler)
    HAL_DMA_Abort                            0x08001ad3   Thumb Code   106  stm32g4xx_hal_dma.o(i.HAL_DMA_Abort)
    HAL_DMA_Abort_IT                         0x08001b3d   Thumb Code   120  stm32g4xx_hal_dma.o(i.HAL_DMA_Abort_IT)
    HAL_DMA_IRQHandler                       0x08001bb5   Thumb Code   186  stm32g4xx_hal_dma.o(i.HAL_DMA_IRQHandler)
    HAL_DMA_Init                             0x08001c71   Thumb Code   178  stm32g4xx_hal_dma.o(i.HAL_DMA_Init)
    HAL_DMA_Start_IT                         0x08001d31   Thumb Code   140  stm32g4xx_hal_dma.o(i.HAL_DMA_Start_IT)
    HAL_Delay                                0x08001dbd   Thumb Code    32  stm32g4xx_hal.o(i.HAL_Delay)
    HAL_GPIO_Init                            0x08001de1   Thumb Code   550  stm32g4xx_hal_gpio.o(i.HAL_GPIO_Init)
    HAL_GPIO_WritePin                        0x08002029   Thumb Code    10  stm32g4xx_hal_gpio.o(i.HAL_GPIO_WritePin)
    HAL_GetTick                              0x08002035   Thumb Code     6  stm32g4xx_hal.o(i.HAL_GetTick)
    HAL_I2CEx_ConfigAnalogFilter             0x08002041   Thumb Code    86  stm32g4xx_hal_i2c_ex.o(i.HAL_I2CEx_ConfigAnalogFilter)
    HAL_I2CEx_ConfigDigitalFilter            0x08002097   Thumb Code    82  stm32g4xx_hal_i2c_ex.o(i.HAL_I2CEx_ConfigDigitalFilter)
    HAL_I2C_Init                             0x080020e9   Thumb Code   184  stm32g4xx_hal_i2c.o(i.HAL_I2C_Init)
    HAL_I2C_Mem_Read                         0x080021a5   Thumb Code   346  stm32g4xx_hal_i2c.o(i.HAL_I2C_Mem_Read)
    HAL_I2C_Mem_Write                        0x08002309   Thumb Code   340  stm32g4xx_hal_i2c.o(i.HAL_I2C_Mem_Write)
    HAL_I2C_MspInit                          0x08002461   Thumb Code   150  i2c.o(i.HAL_I2C_MspInit)
    HAL_IncTick                              0x08002505   Thumb Code    12  stm32g4xx_hal.o(i.HAL_IncTick)
    HAL_Init                                 0x08002515   Thumb Code    30  stm32g4xx_hal.o(i.HAL_Init)
    HAL_InitTick                             0x08002535   Thumb Code    58  stm32g4xx_hal.o(i.HAL_InitTick)
    HAL_MspInit                              0x08002579   Thumb Code    42  stm32g4xx_hal_msp.o(i.HAL_MspInit)
    HAL_NVIC_EnableIRQ                       0x080025a9   Thumb Code    26  stm32g4xx_hal_cortex.o(i.HAL_NVIC_EnableIRQ)
    HAL_NVIC_SetPriority                     0x080025c5   Thumb Code    60  stm32g4xx_hal_cortex.o(i.HAL_NVIC_SetPriority)
    HAL_NVIC_SetPriorityGrouping             0x08002605   Thumb Code    26  stm32g4xx_hal_cortex.o(i.HAL_NVIC_SetPriorityGrouping)
    HAL_PWREx_ControlVoltageScaling          0x08002629   Thumb Code   174  stm32g4xx_hal_pwr_ex.o(i.HAL_PWREx_ControlVoltageScaling)
    HAL_PWREx_DisableUCPDDeadBattery         0x080026e5   Thumb Code    12  stm32g4xx_hal_pwr_ex.o(i.HAL_PWREx_DisableUCPDDeadBattery)
    HAL_RCCEx_PeriphCLKConfig                0x080026f5   Thumb Code   638  stm32g4xx_hal_rcc_ex.o(i.HAL_RCCEx_PeriphCLKConfig)
    HAL_RCC_ClockConfig                      0x0800297d   Thumb Code   444  stm32g4xx_hal_rcc.o(i.HAL_RCC_ClockConfig)
    HAL_RCC_GetPCLK1Freq                     0x08002b59   Thumb Code    24  stm32g4xx_hal_rcc.o(i.HAL_RCC_GetPCLK1Freq)
    HAL_RCC_GetPCLK2Freq                     0x08002b7d   Thumb Code    24  stm32g4xx_hal_rcc.o(i.HAL_RCC_GetPCLK2Freq)
    HAL_RCC_GetSysClockFreq                  0x08002ba1   Thumb Code    98  stm32g4xx_hal_rcc.o(i.HAL_RCC_GetSysClockFreq)
    HAL_RCC_OscConfig                        0x08002c0d   Thumb Code  1028  stm32g4xx_hal_rcc.o(i.HAL_RCC_OscConfig)
    HAL_SYSTICK_Config                       0x08003011   Thumb Code    40  stm32g4xx_hal_cortex.o(i.HAL_SYSTICK_Config)
    HAL_TIMEx_Break2Callback                 0x08003039   Thumb Code     2  stm32g4xx_hal_tim_ex.o(i.HAL_TIMEx_Break2Callback)
    HAL_TIMEx_BreakCallback                  0x0800303b   Thumb Code     2  stm32g4xx_hal_tim_ex.o(i.HAL_TIMEx_BreakCallback)
    HAL_TIMEx_CommutCallback                 0x0800303d   Thumb Code     2  stm32g4xx_hal_tim_ex.o(i.HAL_TIMEx_CommutCallback)
    HAL_TIMEx_DirectionChangeCallback        0x0800303f   Thumb Code     2  stm32g4xx_hal_tim_ex.o(i.HAL_TIMEx_DirectionChangeCallback)
    HAL_TIMEx_EncoderIndexCallback           0x08003041   Thumb Code     2  stm32g4xx_hal_tim_ex.o(i.HAL_TIMEx_EncoderIndexCallback)
    HAL_TIMEx_IndexErrorCallback             0x08003043   Thumb Code     2  stm32g4xx_hal_tim_ex.o(i.HAL_TIMEx_IndexErrorCallback)
    HAL_TIMEx_MasterConfigSynchronization    0x08003045   Thumb Code   132  stm32g4xx_hal_tim_ex.o(i.HAL_TIMEx_MasterConfigSynchronization)
    HAL_TIMEx_TransitionErrorCallback        0x080030e1   Thumb Code     2  stm32g4xx_hal_tim_ex.o(i.HAL_TIMEx_TransitionErrorCallback)
    HAL_TIM_Base_Init                        0x080030e3   Thumb Code    98  stm32g4xx_hal_tim.o(i.HAL_TIM_Base_Init)
    HAL_TIM_Base_MspInit                     0x08003145   Thumb Code   124  tim.o(i.HAL_TIM_Base_MspInit)
    HAL_TIM_Base_Start_IT                    0x080031d1   Thumb Code    94  stm32g4xx_hal_tim.o(i.HAL_TIM_Base_Start_IT)
    HAL_TIM_ConfigClockSource                0x08003249   Thumb Code   246  stm32g4xx_hal_tim.o(i.HAL_TIM_ConfigClockSource)
    HAL_TIM_IC_CaptureCallback               0x08003349   Thumb Code     2  stm32g4xx_hal_tim.o(i.HAL_TIM_IC_CaptureCallback)
    HAL_TIM_IRQHandler                       0x0800334b   Thumb Code   418  stm32g4xx_hal_tim.o(i.HAL_TIM_IRQHandler)
    HAL_TIM_OC_DelayElapsedCallback          0x080034ed   Thumb Code     2  stm32g4xx_hal_tim.o(i.HAL_TIM_OC_DelayElapsedCallback)
    HAL_TIM_PWM_PulseFinishedCallback        0x080034ef   Thumb Code     2  stm32g4xx_hal_tim.o(i.HAL_TIM_PWM_PulseFinishedCallback)
    HAL_TIM_PeriodElapsedCallback            0x080034f1   Thumb Code     2  stm32g4xx_hal_tim.o(i.HAL_TIM_PeriodElapsedCallback)
    HAL_TIM_TriggerCallback                  0x080034f3   Thumb Code     2  stm32g4xx_hal_tim.o(i.HAL_TIM_TriggerCallback)
    HAL_UARTEx_DisableFifoMode               0x080034f5   Thumb Code    62  stm32g4xx_hal_uart_ex.o(i.HAL_UARTEx_DisableFifoMode)
    HAL_UARTEx_RxEventCallback               0x08003533   Thumb Code     2  stm32g4xx_hal_uart.o(i.HAL_UARTEx_RxEventCallback)
    HAL_UARTEx_RxFifoFullCallback            0x08003535   Thumb Code     2  stm32g4xx_hal_uart_ex.o(i.HAL_UARTEx_RxFifoFullCallback)
    HAL_UARTEx_SetRxFifoThreshold            0x08003537   Thumb Code    76  stm32g4xx_hal_uart_ex.o(i.HAL_UARTEx_SetRxFifoThreshold)
    HAL_UARTEx_SetTxFifoThreshold            0x08003583   Thumb Code    76  stm32g4xx_hal_uart_ex.o(i.HAL_UARTEx_SetTxFifoThreshold)
    HAL_UARTEx_TxFifoEmptyCallback           0x080035cf   Thumb Code     2  stm32g4xx_hal_uart_ex.o(i.HAL_UARTEx_TxFifoEmptyCallback)
    HAL_UARTEx_WakeupCallback                0x080035d1   Thumb Code     2  stm32g4xx_hal_uart_ex.o(i.HAL_UARTEx_WakeupCallback)
    HAL_UART_ErrorCallback                   0x080035d3   Thumb Code     2  stm32g4xx_hal_uart.o(i.HAL_UART_ErrorCallback)
    HAL_UART_IRQHandler                      0x080035d5   Thumb Code   782  stm32g4xx_hal_uart.o(i.HAL_UART_IRQHandler)
    HAL_UART_Init                            0x080038f1   Thumb Code   106  stm32g4xx_hal_uart.o(i.HAL_UART_Init)
    HAL_UART_MspInit                         0x0800395d   Thumb Code   234  usart.o(i.HAL_UART_MspInit)
    HAL_UART_Receive_DMA                     0x08003a59   Thumb Code    66  stm32g4xx_hal_uart.o(i.HAL_UART_Receive_DMA)
    HAL_UART_RxCpltCallback                  0x08003aa1   Thumb Code     2  stm32g4xx_hal_uart.o(i.HAL_UART_RxCpltCallback)
    HAL_UART_RxHalfCpltCallback              0x08003aa3   Thumb Code     2  stm32g4xx_hal_uart.o(i.HAL_UART_RxHalfCpltCallback)
    HAL_UART_Transmit                        0x08003aa5   Thumb Code   174  stm32g4xx_hal_uart.o(i.HAL_UART_Transmit)
    HAL_UART_Transmit_DMA                    0x08003b55   Thumb Code   132  stm32g4xx_hal_uart.o(i.HAL_UART_Transmit_DMA)
    HAL_UART_TxCpltCallback                  0x08003be5   Thumb Code    30  usart_printf.o(i.HAL_UART_TxCpltCallback)
    HAL_UART_TxHalfCpltCallback              0x08003c09   Thumb Code     2  stm32g4xx_hal_uart.o(i.HAL_UART_TxHalfCpltCallback)
    HardFault_Handler                        0x08003c0b   Thumb Code     2  stm32g4xx_it.o(i.HardFault_Handler)
    IMU_INIT_GETDATA                         0x08003f61   Thumb Code  1526  read_aux_data_mode.o(i.IMU_INIT_GETDATA)
    MX_DMA_Init                              0x08004581   Thumb Code    88  dma.o(i.MX_DMA_Init)
    MX_GPIO_Init                             0x080045dd   Thumb Code   116  gpio.o(i.MX_GPIO_Init)
    MX_I2C1_Init                             0x08004659   Thumb Code    76  i2c.o(i.MX_I2C1_Init)
    MX_TIM1_Init                             0x080046b1   Thumb Code   102  tim.o(i.MX_TIM1_Init)
    MX_TIM2_Init                             0x08004721   Thumb Code    94  tim.o(i.MX_TIM2_Init)
    MX_USART1_UART_Init                      0x08004785   Thumb Code    94  usart.o(i.MX_USART1_UART_Init)
    MemManage_Handler                        0x080047ed   Thumb Code     2  stm32g4xx_it.o(i.MemManage_Handler)
    NMI_Handler                              0x080047ef   Thumb Code     2  stm32g4xx_it.o(i.NMI_Handler)
    PendSV_Handler                           0x080047f1   Thumb Code     2  stm32g4xx_it.o(i.PendSV_Handler)
    SVC_Handler                              0x080047f3   Thumb Code     2  stm32g4xx_it.o(i.SVC_Handler)
    SysTick_Handler                          0x080047f5   Thumb Code     4  stm32g4xx_it.o(i.SysTick_Handler)
    SystemClock_Config                       0x080047f9   Thumb Code   104  main.o(i.SystemClock_Config)
    SystemInit                               0x08004861   Thumb Code    12  system_stm32g4xx.o(i.SystemInit)
    TIM1_UP_TIM16_IRQHandler                 0x08004871   Thumb Code     6  stm32g4xx_it.o(i.TIM1_UP_TIM16_IRQHandler)
    TIM_Base_SetConfig                       0x0800487d   Thumb Code   160  stm32g4xx_hal_tim.o(i.TIM_Base_SetConfig)
    TIM_ETR_SetConfig                        0x08004939   Thumb Code    20  stm32g4xx_hal_tim.o(i.TIM_ETR_SetConfig)
    UART1_IDLE_Callback                      0x080049a9   Thumb Code    32  main.o(i.UART1_IDLE_Callback)
    UART_AdvFeatureConfig                    0x08004a15   Thumb Code   200  stm32g4xx_hal_uart.o(i.UART_AdvFeatureConfig)
    UART_CheckIdleState                      0x08004add   Thumb Code   172  stm32g4xx_hal_uart.o(i.UART_CheckIdleState)
    UART_SetConfig                           0x08004d65   Thumb Code   582  stm32g4xx_hal_uart.o(i.UART_SetConfig)
    UART_Start_Receive_DMA                   0x08004fd9   Thumb Code   156  stm32g4xx_hal_uart.o(i.UART_Start_Receive_DMA)
    UART_WaitOnFlagUntilTimeout              0x08005081   Thumb Code   148  stm32g4xx_hal_uart.o(i.UART_WaitOnFlagUntilTimeout)
    USART1_IRQHandler                        0x08005115   Thumb Code    48  stm32g4xx_it.o(i.USART1_IRQHandler)
    UsageFault_Handler                       0x08005149   Thumb Code     2  stm32g4xx_it.o(i.UsageFault_Handler)
    __ARM_fpclassify                         0x0800514b   Thumb Code    48  fpclassify.o(i.__ARM_fpclassify)
    __ARM_fpclassifyf                        0x0800517b   Thumb Code    38  fpclassifyf.o(i.__ARM_fpclassifyf)
    __hardfp_asinf                           0x080051c1   Thumb Code   258  asinf.o(i.__hardfp_asinf)
    __hardfp_atan2f                          0x080052ed   Thumb Code   502  atan2f.o(i.__hardfp_atan2f)
    __hardfp_pow                             0x08005541   Thumb Code  3072  pow.o(i.__hardfp_pow)
    __hardfp_sqrtf                           0x08006191   Thumb Code    58  sqrtf.o(i.__hardfp_sqrtf)
    __kernel_poly                            0x080061cb   Thumb Code   248  poly.o(i.__kernel_poly)
    __mathlib_dbl_divzero                    0x080062c9   Thumb Code    28  dunder.o(i.__mathlib_dbl_divzero)
    __mathlib_dbl_infnan2                    0x080062f9   Thumb Code    20  dunder.o(i.__mathlib_dbl_infnan2)
    __mathlib_dbl_invalid                    0x08006311   Thumb Code    24  dunder.o(i.__mathlib_dbl_invalid)
    __mathlib_dbl_overflow                   0x08006331   Thumb Code    24  dunder.o(i.__mathlib_dbl_overflow)
    __mathlib_dbl_underflow                  0x08006351   Thumb Code    24  dunder.o(i.__mathlib_dbl_underflow)
    __mathlib_flt_infnan                     0x08006371   Thumb Code     6  funder.o(i.__mathlib_flt_infnan)
    __mathlib_flt_infnan2                    0x08006377   Thumb Code     6  funder.o(i.__mathlib_flt_infnan2)
    __mathlib_flt_invalid                    0x0800637d   Thumb Code    10  funder.o(i.__mathlib_flt_invalid)
    __mathlib_flt_underflow                  0x0800638d   Thumb Code    10  funder.o(i.__mathlib_flt_underflow)
    _is_digit                                0x0800639d   Thumb Code    14  __printf_wp.o(i._is_digit)
    _sys_exit                                0x080063ab   Thumb Code     2  usart_printf.o(i._sys_exit)
    bmi270_init                              0x080063ad   Thumb Code   102  bmi270.o(i.bmi270_init)
    bmi2_aux_interface_init                  0x080065b9   Thumb Code    28  read_aux_data_mode.o(i.bmi2_aux_interface_init)
    bmi2_delay_us                            0x080065e1   Thumb Code     4  common.o(i.bmi2_delay_us)
    bmi2_error_codes_print_result            0x080065e5   Thumb Code    22  common.o(i.bmi2_error_codes_print_result)
    bmi2_extract_input_feat_config           0x0800663d   Thumb Code    54  bmi2.o(i.bmi2_extract_input_feat_config)
    bmi2_get_feat_config                     0x08006673   Thumb Code   160  bmi2.o(i.bmi2_get_feat_config)
    bmi2_get_feature_data                    0x08006713   Thumb Code   132  bmi2.o(i.bmi2_get_feature_data)
    bmi2_get_gyro_cross_sense                0x08006797   Thumb Code    64  bmi2.o(i.bmi2_get_gyro_cross_sense)
    bmi2_get_internal_status                 0x080067d7   Thumb Code    48  bmi2.o(i.bmi2_get_internal_status)
    bmi2_get_regs                            0x08006807   Thumb Code   126  bmi2.o(i.bmi2_get_regs)
    bmi2_get_sensor_config                   0x08006885   Thumb Code   276  bmi2.o(i.bmi2_get_sensor_config)
    bmi2_get_sensor_data                     0x08006999   Thumb Code    46  bmi2.o(i.bmi2_get_sensor_data)
    bmi2_get_status                          0x080069c7   Thumb Code    38  bmi2.o(i.bmi2_get_status)
    bmi2_i2c_read                            0x080069ed   Thumb Code    46  common.o(i.bmi2_i2c_read)
    bmi2_i2c_write                           0x08006a21   Thumb Code    46  common.o(i.bmi2_i2c_write)
    bmi2_interface_init                      0x08006a55   Thumb Code    90  common.o(i.bmi2_interface_init)
    bmi2_map_data_int                        0x08006af5   Thumb Code   118  bmi2.o(i.bmi2_map_data_int)
    bmi2_parse_sensor_data                   0x08006b6b   Thumb Code   126  bmi2.o(i.bmi2_parse_sensor_data)
    bmi2_read_aux_man_mode                   0x08006be9   Thumb Code   124  bmi2.o(i.bmi2_read_aux_man_mode)
    bmi2_sec_init                            0x08006c65   Thumb Code   114  bmi2.o(i.bmi2_sec_init)
    bmi2_sensor_disable                      0x08006cdd   Thumb Code    56  bmi2.o(i.bmi2_sensor_disable)
    bmi2_sensor_enable                       0x08006d15   Thumb Code    56  bmi2.o(i.bmi2_sensor_enable)
    bmi2_set_adv_power_save                  0x08006d4d   Thumb Code    84  bmi2.o(i.bmi2_set_adv_power_save)
    bmi2_set_regs                            0x08006da1   Thumb Code   156  bmi2.o(i.bmi2_set_regs)
    bmi2_set_sensor_config                   0x08006e3d   Thumb Code   166  bmi2.o(i.bmi2_set_sensor_config)
    bmi2_soft_reset                          0x08006ee3   Thumb Code    96  bmi2.o(i.bmi2_soft_reset)
    bmi2_write_aux_man_mode                  0x08006f43   Thumb Code   158  bmi2.o(i.bmi2_write_aux_man_mode)
    bmi2_write_config_file                   0x08006fe1   Thumb Code    96  bmi2.o(i.bmi2_write_config_file)
    bmm350_delay_us                          0x08007041   Thumb Code    28  bmm350.o(i.bmm350_delay_us)
    bmm350_enable_axes                       0x0800705d   Thumb Code    76  bmm350.o(i.bmm350_enable_axes)
    bmm350_error_codes_print_result          0x080070a9   Thumb Code    98  read_aux_data_mode.o(i.bmm350_error_codes_print_result)
    bmm350_get_compensated_mag_xyz_temp_data 0x080071c1   Thumb Code   470  bmm350.o(i.bmm350_get_compensated_mag_xyz_temp_data)
    bmm350_get_pmu_cmd_status_0              0x0800739d   Thumb Code    74  bmm350.o(i.bmm350_get_pmu_cmd_status_0)
    bmm350_get_regs                          0x080073e7   Thumb Code    94  bmm350.o(i.bmm350_get_regs)
    bmm350_init                              0x08007445   Thumb Code   192  bmm350.o(i.bmm350_init)
    bmm350_magnetic_reset_and_wait           0x08007505   Thumb Code   212  bmm350.o(i.bmm350_magnetic_reset_and_wait)
    bmm350_read_uncomp_mag_temp_data         0x080075d9   Thumb Code   202  bmm350.o(i.bmm350_read_uncomp_mag_temp_data)
    bmm350_set_odr_performance               0x080076a3   Thumb Code   120  bmm350.o(i.bmm350_set_odr_performance)
    bmm350_set_powermode                     0x0800771b   Thumb Code   100  bmm350.o(i.bmm350_set_powermode)
    bmm350_set_regs                          0x0800777f   Thumb Code    58  bmm350.o(i.bmm350_set_regs)
    delay_ms                                 0x08007935   Thumb Code    22  delay.o(i.delay_ms)
    delay_us                                 0x0800794d   Thumb Code    26  delay.o(i.delay_us)
    fabs                                     0x080079ab   Thumb Code    24  fabs.o(i.fabs)
    fputc                                    0x08007a05   Thumb Code   120  usart_printf.o(i.fputc)
    imu_attitude_get                         0x08007d65   Thumb Code     8  imu_attitude.o(i.imu_attitude_get)
    imu_attitude_init                        0x08007d71   Thumb Code    54  imu_attitude.o(i.imu_attitude_init)
    imu_attitude_update                      0x08007db5   Thumb Code   850  imu_attitude.o(i.imu_attitude_update)
    main                                     0x080081f1   Thumb Code    90  main.o(i.main)
    sqrt                                     0x08008a15   Thumb Code   110  sqrt.o(i.sqrt)
    sqrtf                                    0x08008a83   Thumb Code    62  sqrtf.o(i.sqrtf)
    uart_flush                               0x08008ac1   Thumb Code    36  usart_printf.o(i.uart_flush)
    usart_printf_init                        0x08008df9   Thumb Code    14  usart_printf.o(i.usart_printf_init)
    _get_lc_numeric                          0x08008ec9   Thumb Code    44  lc_numeric_c.o(locale$$code)
    __aeabi_dneg                             0x08008ef5   Thumb Code     0  basic.o(x$fpl$basic)
    _dneg                                    0x08008ef5   Thumb Code     6  basic.o(x$fpl$basic)
    __aeabi_fneg                             0x08008efb   Thumb Code     0  basic.o(x$fpl$basic)
    _fneg                                    0x08008efb   Thumb Code     6  basic.o(x$fpl$basic)
    _dabs                                    0x08008f01   Thumb Code     6  basic.o(x$fpl$basic)
    _fabs                                    0x08008f07   Thumb Code     6  basic.o(x$fpl$basic)
    __aeabi_d2f                              0x08008f0d   Thumb Code     0  d2f.o(x$fpl$d2f)
    _d2f                                     0x08008f0d   Thumb Code    98  d2f.o(x$fpl$d2f)
    __aeabi_dadd                             0x08008f71   Thumb Code     0  daddsub_clz.o(x$fpl$dadd)
    _dadd                                    0x08008f71   Thumb Code   332  daddsub_clz.o(x$fpl$dadd)
    __fpl_dcheck_NaN1                        0x080090c1   Thumb Code    10  dcheck1.o(x$fpl$dcheck1)
    __fpl_dcmp_Inf                           0x080090d1   Thumb Code    24  dcmpi.o(x$fpl$dcmpinf)
    __aeabi_ddiv                             0x080090e9   Thumb Code     0  ddiv.o(x$fpl$ddiv)
    _ddiv                                    0x080090e9   Thumb Code   552  ddiv.o(x$fpl$ddiv)
    __aeabi_i2d                              0x08009399   Thumb Code     0  dflt_clz.o(x$fpl$dflt)
    _dflt                                    0x08009399   Thumb Code    46  dflt_clz.o(x$fpl$dflt)
    __aeabi_ui2d                             0x080093c7   Thumb Code     0  dflt_clz.o(x$fpl$dfltu)
    _dfltu                                   0x080093c7   Thumb Code    38  dflt_clz.o(x$fpl$dfltu)
    __aeabi_cdcmple                          0x080093ed   Thumb Code     0  dleqf.o(x$fpl$dleqf)
    _dcmple                                  0x080093ed   Thumb Code   120  dleqf.o(x$fpl$dleqf)
    __fpl_dcmple_InfNaN                      0x0800944f   Thumb Code     0  dleqf.o(x$fpl$dleqf)
    __aeabi_dmul                             0x08009465   Thumb Code     0  dmul.o(x$fpl$dmul)
    _dmul                                    0x08009465   Thumb Code   332  dmul.o(x$fpl$dmul)
    __fpl_dnaninf                            0x080095b9   Thumb Code   156  dnaninf.o(x$fpl$dnaninf)
    __fpl_dretinf                            0x08009655   Thumb Code    12  dretinf.o(x$fpl$dretinf)
    __aeabi_cdrcmple                         0x08009661   Thumb Code     0  drleqf.o(x$fpl$drleqf)
    _drcmple                                 0x08009661   Thumb Code   108  drleqf.o(x$fpl$drleqf)
    __aeabi_drsub                            0x080096cd   Thumb Code     0  daddsub_clz.o(x$fpl$drsb)
    _drsb                                    0x080096cd   Thumb Code    22  daddsub_clz.o(x$fpl$drsb)
    _dsqrt                                   0x080096e5   Thumb Code   404  dsqrt_umaal.o(x$fpl$dsqrt)
    __aeabi_dsub                             0x0800987d   Thumb Code     0  daddsub_clz.o(x$fpl$dsub)
    _dsub                                    0x0800987d   Thumb Code   464  daddsub_clz.o(x$fpl$dsub)
    __aeabi_f2d                              0x08009a51   Thumb Code     0  f2d.o(x$fpl$f2d)
    _f2d                                     0x08009a51   Thumb Code    86  f2d.o(x$fpl$f2d)
    __fpl_fnaninf                            0x08009aa7   Thumb Code   140  fnaninf.o(x$fpl$fnaninf)
    _fp_init                                 0x08009b33   Thumb Code    10  fpinit.o(x$fpl$fpinit)
    __fplib_config_fpu_vfp                   0x08009b3b   Thumb Code     0  fpinit.o(x$fpl$fpinit)
    __fplib_config_pureend_doubles           0x08009b3b   Thumb Code     0  fpinit.o(x$fpl$fpinit)
    __fpl_fretinf                            0x08009b3d   Thumb Code    10  fretinf.o(x$fpl$fretinf)
    _printf_fp_dec                           0x08009b47   Thumb Code     4  printf1.o(x$fpl$printf1)
    __fpl_return_NaN                         0x08009b4b   Thumb Code   100  retnan.o(x$fpl$retnan)
    __ARM_scalbn                             0x08009baf   Thumb Code    92  scalbn.o(x$fpl$scalbn)
    __fpl_cmpreturn                          0x08009c0b   Thumb Code    48  trapv.o(x$fpl$trapveneer)
    UARTPrescTable                           0x08009c3a   Data          24  stm32g4xx_hal_uart.o(.constdata)
    __I$use$fp                               0x08009c3a   Number         0  usenofp.o(x$fpl$usenofp)
    AHBPrescTable                            0x08009c62   Data          16  system_stm32g4xx.o(.constdata)
    APBPrescTable                            0x08009c72   Data           8  system_stm32g4xx.o(.constdata)
    bmi270_config_file                       0x08009c82   Data        8192  bmi270.o(.constdata)
    bmi270_feat_in                           0x0800bc82   Data          51  bmi270.o(.constdata)
    bmi270_feat_out                          0x0800bcb5   Data          21  bmi270.o(.constdata)
    __mathlib_zero                           0x0800bda0   Data           8  qnan.o(.constdata)
    Region$$Table$$Base                      0x0800c0ec   Number         0  anon$$obj.o(Region$$Table)
    Region$$Table$$Limit                     0x0800c10c   Number         0  anon$$obj.o(Region$$Table)
    uwTickPrio                               0x20000000   Data           4  stm32g4xx_hal.o(.data)
    uwTickFreq                               0x20000004   Data           4  stm32g4xx_hal.o(.data)
    uwTick                                   0x20000008   Data           4  stm32g4xx_hal.o(.data)
    SystemCoreClock                          0x2000000c   Data           4  system_stm32g4xx.o(.data)
    bmi270_map_int                           0x20000010   Data          16  bmi270.o(.data)
    __stdout                                 0x20000034   Data           4  usart_printf.o(.data)
    rx_buf                                   0x20000054   Data          64  main.o(.bss)
    hi2c1                                    0x20000094   Data          84  i2c.o(.bss)
    htim1                                    0x200000e8   Data          76  tim.o(.bss)
    htim2                                    0x20000134   Data          76  tim.o(.bss)
    hdma_tim1_up                             0x20000180   Data          96  tim.o(.bss)
    huart1                                   0x200001e0   Data         148  usart.o(.bss)
    hdma_usart1_rx                           0x20000274   Data          96  usart.o(.bss)
    hdma_usart1_tx                           0x200002d4   Data          96  usart.o(.bss)
    __libspace_start                         0x20000540   Data          96  libspace.o(.bss)
    __temporary_stack_top$libspace           0x200005a0   Data           0  libspace.o(.bss)



==============================================================================

Memory Map of the image

  Image Entry point : 0x080001d9

  Load Region LR_IROM1 (Base: 0x08000000, Size: 0x0000c17c, Max: 0x00020000, ABSOLUTE)

    Execution Region ER_IROM1 (Exec base: 0x08000000, Load base: 0x08000000, Size: 0x0000c128, Max: 0x00020000, ABSOLUTE)

    Exec Addr    Load Addr    Size         Type   Attr      Idx    E Section Name        Object

    0x08000000   0x08000000   0x000001d8   Data   RO            3    RESET               startup_stm32g431xx.o
    0x080001d8   0x080001d8   0x00000008   Code   RO         6044  * !!!main             c_w.l(__main.o)
    0x080001e0   0x080001e0   0x00000034   Code   RO         6428    !!!scatter          c_w.l(__scatter.o)
    0x08000214   0x08000214   0x0000001a   Code   RO         6430    !!handler_copy      c_w.l(__scatter_copy.o)
    0x0800022e   0x0800022e   0x00000002   PAD
    0x08000230   0x08000230   0x0000001c   Code   RO         6432    !!handler_zi        c_w.l(__scatter_zi.o)
    0x0800024c   0x0800024c   0x00000000   Code   RO         6035    .ARM.Collect$$_printf_percent$$00000000  c_w.l(_printf_percent.o)
    0x0800024c   0x0800024c   0x00000006   Code   RO         6034    .ARM.Collect$$_printf_percent$$00000003  c_w.l(_printf_f.o)
    0x08000252   0x08000252   0x00000006   Code   RO         6032    .ARM.Collect$$_printf_percent$$00000009  c_w.l(_printf_d.o)
    0x08000258   0x08000258   0x00000006   Code   RO         6033    .ARM.Collect$$_printf_percent$$0000000A  c_w.l(_printf_u.o)
    0x0800025e   0x0800025e   0x00000006   Code   RO         6031    .ARM.Collect$$_printf_percent$$0000000C  c_w.l(_printf_x.o)
    0x08000264   0x08000264   0x00000006   Code   RO         6030    .ARM.Collect$$_printf_percent$$00000014  c_w.l(_printf_s.o)
    0x0800026a   0x0800026a   0x00000004   Code   RO         6133    .ARM.Collect$$_printf_percent$$00000017  c_w.l(_printf_percent_end.o)
    0x0800026e   0x0800026e   0x00000002   Code   RO         6301    .ARM.Collect$$libinit$$00000000  c_w.l(libinit.o)
    0x08000270   0x08000270   0x00000004   Code   RO         6302    .ARM.Collect$$libinit$$00000001  c_w.l(libinit2.o)
    0x08000274   0x08000274   0x00000000   Code   RO         6305    .ARM.Collect$$libinit$$00000004  c_w.l(libinit2.o)
    0x08000274   0x08000274   0x00000000   Code   RO         6308    .ARM.Collect$$libinit$$0000000A  c_w.l(libinit2.o)
    0x08000274   0x08000274   0x00000000   Code   RO         6310    .ARM.Collect$$libinit$$0000000C  c_w.l(libinit2.o)
    0x08000274   0x08000274   0x00000000   Code   RO         6312    .ARM.Collect$$libinit$$0000000E  c_w.l(libinit2.o)
    0x08000274   0x08000274   0x00000006   Code   RO         6313    .ARM.Collect$$libinit$$0000000F  c_w.l(libinit2.o)
    0x0800027a   0x0800027a   0x00000000   Code   RO         6315    .ARM.Collect$$libinit$$00000011  c_w.l(libinit2.o)
    0x0800027a   0x0800027a   0x00000000   Code   RO         6317    .ARM.Collect$$libinit$$00000013  c_w.l(libinit2.o)
    0x0800027a   0x0800027a   0x00000000   Code   RO         6319    .ARM.Collect$$libinit$$00000015  c_w.l(libinit2.o)
    0x0800027a   0x0800027a   0x0000000a   Code   RO         6320    .ARM.Collect$$libinit$$00000016  c_w.l(libinit2.o)
    0x08000284   0x08000284   0x00000000   Code   RO         6321    .ARM.Collect$$libinit$$00000017  c_w.l(libinit2.o)
    0x08000284   0x08000284   0x00000000   Code   RO         6323    .ARM.Collect$$libinit$$00000019  c_w.l(libinit2.o)
    0x08000284   0x08000284   0x00000000   Code   RO         6325    .ARM.Collect$$libinit$$0000001B  c_w.l(libinit2.o)
    0x08000284   0x08000284   0x00000000   Code   RO         6327    .ARM.Collect$$libinit$$0000001D  c_w.l(libinit2.o)
    0x08000284   0x08000284   0x00000000   Code   RO         6329    .ARM.Collect$$libinit$$0000001F  c_w.l(libinit2.o)
    0x08000284   0x08000284   0x00000000   Code   RO         6331    .ARM.Collect$$libinit$$00000021  c_w.l(libinit2.o)
    0x08000284   0x08000284   0x00000000   Code   RO         6333    .ARM.Collect$$libinit$$00000023  c_w.l(libinit2.o)
    0x08000284   0x08000284   0x00000000   Code   RO         6335    .ARM.Collect$$libinit$$00000025  c_w.l(libinit2.o)
    0x08000284   0x08000284   0x00000000   Code   RO         6339    .ARM.Collect$$libinit$$0000002C  c_w.l(libinit2.o)
    0x08000284   0x08000284   0x00000000   Code   RO         6341    .ARM.Collect$$libinit$$0000002E  c_w.l(libinit2.o)
    0x08000284   0x08000284   0x00000000   Code   RO         6343    .ARM.Collect$$libinit$$00000030  c_w.l(libinit2.o)
    0x08000284   0x08000284   0x00000000   Code   RO         6345    .ARM.Collect$$libinit$$00000032  c_w.l(libinit2.o)
    0x08000284   0x08000284   0x00000002   Code   RO         6346    .ARM.Collect$$libinit$$00000033  c_w.l(libinit2.o)
    0x08000286   0x08000286   0x00000002   Code   RO         6392    .ARM.Collect$$libshutdown$$00000000  c_w.l(libshutdown.o)
    0x08000288   0x08000288   0x00000000   Code   RO         6411    .ARM.Collect$$libshutdown$$00000002  c_w.l(libshutdown2.o)
    0x08000288   0x08000288   0x00000000   Code   RO         6413    .ARM.Collect$$libshutdown$$00000004  c_w.l(libshutdown2.o)
    0x08000288   0x08000288   0x00000000   Code   RO         6416    .ARM.Collect$$libshutdown$$00000007  c_w.l(libshutdown2.o)
    0x08000288   0x08000288   0x00000000   Code   RO         6419    .ARM.Collect$$libshutdown$$0000000A  c_w.l(libshutdown2.o)
    0x08000288   0x08000288   0x00000000   Code   RO         6421    .ARM.Collect$$libshutdown$$0000000C  c_w.l(libshutdown2.o)
    0x08000288   0x08000288   0x00000000   Code   RO         6424    .ARM.Collect$$libshutdown$$0000000F  c_w.l(libshutdown2.o)
    0x08000288   0x08000288   0x00000002   Code   RO         6425    .ARM.Collect$$libshutdown$$00000010  c_w.l(libshutdown2.o)
    0x0800028a   0x0800028a   0x00000000   Code   RO         6118    .ARM.Collect$$rtentry$$00000000  c_w.l(__rtentry.o)
    0x0800028a   0x0800028a   0x00000000   Code   RO         6209    .ARM.Collect$$rtentry$$00000002  c_w.l(__rtentry2.o)
    0x0800028a   0x0800028a   0x00000006   Code   RO         6221    .ARM.Collect$$rtentry$$00000004  c_w.l(__rtentry4.o)
    0x08000290   0x08000290   0x00000000   Code   RO         6211    .ARM.Collect$$rtentry$$00000009  c_w.l(__rtentry2.o)
    0x08000290   0x08000290   0x00000004   Code   RO         6212    .ARM.Collect$$rtentry$$0000000A  c_w.l(__rtentry2.o)
    0x08000294   0x08000294   0x00000000   Code   RO         6214    .ARM.Collect$$rtentry$$0000000C  c_w.l(__rtentry2.o)
    0x08000294   0x08000294   0x00000008   Code   RO         6215    .ARM.Collect$$rtentry$$0000000D  c_w.l(__rtentry2.o)
    0x0800029c   0x0800029c   0x00000002   Code   RO         6351    .ARM.Collect$$rtexit$$00000000  c_w.l(rtexit.o)
    0x0800029e   0x0800029e   0x00000000   Code   RO         6366    .ARM.Collect$$rtexit$$00000002  c_w.l(rtexit2.o)
    0x0800029e   0x0800029e   0x00000004   Code   RO         6367    .ARM.Collect$$rtexit$$00000003  c_w.l(rtexit2.o)
    0x080002a2   0x080002a2   0x00000006   Code   RO         6368    .ARM.Collect$$rtexit$$00000004  c_w.l(rtexit2.o)
    0x080002a8   0x080002a8   0x00000040   Code   RO            4    .text               startup_stm32g431xx.o
    0x080002e8   0x080002e8   0x00000002   Code   RO         5975    .text               c_w.l(use_no_semi_2.o)
    0x080002ea   0x080002ea   0x000000ee   Code   RO         5977    .text               c_w.l(lludivv7m.o)
    0x080003d8   0x080003d8   0x00000018   Code   RO         5981    .text               c_w.l(noretval__2printf.o)
    0x080003f0   0x080003f0   0x00000052   Code   RO         5985    .text               c_w.l(_printf_str.o)
    0x08000442   0x08000442   0x00000002   PAD
    0x08000444   0x08000444   0x00000078   Code   RO         5987    .text               c_w.l(_printf_dec.o)
    0x080004bc   0x080004bc   0x00000058   Code   RO         5992    .text               c_w.l(_printf_hex_int.o)
    0x08000514   0x08000514   0x0000010e   Code   RO         6018    .text               c_w.l(__printf_wp.o)
    0x08000622   0x08000622   0x0000008a   Code   RO         6036    .text               c_w.l(rt_memcpy_v6.o)
    0x080006ac   0x080006ac   0x00000044   Code   RO         6038    .text               c_w.l(rt_memclr.o)
    0x080006f0   0x080006f0   0x0000004e   Code   RO         6040    .text               c_w.l(rt_memclr_w.o)
    0x0800073e   0x0800073e   0x00000006   Code   RO         6042    .text               c_w.l(heapauxi.o)
    0x08000744   0x08000744   0x00000002   Code   RO         6116    .text               c_w.l(use_no_semi.o)
    0x08000746   0x08000746   0x00000016   Code   RO         6123    .text               c_w.l(_rserrno.o)
    0x0800075c   0x0800075c   0x000000b2   Code   RO         6125    .text               c_w.l(_printf_intcommon.o)
    0x0800080e   0x0800080e   0x0000041e   Code   RO         6127    .text               c_w.l(_printf_fp_dec.o)
    0x08000c2c   0x08000c2c   0x0000002c   Code   RO         6129    .text               c_w.l(_printf_char.o)
    0x08000c58   0x08000c58   0x00000024   Code   RO         6131    .text               c_w.l(_printf_char_file.o)
    0x08000c7c   0x08000c7c   0x00000064   Code   RO         6134    .text               c_w.l(rt_memcpy_w.o)
    0x08000ce0   0x08000ce0   0x00000008   Code   RO         6228    .text               c_w.l(rt_locale_intlibspace.o)
    0x08000ce8   0x08000ce8   0x00000008   Code   RO         6233    .text               c_w.l(rt_errno_addr_intlibspace.o)
    0x08000cf0   0x08000cf0   0x0000008a   Code   RO         6235    .text               c_w.l(lludiv10.o)
    0x08000d7a   0x08000d7a   0x00000002   PAD
    0x08000d7c   0x08000d7c   0x00000030   Code   RO         6237    .text               c_w.l(_printf_char_common.o)
    0x08000dac   0x08000dac   0x00000080   Code   RO         6239    .text               c_w.l(_printf_fp_infnan.o)
    0x08000e2c   0x08000e2c   0x000000e4   Code   RO         6241    .text               c_w.l(bigflt0.o)
    0x08000f10   0x08000f10   0x00000008   Code   RO         6266    .text               c_w.l(ferror.o)
    0x08000f18   0x08000f18   0x00000008   Code   RO         6281    .text               c_w.l(libspace.o)
    0x08000f20   0x08000f20   0x0000004a   Code   RO         6284    .text               c_w.l(sys_stackheap_outer.o)
    0x08000f6a   0x08000f6a   0x00000012   Code   RO         6288    .text               c_w.l(exit.o)
    0x08000f7c   0x08000f7c   0x00000080   Code   RO         6294    .text               c_w.l(strcmpv7m.o)
    0x08000ffc   0x08000ffc   0x0000003e   Code   RO         6244    CL$$btod_d2e        c_w.l(btod.o)
    0x0800103a   0x0800103a   0x00000046   Code   RO         6246    CL$$btod_d2e_denorm_low  c_w.l(btod.o)
    0x08001080   0x08001080   0x00000060   Code   RO         6245    CL$$btod_d2e_norm_op1  c_w.l(btod.o)
    0x080010e0   0x080010e0   0x00000338   Code   RO         6254    CL$$btod_div_common  c_w.l(btod.o)
    0x08001418   0x08001418   0x000000dc   Code   RO         6251    CL$$btod_e2e        c_w.l(btod.o)
    0x080014f4   0x080014f4   0x0000002a   Code   RO         6248    CL$$btod_ediv       c_w.l(btod.o)
    0x0800151e   0x0800151e   0x0000002a   Code   RO         6247    CL$$btod_emul       c_w.l(btod.o)
    0x08001548   0x08001548   0x00000244   Code   RO         6253    CL$$btod_mult_common  c_w.l(btod.o)
    0x0800178c   0x0800178c   0x00000074   Code   RO         5866    i.ANO_Build_Frame   anony_protocol.o
    0x08001800   0x08001800   0x0000006c   Code   RO         5869    i.ANO_Send_Attitude  anony_protocol.o
    0x0800186c   0x0800186c   0x00000064   Code   RO         5870    i.ANO_Send_InertialSensor  anony_protocol.o
    0x080018d0   0x080018d0   0x00000020   Code   RO         5871    i.ANO_Send_LinkData  anony_protocol.o
    0x080018f0   0x080018f0   0x0000004a   Code   RO         5872    i.ANO_Send_MagTempSensor  anony_protocol.o
    0x0800193a   0x0800193a   0x00000002   PAD
    0x0800193c   0x0800193c   0x00000094   Code   RO         5876    i.ANO_Send_UserData  anony_protocol.o
    0x080019d0   0x080019d0   0x00000002   Code   RO          379    i.BusFault_Handler  stm32g4xx_it.o
    0x080019d2   0x080019d2   0x00000002   PAD
    0x080019d4   0x080019d4   0x0000000c   Code   RO          380    i.DMA1_Channel1_IRQHandler  stm32g4xx_it.o
    0x080019e0   0x080019e0   0x0000000c   Code   RO          381    i.DMA1_Channel2_IRQHandler  stm32g4xx_it.o
    0x080019ec   0x080019ec   0x0000000c   Code   RO          382    i.DMA1_Channel3_IRQHandler  stm32g4xx_it.o
    0x080019f8   0x080019f8   0x00000040   Code   RO         1886    i.DMA_CalcDMAMUXChannelBaseAndMask  stm32g4xx_hal_dma.o
    0x08001a38   0x08001a38   0x00000024   Code   RO         1887    i.DMA_CalcDMAMUXRequestGenBaseAndMask  stm32g4xx_hal_dma.o
    0x08001a5c   0x08001a5c   0x0000003e   Code   RO         1888    i.DMA_SetConfig     stm32g4xx_hal_dma.o
    0x08001a9a   0x08001a9a   0x00000002   PAD
    0x08001a9c   0x08001a9c   0x00000030   Code   RO         5672    i.DWT_Delay_Init    delay.o
    0x08001acc   0x08001acc   0x00000002   Code   RO          383    i.DebugMon_Handler  stm32g4xx_it.o
    0x08001ace   0x08001ace   0x00000004   Code   RO           13    i.Error_Handler     main.o
    0x08001ad2   0x08001ad2   0x0000006a   Code   RO         1889    i.HAL_DMA_Abort     stm32g4xx_hal_dma.o
    0x08001b3c   0x08001b3c   0x00000078   Code   RO         1890    i.HAL_DMA_Abort_IT  stm32g4xx_hal_dma.o
    0x08001bb4   0x08001bb4   0x000000ba   Code   RO         1894    i.HAL_DMA_IRQHandler  stm32g4xx_hal_dma.o
    0x08001c6e   0x08001c6e   0x00000002   PAD
    0x08001c70   0x08001c70   0x000000c0   Code   RO         1895    i.HAL_DMA_Init      stm32g4xx_hal_dma.o
    0x08001d30   0x08001d30   0x0000008c   Code   RO         1899    i.HAL_DMA_Start_IT  stm32g4xx_hal_dma.o
    0x08001dbc   0x08001dbc   0x00000024   Code   RO         1042    i.HAL_Delay         stm32g4xx_hal.o
    0x08001de0   0x08001de0   0x00000248   Code   RO         1751    i.HAL_GPIO_Init     stm32g4xx_hal_gpio.o
    0x08002028   0x08002028   0x0000000a   Code   RO         1755    i.HAL_GPIO_WritePin  stm32g4xx_hal_gpio.o
    0x08002032   0x08002032   0x00000002   PAD
    0x08002034   0x08002034   0x0000000c   Code   RO         1046    i.HAL_GetTick       stm32g4xx_hal.o
    0x08002040   0x08002040   0x00000056   Code   RO          981    i.HAL_I2CEx_ConfigAnalogFilter  stm32g4xx_hal_i2c_ex.o
    0x08002096   0x08002096   0x00000052   Code   RO          982    i.HAL_I2CEx_ConfigDigitalFilter  stm32g4xx_hal_i2c_ex.o
    0x080020e8   0x080020e8   0x000000bc   Code   RO          520    i.HAL_I2C_Init      stm32g4xx_hal_i2c.o
    0x080021a4   0x080021a4   0x00000164   Code   RO          538    i.HAL_I2C_Mem_Read  stm32g4xx_hal_i2c.o
    0x08002308   0x08002308   0x00000158   Code   RO          541    i.HAL_I2C_Mem_Write  stm32g4xx_hal_i2c.o
    0x08002460   0x08002460   0x000000a4   Code   RO          248    i.HAL_I2C_MspInit   i2c.o
    0x08002504   0x08002504   0x00000010   Code   RO         1052    i.HAL_IncTick       stm32g4xx_hal.o
    0x08002514   0x08002514   0x0000001e   Code   RO         1053    i.HAL_Init          stm32g4xx_hal.o
    0x08002532   0x08002532   0x00000002   PAD
    0x08002534   0x08002534   0x00000044   Code   RO         1054    i.HAL_InitTick      stm32g4xx_hal.o
    0x08002578   0x08002578   0x00000030   Code   RO          485    i.HAL_MspInit       stm32g4xx_hal_msp.o
    0x080025a8   0x080025a8   0x0000001a   Code   RO         2400    i.HAL_NVIC_EnableIRQ  stm32g4xx_hal_cortex.o
    0x080025c2   0x080025c2   0x00000002   PAD
    0x080025c4   0x080025c4   0x00000040   Code   RO         2406    i.HAL_NVIC_SetPriority  stm32g4xx_hal_cortex.o
    0x08002604   0x08002604   0x00000024   Code   RO         2407    i.HAL_NVIC_SetPriorityGrouping  stm32g4xx_hal_cortex.o
    0x08002628   0x08002628   0x000000bc   Code   RO         2154    i.HAL_PWREx_ControlVoltageScaling  stm32g4xx_hal_pwr_ex.o
    0x080026e4   0x080026e4   0x00000010   Code   RO         2166    i.HAL_PWREx_DisableUCPDDeadBattery  stm32g4xx_hal_pwr_ex.o
    0x080026f4   0x080026f4   0x00000288   Code   RO         1413    i.HAL_RCCEx_PeriphCLKConfig  stm32g4xx_hal_rcc_ex.o
    0x0800297c   0x0800297c   0x000001dc   Code   RO         1288    i.HAL_RCC_ClockConfig  stm32g4xx_hal_rcc.o
    0x08002b58   0x08002b58   0x00000024   Code   RO         1296    i.HAL_RCC_GetPCLK1Freq  stm32g4xx_hal_rcc.o
    0x08002b7c   0x08002b7c   0x00000024   Code   RO         1297    i.HAL_RCC_GetPCLK2Freq  stm32g4xx_hal_rcc.o
    0x08002ba0   0x08002ba0   0x0000006c   Code   RO         1298    i.HAL_RCC_GetSysClockFreq  stm32g4xx_hal_rcc.o
    0x08002c0c   0x08002c0c   0x00000404   Code   RO         1301    i.HAL_RCC_OscConfig  stm32g4xx_hal_rcc.o
    0x08003010   0x08003010   0x00000028   Code   RO         2411    i.HAL_SYSTICK_Config  stm32g4xx_hal_cortex.o
    0x08003038   0x08003038   0x00000002   Code   RO         3256    i.HAL_TIMEx_Break2Callback  stm32g4xx_hal_tim_ex.o
    0x0800303a   0x0800303a   0x00000002   Code   RO         3257    i.HAL_TIMEx_BreakCallback  stm32g4xx_hal_tim_ex.o
    0x0800303c   0x0800303c   0x00000002   Code   RO         3258    i.HAL_TIMEx_CommutCallback  stm32g4xx_hal_tim_ex.o
    0x0800303e   0x0800303e   0x00000002   Code   RO         3269    i.HAL_TIMEx_DirectionChangeCallback  stm32g4xx_hal_tim_ex.o
    0x08003040   0x08003040   0x00000002   Code   RO         3283    i.HAL_TIMEx_EncoderIndexCallback  stm32g4xx_hal_tim_ex.o
    0x08003042   0x08003042   0x00000002   Code   RO         3297    i.HAL_TIMEx_IndexErrorCallback  stm32g4xx_hal_tim_ex.o
    0x08003044   0x08003044   0x0000009c   Code   RO         3298    i.HAL_TIMEx_MasterConfigSynchronization  stm32g4xx_hal_tim_ex.o
    0x080030e0   0x080030e0   0x00000002   Code   RO         3319    i.HAL_TIMEx_TransitionErrorCallback  stm32g4xx_hal_tim_ex.o
    0x080030e2   0x080030e2   0x00000062   Code   RO         2542    i.HAL_TIM_Base_Init  stm32g4xx_hal_tim.o
    0x08003144   0x08003144   0x0000008c   Code   RO          290    i.HAL_TIM_Base_MspInit  tim.o
    0x080031d0   0x080031d0   0x00000078   Code   RO         2547    i.HAL_TIM_Base_Start_IT  stm32g4xx_hal_tim.o
    0x08003248   0x08003248   0x00000100   Code   RO         2551    i.HAL_TIM_ConfigClockSource  stm32g4xx_hal_tim.o
    0x08003348   0x08003348   0x00000002   Code   RO         2576    i.HAL_TIM_IC_CaptureCallback  stm32g4xx_hal_tim.o
    0x0800334a   0x0800334a   0x000001a2   Code   RO         2590    i.HAL_TIM_IRQHandler  stm32g4xx_hal_tim.o
    0x080034ec   0x080034ec   0x00000002   Code   RO         2593    i.HAL_TIM_OC_DelayElapsedCallback  stm32g4xx_hal_tim.o
    0x080034ee   0x080034ee   0x00000002   Code   RO         2620    i.HAL_TIM_PWM_PulseFinishedCallback  stm32g4xx_hal_tim.o
    0x080034f0   0x080034f0   0x00000002   Code   RO         2628    i.HAL_TIM_PeriodElapsedCallback  stm32g4xx_hal_tim.o
    0x080034f2   0x080034f2   0x00000002   Code   RO         2633    i.HAL_TIM_TriggerCallback  stm32g4xx_hal_tim.o
    0x080034f4   0x080034f4   0x0000003e   Code   RO         4105    i.HAL_UARTEx_DisableFifoMode  stm32g4xx_hal_uart_ex.o
    0x08003532   0x08003532   0x00000002   Code   RO         3694    i.HAL_UARTEx_RxEventCallback  stm32g4xx_hal_uart.o
    0x08003534   0x08003534   0x00000002   Code   RO         4113    i.HAL_UARTEx_RxFifoFullCallback  stm32g4xx_hal_uart_ex.o
    0x08003536   0x08003536   0x0000004c   Code   RO         4114    i.HAL_UARTEx_SetRxFifoThreshold  stm32g4xx_hal_uart_ex.o
    0x08003582   0x08003582   0x0000004c   Code   RO         4115    i.HAL_UARTEx_SetTxFifoThreshold  stm32g4xx_hal_uart_ex.o
    0x080035ce   0x080035ce   0x00000002   Code   RO         4117    i.HAL_UARTEx_TxFifoEmptyCallback  stm32g4xx_hal_uart_ex.o
    0x080035d0   0x080035d0   0x00000002   Code   RO         4118    i.HAL_UARTEx_WakeupCallback  stm32g4xx_hal_uart_ex.o
    0x080035d2   0x080035d2   0x00000002   Code   RO         3710    i.HAL_UART_ErrorCallback  stm32g4xx_hal_uart.o
    0x080035d4   0x080035d4   0x0000031c   Code   RO         3713    i.HAL_UART_IRQHandler  stm32g4xx_hal_uart.o
    0x080038f0   0x080038f0   0x0000006a   Code   RO         3714    i.HAL_UART_Init     stm32g4xx_hal_uart.o
    0x0800395a   0x0800395a   0x00000002   PAD
    0x0800395c   0x0800395c   0x000000fc   Code   RO          338    i.HAL_UART_MspInit  usart.o
    0x08003a58   0x08003a58   0x00000048   Code   RO         3718    i.HAL_UART_Receive_DMA  stm32g4xx_hal_uart.o
    0x08003aa0   0x08003aa0   0x00000002   Code   RO         3721    i.HAL_UART_RxCpltCallback  stm32g4xx_hal_uart.o
    0x08003aa2   0x08003aa2   0x00000002   Code   RO         3722    i.HAL_UART_RxHalfCpltCallback  stm32g4xx_hal_uart.o
    0x08003aa4   0x08003aa4   0x000000ae   Code   RO         3723    i.HAL_UART_Transmit  stm32g4xx_hal_uart.o
    0x08003b52   0x08003b52   0x00000002   PAD
    0x08003b54   0x08003b54   0x00000090   Code   RO         3724    i.HAL_UART_Transmit_DMA  stm32g4xx_hal_uart.o
    0x08003be4   0x08003be4   0x00000024   Code   RO         5798    i.HAL_UART_TxCpltCallback  usart_printf.o
    0x08003c08   0x08003c08   0x00000002   Code   RO         3727    i.HAL_UART_TxHalfCpltCallback  stm32g4xx_hal_uart.o
    0x08003c0a   0x08003c0a   0x00000002   Code   RO          384    i.HardFault_Handler  stm32g4xx_it.o
    0x08003c0c   0x08003c0c   0x00000022   Code   RO          567    i.I2C_Flush_TXDR    stm32g4xx_hal_i2c.o
    0x08003c2e   0x08003c2e   0x00000002   PAD
    0x08003c30   0x08003c30   0x0000010c   Code   RO          575    i.I2C_IsErrorOccurred  stm32g4xx_hal_i2c.o
    0x08003d3c   0x08003d3c   0x00000064   Code   RO          580    i.I2C_RequestMemoryRead  stm32g4xx_hal_i2c.o
    0x08003da0   0x08003da0   0x00000064   Code   RO          581    i.I2C_RequestMemoryWrite  stm32g4xx_hal_i2c.o
    0x08003e04   0x08003e04   0x00000030   Code   RO          584    i.I2C_TransferConfig  stm32g4xx_hal_i2c.o
    0x08003e34   0x08003e34   0x0000007a   Code   RO          586    i.I2C_WaitOnFlagUntilTimeout  stm32g4xx_hal_i2c.o
    0x08003eae   0x08003eae   0x00000056   Code   RO          588    i.I2C_WaitOnSTOPFlagUntilTimeout  stm32g4xx_hal_i2c.o
    0x08003f04   0x08003f04   0x0000005a   Code   RO          589    i.I2C_WaitOnTXISFlagUntilTimeout  stm32g4xx_hal_i2c.o
    0x08003f5e   0x08003f5e   0x00000002   PAD
    0x08003f60   0x08003f60   0x00000620   Code   RO         5708    i.IMU_INIT_GETDATA  read_aux_data_mode.o
    0x08004580   0x08004580   0x0000005c   Code   RO          223    i.MX_DMA_Init       dma.o
    0x080045dc   0x080045dc   0x0000007c   Code   RO          199    i.MX_GPIO_Init      gpio.o
    0x08004658   0x08004658   0x00000058   Code   RO          249    i.MX_I2C1_Init      i2c.o
    0x080046b0   0x080046b0   0x00000070   Code   RO          291    i.MX_TIM1_Init      tim.o
    0x08004720   0x08004720   0x00000064   Code   RO          292    i.MX_TIM2_Init      tim.o
    0x08004784   0x08004784   0x00000068   Code   RO          339    i.MX_USART1_UART_Init  usart.o
    0x080047ec   0x080047ec   0x00000002   Code   RO          385    i.MemManage_Handler  stm32g4xx_it.o
    0x080047ee   0x080047ee   0x00000002   Code   RO          386    i.NMI_Handler       stm32g4xx_it.o
    0x080047f0   0x080047f0   0x00000002   Code   RO          387    i.PendSV_Handler    stm32g4xx_it.o
    0x080047f2   0x080047f2   0x00000002   Code   RO          388    i.SVC_Handler       stm32g4xx_it.o
    0x080047f4   0x080047f4   0x00000004   Code   RO          389    i.SysTick_Handler   stm32g4xx_it.o
    0x080047f8   0x080047f8   0x00000068   Code   RO           14    i.SystemClock_Config  main.o
    0x08004860   0x08004860   0x00000010   Code   RO         4224    i.SystemInit        system_stm32g4xx.o
    0x08004870   0x08004870   0x0000000c   Code   RO          390    i.TIM1_UP_TIM16_IRQHandler  stm32g4xx_it.o
    0x0800487c   0x0800487c   0x000000bc   Code   RO         2635    i.TIM_Base_SetConfig  stm32g4xx_hal_tim.o
    0x08004938   0x08004938   0x00000014   Code   RO         2646    i.TIM_ETR_SetConfig  stm32g4xx_hal_tim.o
    0x0800494c   0x0800494c   0x00000014   Code   RO         2647    i.TIM_ITRx_SetConfig  stm32g4xx_hal_tim.o
    0x08004960   0x08004960   0x00000022   Code   RO         2655    i.TIM_TI1_ConfigInputStage  stm32g4xx_hal_tim.o
    0x08004982   0x08004982   0x00000024   Code   RO         2657    i.TIM_TI2_ConfigInputStage  stm32g4xx_hal_tim.o
    0x080049a6   0x080049a6   0x00000002   PAD
    0x080049a8   0x080049a8   0x00000028   Code   RO           15    i.UART1_IDLE_Callback  main.o
    0x080049d0   0x080049d0   0x00000044   Code   RO         4119    i.UARTEx_SetNbDataToProcess  stm32g4xx_hal_uart_ex.o
    0x08004a14   0x08004a14   0x000000c8   Code   RO         3728    i.UART_AdvFeatureConfig  stm32g4xx_hal_uart.o
    0x08004adc   0x08004adc   0x000000ac   Code   RO         3729    i.UART_CheckIdleState  stm32g4xx_hal_uart.o
    0x08004b88   0x08004b88   0x00000014   Code   RO         3730    i.UART_DMAAbortOnError  stm32g4xx_hal_uart.o
    0x08004b9c   0x08004b9c   0x00000050   Code   RO         3731    i.UART_DMAError     stm32g4xx_hal_uart.o
    0x08004bec   0x08004bec   0x00000086   Code   RO         3732    i.UART_DMAReceiveCplt  stm32g4xx_hal_uart.o
    0x08004c72   0x08004c72   0x00000020   Code   RO         3734    i.UART_DMARxHalfCplt  stm32g4xx_hal_uart.o
    0x08004c92   0x08004c92   0x00000042   Code   RO         3736    i.UART_DMATransmitCplt  stm32g4xx_hal_uart.o
    0x08004cd4   0x08004cd4   0x0000000a   Code   RO         3738    i.UART_DMATxHalfCplt  stm32g4xx_hal_uart.o
    0x08004cde   0x08004cde   0x00000002   PAD
    0x08004ce0   0x08004ce0   0x00000054   Code   RO         3740    i.UART_EndRxTransfer  stm32g4xx_hal_uart.o
    0x08004d34   0x08004d34   0x0000002e   Code   RO         3741    i.UART_EndTxTransfer  stm32g4xx_hal_uart.o
    0x08004d62   0x08004d62   0x00000002   PAD
    0x08004d64   0x08004d64   0x00000274   Code   RO         3746    i.UART_SetConfig    stm32g4xx_hal_uart.o
    0x08004fd8   0x08004fd8   0x000000a8   Code   RO         3747    i.UART_Start_Receive_DMA  stm32g4xx_hal_uart.o
    0x08005080   0x08005080   0x00000094   Code   RO         3753    i.UART_WaitOnFlagUntilTimeout  stm32g4xx_hal_uart.o
    0x08005114   0x08005114   0x00000034   Code   RO          391    i.USART1_IRQHandler  stm32g4xx_it.o
    0x08005148   0x08005148   0x00000002   Code   RO          392    i.UsageFault_Handler  stm32g4xx_it.o
    0x0800514a   0x0800514a   0x00000030   Code   RO         6175    i.__ARM_fpclassify  m_wm.l(fpclassify.o)
    0x0800517a   0x0800517a   0x00000026   Code   RO         6177    i.__ARM_fpclassifyf  m_wm.l(fpclassifyf.o)
    0x080051a0   0x080051a0   0x00000020   Code   RO         2413    i.__NVIC_SetPriority  stm32g4xx_hal_cortex.o
    0x080051c0   0x080051c0   0x0000012c   Code   RO         6066    i.__hardfp_asinf    m_wm.l(asinf.o)
    0x080052ec   0x080052ec   0x00000250   Code   RO         6078    i.__hardfp_atan2f   m_wm.l(atan2f.o)
    0x0800553c   0x0800553c   0x00000004   PAD
    0x08005540   0x08005540   0x00000c50   Code   RO         6090    i.__hardfp_pow      m_wm.l(pow.o)
    0x08006190   0x08006190   0x0000003a   Code   RO         6104    i.__hardfp_sqrtf    m_wm.l(sqrtf.o)
    0x080061ca   0x080061ca   0x000000f8   Code   RO         6193    i.__kernel_poly     m_wm.l(poly.o)
    0x080062c2   0x080062c2   0x00000006   PAD
    0x080062c8   0x080062c8   0x00000030   Code   RO         6155    i.__mathlib_dbl_divzero  m_wm.l(dunder.o)
    0x080062f8   0x080062f8   0x00000014   Code   RO         6157    i.__mathlib_dbl_infnan2  m_wm.l(dunder.o)
    0x0800630c   0x0800630c   0x00000004   PAD
    0x08006310   0x08006310   0x00000020   Code   RO         6158    i.__mathlib_dbl_invalid  m_wm.l(dunder.o)
    0x08006330   0x08006330   0x00000020   Code   RO         6159    i.__mathlib_dbl_overflow  m_wm.l(dunder.o)
    0x08006350   0x08006350   0x00000020   Code   RO         6161    i.__mathlib_dbl_underflow  m_wm.l(dunder.o)
    0x08006370   0x08006370   0x00000006   Code   RO         6180    i.__mathlib_flt_infnan  m_wm.l(funder.o)
    0x08006376   0x08006376   0x00000006   Code   RO         6181    i.__mathlib_flt_infnan2  m_wm.l(funder.o)
    0x0800637c   0x0800637c   0x00000010   Code   RO         6182    i.__mathlib_flt_invalid  m_wm.l(funder.o)
    0x0800638c   0x0800638c   0x00000010   Code   RO         6185    i.__mathlib_flt_underflow  m_wm.l(funder.o)
    0x0800639c   0x0800639c   0x0000000e   Code   RO         6020    i._is_digit         c_w.l(__printf_wp.o)
    0x080063aa   0x080063aa   0x00000002   Code   RO         5799    i._sys_exit         usart_printf.o
    0x080063ac   0x080063ac   0x00000074   Code   RO         5161    i.bmi270_init       bmi270.o
    0x08006420   0x08006420   0x00000188   Code   RO         5709    i.bmi2_aux_conf     read_aux_data_mode.o
    0x080065a8   0x080065a8   0x00000004   Code   RO         5710    i.bmi2_aux_delay_us  read_aux_data_mode.o
    0x080065ac   0x080065ac   0x00000006   Code   RO         5711    i.bmi2_aux_i2c_read  read_aux_data_mode.o
    0x080065b2   0x080065b2   0x00000006   Code   RO         5712    i.bmi2_aux_i2c_write  read_aux_data_mode.o
    0x080065b8   0x080065b8   0x00000028   Code   RO         5713    i.bmi2_aux_interface_init  read_aux_data_mode.o
    0x080065e0   0x080065e0   0x00000004   Code   RO         5405    i.bmi2_delay_us     common.o
    0x080065e4   0x080065e4   0x00000058   Code   RO         5406    i.bmi2_error_codes_print_result  common.o
    0x0800663c   0x0800663c   0x00000036   Code   RO         4265    i.bmi2_extract_input_feat_config  bmi2.o
    0x08006672   0x08006672   0x000000a0   Code   RO         4273    i.bmi2_get_feat_config  bmi2.o
    0x08006712   0x08006712   0x00000084   Code   RO         4274    i.bmi2_get_feature_data  bmi2.o
    0x08006796   0x08006796   0x00000040   Code   RO         4281    i.bmi2_get_gyro_cross_sense  bmi2.o
    0x080067d6   0x080067d6   0x00000030   Code   RO         4289    i.bmi2_get_internal_status  bmi2.o
    0x08006806   0x08006806   0x0000007e   Code   RO         4290    i.bmi2_get_regs     bmi2.o
    0x08006884   0x08006884   0x00000114   Code   RO         4293    i.bmi2_get_sensor_config  bmi2.o
    0x08006998   0x08006998   0x0000002e   Code   RO         4294    i.bmi2_get_sensor_data  bmi2.o
    0x080069c6   0x080069c6   0x00000026   Code   RO         4298    i.bmi2_get_status   bmi2.o
    0x080069ec   0x080069ec   0x00000034   Code   RO         5407    i.bmi2_i2c_read     common.o
    0x08006a20   0x08006a20   0x00000034   Code   RO         5408    i.bmi2_i2c_write    common.o
    0x08006a54   0x08006a54   0x000000a0   Code   RO         5409    i.bmi2_interface_init  common.o
    0x08006af4   0x08006af4   0x00000076   Code   RO         4300    i.bmi2_map_data_int  bmi2.o
    0x08006b6a   0x08006b6a   0x0000007e   Code   RO         4303    i.bmi2_parse_sensor_data  bmi2.o
    0x08006be8   0x08006be8   0x0000007c   Code   RO         4307    i.bmi2_read_aux_man_mode  bmi2.o
    0x08006c64   0x08006c64   0x00000078   Code   RO         4310    i.bmi2_sec_init     bmi2.o
    0x08006cdc   0x08006cdc   0x00000038   Code   RO         4311    i.bmi2_sensor_disable  bmi2.o
    0x08006d14   0x08006d14   0x00000038   Code   RO         4312    i.bmi2_sensor_enable  bmi2.o
    0x08006d4c   0x08006d4c   0x00000054   Code   RO         4314    i.bmi2_set_adv_power_save  bmi2.o
    0x08006da0   0x08006da0   0x0000009c   Code   RO         4330    i.bmi2_set_regs     bmi2.o
    0x08006e3c   0x08006e3c   0x000000a6   Code   RO         4332    i.bmi2_set_sensor_config  bmi2.o
    0x08006ee2   0x08006ee2   0x00000060   Code   RO         4336    i.bmi2_soft_reset   bmi2.o
    0x08006f42   0x08006f42   0x0000009e   Code   RO         4337    i.bmi2_write_aux_man_mode  bmi2.o
    0x08006fe0   0x08006fe0   0x00000060   Code   RO         4338    i.bmi2_write_config_file  bmi2.o
    0x08007040   0x08007040   0x0000001c   Code   RO         5476    i.bmm350_delay_us   bmm350.o
    0x0800705c   0x0800705c   0x0000004c   Code   RO         5477    i.bmm350_enable_axes  bmm350.o
    0x080070a8   0x080070a8   0x00000118   Code   RO         5714    i.bmm350_error_codes_print_result  read_aux_data_mode.o
    0x080071c0   0x080071c0   0x000001dc   Code   RO         5479    i.bmm350_get_compensated_mag_xyz_temp_data  bmm350.o
    0x0800739c   0x0800739c   0x0000004a   Code   RO         5481    i.bmm350_get_pmu_cmd_status_0  bmm350.o
    0x080073e6   0x080073e6   0x0000005e   Code   RO         5482    i.bmm350_get_regs   bmm350.o
    0x08007444   0x08007444   0x000000c0   Code   RO         5483    i.bmm350_init       bmm350.o
    0x08007504   0x08007504   0x000000d4   Code   RO         5484    i.bmm350_magnetic_reset_and_wait  bmm350.o
    0x080075d8   0x080075d8   0x000000ca   Code   RO         5487    i.bmm350_read_uncomp_mag_temp_data  bmm350.o
    0x080076a2   0x080076a2   0x00000078   Code   RO         5491    i.bmm350_set_odr_performance  bmm350.o
    0x0800771a   0x0800771a   0x00000064   Code   RO         5493    i.bmm350_set_powermode  bmm350.o
    0x0800777e   0x0800777e   0x0000003a   Code   RO         5494    i.bmm350_set_regs   bmm350.o
    0x080077b8   0x080077b8   0x0000003e   Code   RO         4341    i.cfg_error_status  bmi2.o
    0x080077f6   0x080077f6   0x00000030   Code   RO         4342    i.check_boundary_val  bmi2.o
    0x08007826   0x08007826   0x00000032   Code   RO         4345    i.comp_gyro_cross_axis_sensitivity  bmi2.o
    0x08007858   0x08007858   0x000000dc   Code   RO         4346    i.config_aux_interface  bmi2.o
    0x08007934   0x08007934   0x00000016   Code   RO         5673    i.delay_ms          delay.o
    0x0800794a   0x0800794a   0x00000002   PAD
    0x0800794c   0x0800794c   0x00000028   Code   RO         5674    i.delay_us          delay.o
    0x08007974   0x08007974   0x00000036   Code   RO         4356    i.extract_output_feat_config  bmi2.o
    0x080079aa   0x080079aa   0x00000018   Code   RO         6171    i.fabs              m_wm.l(fabs.o)
    0x080079c2   0x080079c2   0x00000042   Code   RO         5497    i.fix_sign          bmm350.o
    0x08007a04   0x08007a04   0x00000080   Code   RO         5801    i.fputc             usart_printf.o
    0x08007a84   0x08007a84   0x00000020   Code   RO         4357    i.get_acc_gyr_data  bmi2.o
    0x08007aa4   0x08007aa4   0x0000004e   Code   RO         4358    i.get_accel_config  bmi2.o
    0x08007af2   0x08007af2   0x0000005a   Code   RO         4359    i.get_aux_interface_config  bmi2.o
    0x08007b4c   0x08007b4c   0x0000005e   Code   RO         4361    i.get_gyro_config   bmi2.o
    0x08007baa   0x08007baa   0x00000072   Code   RO         4362    i.get_gyro_cross_sense  bmi2.o
    0x08007c1c   0x08007c1c   0x0000008a   Code   RO         4363    i.get_gyro_gain_update_config  bmi2.o
    0x08007ca6   0x08007ca6   0x00000068   Code   RO         4364    i.get_gyro_gain_update_status  bmi2.o
    0x08007d0e   0x08007d0e   0x00000056   Code   RO         4368    i.get_remapped_data  bmi2.o
    0x08007d64   0x08007d64   0x0000000c   Code   RO         5946    i.imu_attitude_get  imu_attitude.o
    0x08007d70   0x08007d70   0x00000044   Code   RO         5947    i.imu_attitude_init  imu_attitude.o
    0x08007db4   0x08007db4   0x00000368   Code   RO         5948    i.imu_attitude_update  imu_attitude.o
    0x0800811c   0x0800811c   0x00000064   Code   RO         5715    i.lsb_to_dps        read_aux_data_mode.o
    0x08008180   0x08008180   0x00000070   Code   RO         5716    i.lsb_to_mps2       read_aux_data_mode.o
    0x080081f0   0x080081f0   0x00000080   Code   RO           16    i.main              main.o
    0x08008270   0x08008270   0x00000018   Code   RO         4372    i.null_ptr_check    bmi2.o
    0x08008288   0x08008288   0x00000018   Code   RO         5183    i.null_ptr_check    bmi270.o
    0x080082a0   0x080082a0   0x00000018   Code   RO         5498    i.null_ptr_check    bmm350.o
    0x080082b8   0x080082b8   0x000000d2   Code   RO         4382    i.read_aux_data     bmi2.o
    0x0800838a   0x0800838a   0x000000d8   Code   RO         5499    i.read_otp_word     bmm350.o
    0x08008462   0x08008462   0x00000002   PAD
    0x08008464   0x08008464   0x000000e0   Code   RO         5500    i.read_out_raw_data  bmm350.o
    0x08008544   0x08008544   0x0000004c   Code   RO         4386    i.select_sensor     bmi2.o
    0x08008590   0x08008590   0x0000007c   Code   RO         4388    i.sensor_disable    bmi2.o
    0x0800860c   0x0800860c   0x0000007c   Code   RO         4389    i.sensor_enable     bmi2.o
    0x08008688   0x08008688   0x00000098   Code   RO         4390    i.set_accel_config  bmi2.o
    0x08008720   0x08008720   0x00000090   Code   RO         4391    i.set_aux_config    bmi2.o
    0x080087b0   0x080087b0   0x00000036   Code   RO         4392    i.set_config_load   bmi2.o
    0x080087e6   0x080087e6   0x000000ac   Code   RO         4393    i.set_gyro_config   bmi2.o
    0x08008892   0x08008892   0x000000a2   Code   RO         4394    i.set_gyro_user_gain_config  bmi2.o
    0x08008934   0x08008934   0x0000005c   Code   RO         4395    i.set_if_aux_not_busy  bmi2.o
    0x08008990   0x08008990   0x00000084   Code   RO         5503    i.set_powermode     bmm350.o
    0x08008a14   0x08008a14   0x0000006e   Code   RO         6198    i.sqrt              m_wm.l(sqrt.o)
    0x08008a82   0x08008a82   0x0000003e   Code   RO         6106    i.sqrtf             m_wm.l(sqrtf.o)
    0x08008ac0   0x08008ac0   0x00000028   Code   RO         5802    i.uart_flush        usart_printf.o
    0x08008ae8   0x08008ae8   0x00000048   Code   RO         5803    i.uart_tx_start_dma  usart_printf.o
    0x08008b30   0x08008b30   0x0000002c   Code   RO         5504    i.update_default_coefiecents  bmm350.o
    0x08008b5c   0x08008b5c   0x0000025c   Code   RO         5505    i.update_mag_off_sens  bmm350.o
    0x08008db8   0x08008db8   0x00000040   Code   RO         4411    i.upload_file       bmi2.o
    0x08008df8   0x08008df8   0x00000014   Code   RO         5804    i.usart_printf_init  usart_printf.o
    0x08008e0c   0x08008e0c   0x000000ba   Code   RO         4416    i.write_config_file  bmi2.o
    0x08008ec6   0x08008ec6   0x00000002   PAD
    0x08008ec8   0x08008ec8   0x0000002c   Code   RO         6271    locale$$code        c_w.l(lc_numeric_c.o)
    0x08008ef4   0x08008ef4   0x00000018   Code   RO         6136    x$fpl$basic         fz_wm.l(basic.o)
    0x08008f0c   0x08008f0c   0x00000062   Code   RO         6046    x$fpl$d2f           fz_wm.l(d2f.o)
    0x08008f6e   0x08008f6e   0x00000002   PAD
    0x08008f70   0x08008f70   0x00000150   Code   RO         6048    x$fpl$dadd          fz_wm.l(daddsub_clz.o)
    0x080090c0   0x080090c0   0x00000010   Code   RO         6273    x$fpl$dcheck1       fz_wm.l(dcheck1.o)
    0x080090d0   0x080090d0   0x00000018   Code   RO         6347    x$fpl$dcmpinf       fz_wm.l(dcmpi.o)
    0x080090e8   0x080090e8   0x000002b0   Code   RO         6139    x$fpl$ddiv          fz_wm.l(ddiv.o)
    0x08009398   0x08009398   0x0000002e   Code   RO         6055    x$fpl$dflt          fz_wm.l(dflt_clz.o)
    0x080093c6   0x080093c6   0x00000026   Code   RO         6054    x$fpl$dfltu         fz_wm.l(dflt_clz.o)
    0x080093ec   0x080093ec   0x00000078   Code   RO         6275    x$fpl$dleqf         fz_wm.l(dleqf.o)
    0x08009464   0x08009464   0x00000154   Code   RO         6060    x$fpl$dmul          fz_wm.l(dmul.o)
    0x080095b8   0x080095b8   0x0000009c   Code   RO         6142    x$fpl$dnaninf       fz_wm.l(dnaninf.o)
    0x08009654   0x08009654   0x0000000c   Code   RO         6144    x$fpl$dretinf       fz_wm.l(dretinf.o)
    0x08009660   0x08009660   0x0000006c   Code   RO         6146    x$fpl$drleqf        fz_wm.l(drleqf.o)
    0x080096cc   0x080096cc   0x00000016   Code   RO         6049    x$fpl$drsb          fz_wm.l(daddsub_clz.o)
    0x080096e2   0x080096e2   0x00000002   PAD
    0x080096e4   0x080096e4   0x00000198   Code   RO         6277    x$fpl$dsqrt         fz_wm.l(dsqrt_umaal.o)
    0x0800987c   0x0800987c   0x000001d4   Code   RO         6050    x$fpl$dsub          fz_wm.l(daddsub_clz.o)
    0x08009a50   0x08009a50   0x00000056   Code   RO         6062    x$fpl$f2d           fz_wm.l(f2d.o)
    0x08009aa6   0x08009aa6   0x0000008c   Code   RO         6148    x$fpl$fnaninf       fz_wm.l(fnaninf.o)
    0x08009b32   0x08009b32   0x0000000a   Code   RO         6361    x$fpl$fpinit        fz_wm.l(fpinit.o)
    0x08009b3c   0x08009b3c   0x0000000a   Code   RO         6150    x$fpl$fretinf       fz_wm.l(fretinf.o)
    0x08009b46   0x08009b46   0x00000004   Code   RO         6064    x$fpl$printf1       fz_wm.l(printf1.o)
    0x08009b4a   0x08009b4a   0x00000064   Code   RO         6349    x$fpl$retnan        fz_wm.l(retnan.o)
    0x08009bae   0x08009bae   0x0000005c   Code   RO         6152    x$fpl$scalbn        fz_wm.l(scalbn.o)
    0x08009c0a   0x08009c0a   0x00000030   Code   RO         6363    x$fpl$trapveneer    fz_wm.l(trapv.o)
    0x08009c3a   0x08009c3a   0x00000000   Code   RO         6154    x$fpl$usenofp       fz_wm.l(usenofp.o)
    0x08009c3a   0x08009c3a   0x00000018   Data   RO         3754    .constdata          stm32g4xx_hal_uart.o
    0x08009c52   0x08009c52   0x00000010   Data   RO         4120    .constdata          stm32g4xx_hal_uart_ex.o
    0x08009c62   0x08009c62   0x00000010   Data   RO         4225    .constdata          system_stm32g4xx.o
    0x08009c72   0x08009c72   0x00000008   Data   RO         4226    .constdata          system_stm32g4xx.o
    0x08009c7a   0x08009c7a   0x00000002   PAD
    0x08009c7c   0x08009c7c   0x00000006   Data   RO         4418    .constdata          bmi2.o
    0x08009c82   0x08009c82   0x00002048   Data   RO         5203    .constdata          bmi270.o
    0x0800bcca   0x0800bcca   0x00000002   PAD
    0x0800bccc   0x0800bccc   0x00000020   Data   RO         5506    .constdata          bmm350.o
    0x0800bcec   0x0800bcec   0x00000028   Data   RO         5993    .constdata          c_w.l(_printf_hex_int.o)
    0x0800bd14   0x0800bd14   0x00000004   PAD
    0x0800bd18   0x0800bd18   0x00000088   Data   RO         6093    .constdata          m_wm.l(pow.o)
    0x0800bda0   0x0800bda0   0x00000008   Data   RO         6195    .constdata          m_wm.l(qnan.o)
    0x0800bda8   0x0800bda8   0x00000094   Data   RO         6242    .constdata          c_w.l(bigflt0.o)
    0x0800be3c   0x0800be3c   0x000002ad   Data   RO         5717    .conststring        read_aux_data_mode.o
    0x0800c0e9   0x0800c0e9   0x00000003   PAD
    0x0800c0ec   0x0800c0ec   0x00000020   Data   RO         6426    Region$$Table       anon$$obj.o
    0x0800c10c   0x0800c10c   0x0000001c   Data   RO         6270    locale$$data        c_w.l(lc_numeric_c.o)


    Execution Region RW_IRAM1 (Exec base: 0x20000000, Load base: 0x0800c128, Size: 0x00000ba0, Max: 0x00008000, ABSOLUTE)

    Exec Addr    Load Addr    Size         Type   Attr      Idx    E Section Name        Object

    0x20000000   0x0800c128   0x0000000c   Data   RW         1073    .data               stm32g4xx_hal.o
    0x2000000c   0x0800c134   0x00000004   Data   RW         4227    .data               system_stm32g4xx.o
    0x20000010   0x0800c138   0x00000010   Data   RW         5204    .data               bmi270.o
    0x20000020   0x0800c148   0x00000004   Data   RW         5410    .data               common.o
    0x20000024   0x0800c14c   0x00000004   Data   RW         5718    .data               read_aux_data_mode.o
    0x20000028   0x0800c150   0x0000000c   Data   RW         5806    .data               usart_printf.o
    0x20000034   0x0800c15c   0x00000004   Data   RW         5807    .data               usart_printf.o
    0x20000038   0x0800c160   0x0000001c   Data   RW         5950    .data               imu_attitude.o
    0x20000054        -       0x00000040   Zero   RW           17    .bss                main.o
    0x20000094        -       0x00000054   Zero   RW          250    .bss                i2c.o
    0x200000e8        -       0x000000f8   Zero   RW          293    .bss                tim.o
    0x200001e0        -       0x00000154   Zero   RW          340    .bss                usart.o
    0x20000334        -       0x00000200   Zero   RW         5805    .bss                usart_printf.o
    0x20000534        -       0x0000000c   Zero   RW         5949    .bss                imu_attitude.o
    0x20000540        -       0x00000060   Zero   RW         6282    .bss                c_w.l(libspace.o)
    0x200005a0        -       0x00000200   Zero   RW            2    HEAP                startup_stm32g431xx.o
    0x200007a0        -       0x00000400   Zero   RW            1    STACK               startup_stm32g431xx.o


==============================================================================

Image component sizes


      Code (inc. data)   RO Data    RW Data    ZI Data      Debug   Object Name

       578         16          0          0          0       5759   anony_protocol.o
      5054          6          6          0          0      92984   bmi2.o
       140         14       8264         16          0       6761   bmi270.o
      2942         72         32          0          0      44042   bmm350.o
       356        148          0          4          0      49539   common.o
       110         24          0          0          0       1955   delay.o
        92          4          0          0          0        838   dma.o
       124          8          0          0          0        967   gpio.o
       252         26          0          0         84       1829   i2c.o
       952         40          0         28         12       2865   imu_attitude.o
       276         46          0          0         64     652035   main.o
      2508        926        685          4          0      37015   read_aux_data_mode.o
        64         26        472          0       1536        848   startup_stm32g431xx.o
       162         24          0         12          0       4361   stm32g4xx_hal.o
       198         14          0          0          0      33883   stm32g4xx_hal_cortex.o
       906         30          0          0          0       6618   stm32g4xx_hal_dma.o
         0          0          0          0          0       5404   stm32g4xx_hal_flash.o
       594         34          0          0          0       2360   stm32g4xx_hal_gpio.o
      1736         38          0          0          0      12350   stm32g4xx_hal_i2c.o
       168          0          0          0          0       1935   stm32g4xx_hal_i2c_ex.o
        48          6          0          0          0        878   stm32g4xx_hal_msp.o
       204         18          0          0          0       1417   stm32g4xx_hal_pwr_ex.o
      1684         88          0          0          0       6312   stm32g4xx_hal_rcc.o
       648         10          0          0          0       1896   stm32g4xx_hal_rcc_ex.o
      1200         76          0          0          0      11181   stm32g4xx_hal_tim.o
       170         24          0          0          0       5484   stm32g4xx_hal_tim_ex.o
      3090        116         24          0          0      38484   stm32g4xx_hal_uart.o
       288          6         16          0          0       5422   stm32g4xx_hal_uart_ex.o
       120         28          0          0          0       6762   stm32g4xx_it.o
        16          4         24          4          0       1147   system_stm32g4xx.o
       352         32          0          0        248       2552   tim.o
       356         28          0          0        340       2016   usart.o
       298         32          0         16        512       5973   usart_printf.o

    ----------------------------------------------------------------------
     25720       1964       9562         84       2796    1053872   Object Totals
         0          0         32          0          0          0   (incl. Generated)
        34          0          7          0          0          0   (incl. Padding)

    ----------------------------------------------------------------------

      Code (inc. data)   RO Data    RW Data    ZI Data      Debug   Library Member Name

         8          0          0          0          0         68   __main.o
       284          0          0          0          0        156   __printf_wp.o
         0          0          0          0          0          0   __rtentry.o
        12          0          0          0          0          0   __rtentry2.o
         6          0          0          0          0          0   __rtentry4.o
        52          8          0          0          0          0   __scatter.o
        26          0          0          0          0          0   __scatter_copy.o
        28          0          0          0          0          0   __scatter_zi.o
        44          0          0          0          0        108   _printf_char.o
        48          6          0          0          0         96   _printf_char_common.o
        36          4          0          0          0         80   _printf_char_file.o
         6          0          0          0          0          0   _printf_d.o
       120         16          0          0          0         92   _printf_dec.o
         6          0          0          0          0          0   _printf_f.o
      1054          0          0          0          0        216   _printf_fp_dec.o
       128         16          0          0          0         84   _printf_fp_infnan.o
        88          4         40          0          0         88   _printf_hex_int.o
       178          0          0          0          0         88   _printf_intcommon.o
         0          0          0          0          0          0   _printf_percent.o
         4          0          0          0          0          0   _printf_percent_end.o
         6          0          0          0          0          0   _printf_s.o
        82          0          0          0          0         80   _printf_str.o
         6          0          0          0          0          0   _printf_u.o
         6          0          0          0          0          0   _printf_x.o
        22          0          0          0          0        100   _rserrno.o
       228          4        148          0          0         96   bigflt0.o
      1936        128          0          0          0        672   btod.o
        18          0          0          0          0         80   exit.o
         8          0          0          0          0         68   ferror.o
         6          0          0          0          0        152   heapauxi.o
        44         10         28          0          0         76   lc_numeric_c.o
         2          0          0          0          0          0   libinit.o
        22          0          0          0          0          0   libinit2.o
         2          0          0          0          0          0   libshutdown.o
         2          0          0          0          0          0   libshutdown2.o
         8          4          0          0         96         68   libspace.o
       138          0          0          0          0         80   lludiv10.o
       238          0          0          0          0        100   lludivv7m.o
        24          4          0          0          0         84   noretval__2printf.o
         8          4          0          0          0         68   rt_errno_addr_intlibspace.o
         8          4          0          0          0         68   rt_locale_intlibspace.o
        68          0          0          0          0         68   rt_memclr.o
        78          0          0          0          0         80   rt_memclr_w.o
       138          0          0          0          0         68   rt_memcpy_v6.o
       100          0          0          0          0         80   rt_memcpy_w.o
         2          0          0          0          0          0   rtexit.o
        10          0          0          0          0          0   rtexit2.o
       128          0          0          0          0         68   strcmpv7m.o
        74          0          0          0          0         80   sys_stackheap_outer.o
         2          0          0          0          0         68   use_no_semi.o
         2          0          0          0          0         68   use_no_semi_2.o
        24          0          0          0          0        164   basic.o
        98          4          0          0          0        140   d2f.o
       826         16          0          0          0        492   daddsub_clz.o
        16          4          0          0          0        116   dcheck1.o
        24          0          0          0          0        116   dcmpi.o
       688        140          0          0          0        256   ddiv.o
        84          0          0          0          0        232   dflt_clz.o
       120          4          0          0          0        140   dleqf.o
       340         12          0          0          0        152   dmul.o
       156          4          0          0          0        140   dnaninf.o
        12          0          0          0          0        116   dretinf.o
       108          0          0          0          0        128   drleqf.o
       408         56          0          0          0        168   dsqrt_umaal.o
        86          4          0          0          0        132   f2d.o
       140          4          0          0          0        132   fnaninf.o
        10          0          0          0          0        116   fpinit.o
        10          0          0          0          0        116   fretinf.o
         4          0          0          0          0        116   printf1.o
       100          0          0          0          0        116   retnan.o
        92          0          0          0          0        116   scalbn.o
        48          0          0          0          0        116   trapv.o
         0          0          0          0          0          0   usenofp.o
       300         42          0          0          0        176   asinf.o
       592         90          0          0          0        184   atan2f.o
       164         44          0          0          0        620   dunder.o
        24          0          0          0          0        124   fabs.o
        48          0          0          0          0        124   fpclassify.o
        38          0          0          0          0        116   fpclassifyf.o
        44         12          0          0          0        464   funder.o
       248          0          0          0          0        152   poly.o
      3152        296        136          0          0        352   pow.o
         0          0          8          0          0          0   qnan.o
       110          0          0          0          0        148   sqrt.o
       120          0          0          0          0        272   sqrtf.o

    ----------------------------------------------------------------------
     13802        948        364          0         96       9500   Library Totals
        24          4          4          0          0          0   (incl. Padding)

    ----------------------------------------------------------------------

      Code (inc. data)   RO Data    RW Data    ZI Data      Debug   Library Name

      5544        212        216          0         96       3448   c_w.l
      3394        248          0          0          0       3320   fz_wm.l
      4840        484        144          0          0       2732   m_wm.l

    ----------------------------------------------------------------------
     13802        948        364          0         96       9500   Library Totals

    ----------------------------------------------------------------------

==============================================================================


      Code (inc. data)   RO Data    RW Data    ZI Data      Debug   

     39522       2912       9926         84       2892    1036048   Grand Totals
     39522       2912       9926         84       2892    1036048   ELF Image Totals
     39522       2912       9926         84          0          0   ROM Totals

==============================================================================

    Total RO  Size (Code + RO Data)                49448 (  48.29kB)
    Total RW  Size (RW Data + ZI Data)              2976 (   2.91kB)
    Total ROM Size (Code + RO Data + RW Data)      49532 (  48.37kB)

==============================================================================

