Component: ARM Compiler 5.06 update 6 (build 750) Tool: armlink [4d35ed]

==============================================================================

Section Cross References

    startup_stm32g431xx.o(STACK) refers (Special) to heapauxi.o(.text) for __use_two_region_memory
    startup_stm32g431xx.o(HEAP) refers (Special) to heapauxi.o(.text) for __use_two_region_memory
    startup_stm32g431xx.o(RESET) refers (Special) to heapauxi.o(.text) for __use_two_region_memory
    startup_stm32g431xx.o(RESET) refers to startup_stm32g431xx.o(STACK) for __initial_sp
    startup_stm32g431xx.o(RESET) refers to startup_stm32g431xx.o(.text) for Reset_Handler
    startup_stm32g431xx.o(RESET) refers to stm32g4xx_it.o(i.NMI_Handler) for NMI_Handler
    startup_stm32g431xx.o(RESET) refers to stm32g4xx_it.o(i.HardFault_Handler) for HardFault_Handler
    startup_stm32g431xx.o(RESET) refers to stm32g4xx_it.o(i.MemManage_Handler) for MemManage_Handler
    startup_stm32g431xx.o(RESET) refers to stm32g4xx_it.o(i.BusFault_Handler) for BusFault_Handler
    startup_stm32g431xx.o(RESET) refers to stm32g4xx_it.o(i.UsageFault_Handler) for UsageFault_Handler
    startup_stm32g431xx.o(RESET) refers to stm32g4xx_it.o(i.SVC_Handler) for SVC_Handler
    startup_stm32g431xx.o(RESET) refers to stm32g4xx_it.o(i.DebugMon_Handler) for DebugMon_Handler
    startup_stm32g431xx.o(RESET) refers to stm32g4xx_it.o(i.PendSV_Handler) for PendSV_Handler
    startup_stm32g431xx.o(RESET) refers to stm32g4xx_it.o(i.SysTick_Handler) for SysTick_Handler
    startup_stm32g431xx.o(RESET) refers to stm32g4xx_it.o(i.DMA1_Channel1_IRQHandler) for DMA1_Channel1_IRQHandler
    startup_stm32g431xx.o(RESET) refers to stm32g4xx_it.o(i.DMA1_Channel2_IRQHandler) for DMA1_Channel2_IRQHandler
    startup_stm32g431xx.o(RESET) refers to stm32g4xx_it.o(i.DMA1_Channel3_IRQHandler) for DMA1_Channel3_IRQHandler
    startup_stm32g431xx.o(RESET) refers to stm32g4xx_it.o(i.TIM1_UP_TIM16_IRQHandler) for TIM1_UP_TIM16_IRQHandler
    startup_stm32g431xx.o(RESET) refers to stm32g4xx_it.o(i.USART1_IRQHandler) for USART1_IRQHandler
    startup_stm32g431xx.o(.text) refers (Special) to heapauxi.o(.text) for __use_two_region_memory
    startup_stm32g431xx.o(.text) refers to system_stm32g4xx.o(i.SystemInit) for SystemInit
    startup_stm32g431xx.o(.text) refers to __main.o(!!!main) for __main
    startup_stm32g431xx.o(.text) refers to startup_stm32g431xx.o(HEAP) for Heap_Mem
    startup_stm32g431xx.o(.text) refers to startup_stm32g431xx.o(STACK) for Stack_Mem
    main.o(.rev16_text) refers (Special) to use_no_semi_2.o(.text) for __use_no_semihosting
    main.o(.revsh_text) refers (Special) to use_no_semi_2.o(.text) for __use_no_semihosting
    main.o(.rrx_text) refers (Special) to use_no_semi_2.o(.text) for __use_no_semihosting
    main.o(i.Error_Handler) refers (Special) to use_no_semi_2.o(.text) for __use_no_semihosting
    main.o(i.SystemClock_Config) refers (Special) to use_no_semi_2.o(.text) for __use_no_semihosting
    main.o(i.SystemClock_Config) refers to rt_memclr_w.o(.text) for __aeabi_memclr4
    main.o(i.SystemClock_Config) refers to stm32g4xx_hal_pwr_ex.o(i.HAL_PWREx_ControlVoltageScaling) for HAL_PWREx_ControlVoltageScaling
    main.o(i.SystemClock_Config) refers to stm32g4xx_hal_rcc.o(i.HAL_RCC_OscConfig) for HAL_RCC_OscConfig
    main.o(i.SystemClock_Config) refers to stm32g4xx_hal_rcc.o(i.HAL_RCC_ClockConfig) for HAL_RCC_ClockConfig
    main.o(i.UART1_IDLE_Callback) refers (Special) to use_no_semi_2.o(.text) for __use_no_semihosting
    main.o(i.UART1_IDLE_Callback) refers to stm32g4xx_hal_uart.o(i.HAL_UART_Transmit) for HAL_UART_Transmit
    main.o(i.UART1_IDLE_Callback) refers to rt_memclr.o(.text) for __aeabi_memclr
    main.o(i.UART1_IDLE_Callback) refers to main.o(.bss) for .bss
    main.o(i.UART1_IDLE_Callback) refers to usart.o(.bss) for huart1
    main.o(i.main) refers (Special) to use_no_semi_2.o(.text) for __use_no_semihosting
    main.o(i.main) refers to stm32g4xx_hal.o(i.HAL_Init) for HAL_Init
    main.o(i.main) refers to main.o(i.SystemClock_Config) for SystemClock_Config
    main.o(i.main) refers to noretval__2printf.o(.text) for __2printf
    main.o(i.main) refers to stm32g4xx_hal.o(i.HAL_Delay) for HAL_Delay
    main.o(i.main) refers to gpio.o(i.MX_GPIO_Init) for MX_GPIO_Init
    main.o(i.main) refers to dma.o(i.MX_DMA_Init) for MX_DMA_Init
    main.o(i.main) refers to usart.o(i.MX_USART1_UART_Init) for MX_USART1_UART_Init
    main.o(i.main) refers to tim.o(i.MX_TIM1_Init) for MX_TIM1_Init
    main.o(i.main) refers to i2c.o(i.MX_I2C1_Init) for MX_I2C1_Init
    main.o(i.main) refers to i2c.o(i.MX_I2C2_Init) for MX_I2C2_Init
    main.o(i.main) refers to stm32g4xx_hal_uart.o(i.HAL_UART_Receive_DMA) for HAL_UART_Receive_DMA
    main.o(i.main) refers to stm32g4xx_hal_tim.o(i.HAL_TIM_Base_Start_IT) for HAL_TIM_Base_Start_IT
    main.o(i.main) refers to delay.o(i.DWT_Delay_Init) for DWT_Delay_Init
[...]
    i.UARTEx_SetNbDataToProcess              0x08004458   Section        0  stm32g4xx_hal_uart_ex.o(i.UARTEx_SetNbDataToProcess)
    UARTEx_SetNbDataToProcess                0x08004459   Thumb Code    62  stm32g4xx_hal_uart_ex.o(i.UARTEx_SetNbDataToProcess)
    i.UART_AdvFeatureConfig                  0x0800449c   Section        0  stm32g4xx_hal_uart.o(i.UART_AdvFeatureConfig)
    i.UART_CheckIdleState                    0x08004564   Section        0  stm32g4xx_hal_uart.o(i.UART_CheckIdleState)
    i.UART_DMAAbortOnError                   0x08004610   Section        0  stm32g4xx_hal_uart.o(i.UART_DMAAbortOnError)
    UART_DMAAbortOnError                     0x08004611   Thumb Code    20  stm32g4xx_hal_uart.o(i.UART_DMAAbortOnError)
    i.UART_DMAError                          0x08004624   Section        0  stm32g4xx_hal_uart.o(i.UART_DMAError)
    UART_DMAError                            0x08004625   Thumb Code    80  stm32g4xx_hal_uart.o(i.UART_DMAError)
    i.UART_DMAReceiveCplt                    0x08004674   Section        0  stm32g4xx_hal_uart.o(i.UART_DMAReceiveCplt)
    UART_DMAReceiveCplt                      0x08004675   Thumb Code   134  stm32g4xx_hal_uart.o(i.UART_DMAReceiveCplt)
    i.UART_DMARxHalfCplt                     0x080046fa   Section        0  stm32g4xx_hal_uart.o(i.UART_DMARxHalfCplt)
    UART_DMARxHalfCplt                       0x080046fb   Thumb Code    32  stm32g4xx_hal_uart.o(i.UART_DMARxHalfCplt)
    i.UART_DMATransmitCplt                   0x0800471a   Section        0  stm32g4xx_hal_uart.o(i.UART_DMATransmitCplt)
    UART_DMATransmitCplt                     0x0800471b   Thumb Code    66  stm32g4xx_hal_uart.o(i.UART_DMATransmitCplt)
    i.UART_DMATxHalfCplt                     0x0800475c   Section        0  stm32g4xx_hal_uart.o(i.UART_DMATxHalfCplt)
    UART_DMATxHalfCplt                       0x0800475d   Thumb Code    10  stm32g4xx_hal_uart.o(i.UART_DMATxHalfCplt)
    i.UART_EndRxTransfer                     0x08004768   Section        0  stm32g4xx_hal_uart.o(i.UART_EndRxTransfer)
    UART_EndRxTransfer                       0x08004769   Thumb Code    78  stm32g4xx_hal_uart.o(i.UART_EndRxTransfer)
    i.UART_EndTxTransfer                     0x080047bc   Section        0  stm32g4xx_hal_uart.o(i.UART_EndTxTransfer)
    UART_EndTxTransfer                       0x080047bd   Thumb Code    46  stm32g4xx_hal_uart.o(i.UART_EndTxTransfer)
    i.UART_SetConfig                         0x080047ec   Section        0  stm32g4xx_hal_uart.o(i.UART_SetConfig)
    i.UART_Start_Receive_DMA                 0x08004a60   Section        0  stm32g4xx_hal_uart.o(i.UART_Start_Receive_DMA)
    i.UART_WaitOnFlagUntilTimeout            0x08004b08   Section        0  stm32g4xx_hal_uart.o(i.UART_WaitOnFlagUntilTimeout)
    i.USART1_IRQHandler                      0x08004b9c   Section        0  stm32g4xx_it.o(i.USART1_IRQHandler)
    i.UsageFault_Handler                     0x08004bd0   Section        0  stm32g4xx_it.o(i.UsageFault_Handler)
    i.__ARM_fpclassify                       0x08004bd2   Section        0  fpclassify.o(i.__ARM_fpclassify)
    i.__NVIC_SetPriority                     0x08004c02   Section        0  stm32g4xx_hal_cortex.o(i.__NVIC_SetPriority)
    __NVIC_SetPriority                       0x08004c03   Thumb Code    32  stm32g4xx_hal_cortex.o(i.__NVIC_SetPriority)
    i._is_digit                              0x08004c22   Section        0  __printf_wp.o(i._is_digit)
    i._sys_exit                              0x08004c30   Section        0  usart_printf.o(i._sys_exit)
    i.bmp5_delay_us                          0x08004c32   Section        0  bmp5_port.o(i.bmp5_delay_us)
    bmp5_delay_us                            0x08004c33   Thumb Code     4  bmp5_port.o(i.bmp5_delay_us)
    i.bmp5_get_iir_config                    0x08004c36   Section        0  bmp5.o(i.bmp5_get_iir_config)
    i.bmp5_get_interrupt_status              0x08004c7a   Section        0  bmp5.o(i.bmp5_get_interrupt_status)
    i.bmp5_get_osr_odr_press_config          0x08004c8e   Section        0  bmp5.o(i.bmp5_get_osr_odr_press_config)
    i.bmp5_get_power_mode                    0x08004cd4   Section        0  bmp5.o(i.bmp5_get_power_mode)
    i.bmp5_get_regs                          0x08004d7c   Section        0  bmp5.o(i.bmp5_get_regs)
    i.bmp5_get_sensor_data                   0x08004dbc   Section        0  bmp5.o(i.bmp5_get_sensor_data)
    i.bmp5_i2c_read                          0x08004e3c   Section        0  bmp5_port.o(i.bmp5_i2c_read)
    bmp5_i2c_read                            0x08004e3d   Thumb Code    34  bmp5_port.o(i.bmp5_i2c_read)
    i.bmp5_i2c_write                         0x08004e64   Section        0  bmp5_port.o(i.bmp5_i2c_write)
    bmp5_i2c_write                           0x08004e65   Thumb Code    34  bmp5_port.o(i.bmp5_i2c_write)
    i.bmp5_init                              0x08004e8c   Section        0  bmp5.o(i.bmp5_init)
    i.bmp5_set_osr_odr_press_config          0x08004f10   Section        0  bmp5.o(i.bmp5_set_osr_odr_press_config)
    i.bmp5_set_power_mode                    0x08004f7e   Section        0  bmp5.o(i.bmp5_set_power_mode)
    i.bmp5_set_regs                          0x08004fd4   Section        0  bmp5.o(i.bmp5_set_regs)
    i.bmp5_soft_reset                        0x08005040   Section        0  bmp5.o(i.bmp5_soft_reset)
    i.delay_ms                               0x0800507a   Section        0  delay.o(i.delay_ms)
    i.delay_us                               0x08005090   Section        0  delay.o(i.delay_us)
    i.fputc                                  0x080050b8   Section        0  usart_printf.o(i.fputc)
    i.get_nvm_status                         0x08005138   Section        0  bmp5.o(i.get_nvm_status)
    get_nvm_status                           0x08005139   Thumb Code    20  bmp5.o(i.get_nvm_status)
    i.main                                   0x0800514c   Section        0  main.o(i.main)
    i.null_ptr_check                         0x080051f0   Section        0  bmp5.o(i.null_ptr_check)
    null_ptr_check                           0x080051f1   Thumb Code    24  bmp5.o(i.null_ptr_check)
    i.set_deep_standby_mode                  0x08005208   Section        0  bmp5.o(i.set_deep_standby_mode)
    set_deep_standby_mode                    0x08005209   Thumb Code   138  bmp5.o(i.set_deep_standby_mode)
    i.set_power_mode                         0x08005292   Section        0  bmp5.o(i.set_power_mode)
    set_power_mode                           0x08005293   Thumb Code    52  bmp5.o(i.set_power_mode)
    i.set_standby_mode                       0x080052c6   Section        0  bmp5.o(i.set_standby_mode)
    set_standby_mode                         0x080052c7   Thumb Code    32  bmp5.o(i.set_standby_mode)
    i.uart_tx_start_dma                      0x080052e8   Section        0  usart_printf.o(i.uart_tx_start_dma)
    uart_tx_start_dma                        0x080052e9   Thumb Code    64  usart_printf.o(i.uart_tx_start_dma)
    i.usart_printf_init                      0x08005330   Section        0  usart_printf.o(i.usart_printf_init)
    locale$$code                             0x08005344   Section       44  lc_numeric_c.o(locale$$code)
    x$fpl$d2f                                0x08005370   Section       98  d2f.o(x$fpl$d2f)
    $v0                                      0x08005370   Number         0  d2f.o(x$fpl$d2f)
    x$fpl$dflt                               0x080053d2   Section       46  dflt_clz.o(x$fpl$dflt)
    $v0                                      0x080053d2   Number         0  dflt_clz.o(x$fpl$dflt)
    x$fpl$dfltu                              0x08005400   Section       38  dflt_clz.o(x$fpl$dfltu)
    $v0                                      0x08005400   Number         0  dflt_clz.o(x$fpl$dfltu)
    x$fpl$dmul                               0x08005428   Section      340  dmul.o(x$fpl$dmul)
    $v0                                      0x08005428   Number         0  dmul.o(x$fpl$dmul)
    x$fpl$dnaninf                            0x0800557c   Section      156  dnaninf.o(x$fpl$dnaninf)
    $v0                                      0x0800557c   Number         0  dnaninf.o(x$fpl$dnaninf)
    x$fpl$dretinf                            0x08005618   Section       12  dretinf.o(x$fpl$dretinf)
    $v0                                      0x08005618   Number         0  dretinf.o(x$fpl$dretinf)
    x$fpl$f2d                                0x08005624   Section       86  f2d.o(x$fpl$f2d)
    $v0                                      0x08005624   Number         0  f2d.o(x$fpl$f2d)
    x$fpl$fnaninf                            0x0800567a   Section      140  fnaninf.o(x$fpl$fnaninf)
    $v0                                      0x0800567a   Number         0  fnaninf.o(x$fpl$fnaninf)
    x$fpl$fpinit                             0x08005706   Section       10  fpinit.o(x$fpl$fpinit)
    $v0                                      0x08005706   Number         0  fpinit.o(x$fpl$fpinit)
    x$fpl$fretinf                            0x08005710   Section       10  fretinf.o(x$fpl$fretinf)
    $v0                                      0x08005710   Number         0  fretinf.o(x$fpl$fretinf)
    x$fpl$printf1                            0x0800571a   Section        4  printf1.o(x$fpl$printf1)
    $v0                                      0x0800571a   Number         0  printf1.o(x$fpl$printf1)
    .constdata                               0x0800571e   Section       24  stm32g4xx_hal_uart.o(.constdata)
    x$fpl$usenofp                            0x0800571e   Section        0  usenofp.o(x$fpl$usenofp)
    .constdata                               0x08005736   Section       16  stm32g4xx_hal_uart_ex.o(.constdata)
    numerator                                0x08005736   Data           8  stm32g4xx_hal_uart_ex.o(.constdata)
    denominator                              0x0800573e   Data           8  stm32g4xx_hal_uart_ex.o(.constdata)
    .constdata                               0x08005746   Section       16  system_stm32g4xx.o(.constdata)
    .constdata                               0x08005756   Section        8  system_stm32g4xx.o(.constdata)
    .constdata                               0x0800575e   Section       40  _printf_hex_int.o(.constdata)
    uc_hextab                                0x0800575e   Data          20  _printf_hex_int.o(.constdata)
    lc_hextab                                0x08005772   Data          20  _printf_hex_int.o(.constdata)
    .constdata                               0x08005786   Section       17  __printf_flags_wp.o(.constdata)
    maptable                                 0x08005786   Data          17  __printf_flags_wp.o(.constdata)
    .constdata                               0x08005798   Section      148  bigflt0.o(.constdata)
    tenpwrs_x                                0x08005798   Data          60  bigflt0.o(.constdata)
    tenpwrs_i                                0x080057d4   Data          64  bigflt0.o(.constdata)
    .conststring                             0x0800582c   Section      225  bmp5_port.o(.conststring)
    locale$$data                             0x08005930   Section       28  lc_numeric_c.o(locale$$data)
    __lcnum_c_name                           0x08005934   Data           2  lc_numeric_c.o(locale$$data)
    __lcnum_c_start                          0x0800593c   Data           0  lc_numeric_c.o(locale$$data)
    __lcnum_c_point                          0x08005948   Data           0  lc_numeric_c.o(locale$$data)
    __lcnum_c_thousands                      0x0800594a   Data           0  lc_numeric_c.o(locale$$data)
    __lcnum_c_grouping                       0x0800594b   Data           0  lc_numeric_c.o(locale$$data)
    __lcnum_c_end                            0x0800594c   Data           0  lc_numeric_c.o(locale$$data)
    .data                                    0x20000000   Section       12  stm32g4xx_hal.o(.data)
    .data                                    0x2000000c   Section        4  system_stm32g4xx.o(.data)
    .data                                    0x20000010   Section       12  usart_printf.o(.data)
    tx_dma_busy                              0x20000010   Data           1  usart_printf.o(.data)
    tx_head                                  0x20000012   Data           2  usart_printf.o(.data)
    tx_tail                                  0x20000014   Data           2  usart_printf.o(.data)
    tx_dma_len                               0x20000016   Data           2  usart_printf.o(.data)
    g_huart                                  0x20000018   Data           4  usart_printf.o(.data)
    .data                                    0x2000001c   Section        4  usart_printf.o(.data)
    .bss                                     0x20000020   Section       64  main.o(.bss)
    .bss                                     0x20000060   Section      168  i2c.o(.bss)
    .bss                                     0x20000108   Section      172  tim.o(.bss)
    .bss                                     0x200001b4   Section      340  usart.o(.bss)
    .bss                                     0x20000308   Section      512  usart_printf.o(.bss)
    uart_tx_buf                              0x20000308   Data         512  usart_printf.o(.bss)
    .bss                                     0x20000508   Section       24  bmp5_port.o(.bss)
    bmp5_dev                                 0x20000508   Data          24  bmp5_port.o(.bss)
    .bss                                     0x20000520   Section       96  libspace.o(.bss)
    HEAP                                     0x20000580   Section      512  startup_stm32g431xx.o(HEAP)
    Heap_Mem                                 0x20000580   Data         512  startup_stm32g431xx.o(HEAP)
    STACK                                    0x20000780   Section     1024  startup_stm32g431xx.o(STACK)
    Stack_Mem                                0x20000780   Data        1024  startup_stm32g431xx.o(STACK)
    __initial_sp                             0x20000b80   Data           0  startup_stm32g431xx.o(STACK)

    Global Symbols

    Symbol Name                              Value     Ov Type        Size  Object(Section)

    BuildAttributes$$THM_ISAv4$E$P$D$K$B$S$7EM$VFPi3$EXTD16$VFPS$VFMA$PE$A:L22UL41UL21$X:L11$S22US41US21$IEEE1$IW$USESV6$~STKCKD$USESV7$~SHL$OTIME$ROPI$IEEEX$EBA8$UX$STANDARDLIB$REQ8$PRES8$EABIv2 0x00000000   Number         0  anon$$obj.o ABSOLUTE
    __ARM_use_no_argv                        0x00000000   Number         0  main.o ABSOLUTE
    _printf_flags                            0x00000000   Number         0  printf_stubs.o ABSOLUTE
    _printf_return_value                     0x00000000   Number         0  printf_stubs.o ABSOLUTE
    _printf_sizespec                         0x00000000   Number         0  printf_stubs.o ABSOLUTE
    _printf_widthprec                        0x00000000   Number         0  printf_stubs.o ABSOLUTE
    __ARM_exceptions_init                     - Undefined Weak Reference
    __alloca_initialize                       - Undefined Weak Reference
    __arm_preinit_                            - Undefined Weak Reference
    __cpp_initialize__aeabi_                  - Undefined Weak Reference
    __cxa_finalize                            - Undefined Weak Reference
    __sigvec_lookup                           - Undefined Weak Reference
    _atexit_init                              - Undefined Weak Reference
    _call_atexit_fns                          - Undefined Weak Reference
    _clock_init                               - Undefined Weak Reference
    _fp_trap_init                             - Undefined Weak Reference
    _fp_trap_shutdown                         - Undefined Weak Reference
    _get_lc_collate                           - Undefined Weak Reference
    _get_lc_ctype                             - Undefined Weak Reference
    _get_lc_monetary                          - Undefined Weak Reference
    _get_lc_time                              - Undefined Weak Reference
    _getenv_init                              - Undefined Weak Reference
    _handle_redirection                       - Undefined Weak Reference
    _init_alloc                               - Undefined Weak Reference
    _init_user_alloc                          - Undefined Weak Reference
    _initio                                   - Undefined Weak Reference
    _mutex_acquire                            - Undefined Weak Reference
    _mutex_release                            - Undefined Weak Reference
    _printf_mbtowc                            - Undefined Weak Reference
    _printf_truncate_signed                   - Undefined Weak Reference
    _printf_truncate_unsigned                 - Undefined Weak Reference
    _rand_init                                - Undefined Weak Reference
    _signal_finish                            - Undefined Weak Reference
    _signal_init                              - Undefined Weak Reference
    _terminate_alloc                          - Undefined Weak Reference
    _terminate_user_alloc                     - Undefined Weak Reference
    _terminateio                              - Undefined Weak Reference
    __Vectors_Size                           0x000001d8   Number         0  startup_stm32g431xx.o ABSOLUTE
    __Vectors                                0x08000000   Data           4  startup_stm32g431xx.o(RESET)
    __Vectors_End                            0x080001d8   Data           0  startup_stm32g431xx.o(RESET)
    __main                                   0x080001d9   Thumb Code     8  __main.o(!!!main)
    __scatterload                            0x080001e1   Thumb Code     0  __scatter.o(!!!scatter)
    __scatterload_rt2                        0x080001e1   Thumb Code    44  __scatter.o(!!!scatter)
    __scatterload_rt2_thumb_only             0x080001e1   Thumb Code     0  __scatter.o(!!!scatter)
    __scatterload_null                       0x080001ef   Thumb Code     0  __scatter.o(!!!scatter)
    __scatterload_copy                       0x08000215   Thumb Code    26  __scatter_copy.o(!!handler_copy)
    __scatterload_zeroinit                   0x08000231   Thumb Code    28  __scatter_zi.o(!!handler_zi)
    _printf_f                                0x0800024d   Thumb Code     0  _printf_f.o(.ARM.Collect$$_printf_percent$$00000003)
    _printf_percent                          0x0800024d   Thumb Code     0  _printf_percent.o(.ARM.Collect$$_printf_percent$$00000000)
    _printf_d                                0x08000253   Thumb Code     0  _printf_d.o(.ARM.Collect$$_printf_percent$$00000009)
    _printf_x                                0x08000259   Thumb Code     0  _printf_x.o(.ARM.Collect$$_printf_percent$$0000000C)
    _printf_percent_end                      0x0800025f   Thumb Code     0  _printf_percent_end.o(.ARM.Collect$$_printf_percent$$00000017)
    __rt_lib_init                            0x08000263   Thumb Code     0  libinit.o(.ARM.Collect$$libinit$$00000000)
    __rt_lib_init_fp_1                       0x08000265   Thumb Code     0  libinit2.o(.ARM.Collect$$libinit$$00000001)
    __rt_lib_init_heap_1                     0x08000269   Thumb Code     0  libinit2.o(.ARM.Collect$$libinit$$0000000A)
    __rt_lib_init_lc_common                  0x08000269   Thumb Code     0  libinit2.o(.ARM.Collect$$libinit$$0000000F)
    __rt_lib_init_preinit_1                  0x08000269   Thumb Code     0  libinit2.o(.ARM.Collect$$libinit$$00000004)
    __rt_lib_init_rand_1                     0x08000269   Thumb Code     0  libinit2.o(.ARM.Collect$$libinit$$0000000E)
    __rt_lib_init_user_alloc_1               0x08000269   Thumb Code     0  libinit2.o(.ARM.Collect$$libinit$$0000000C)
    __rt_lib_init_lc_collate_1               0x0800026f   Thumb Code     0  libinit2.o(.ARM.Collect$$libinit$$00000011)
    __rt_lib_init_lc_ctype_1                 0x0800026f   Thumb Code     0  libinit2.o(.ARM.Collect$$libinit$$00000013)
    __rt_lib_init_lc_monetary_1              0x0800026f   Thumb Code     0  libinit2.o(.ARM.Collect$$libinit$$00000015)
    __rt_lib_init_lc_numeric_2               0x0800026f   Thumb Code     0  libinit2.o(.ARM.Collect$$libinit$$00000016)
    __rt_lib_init_alloca_1                   0x08000279   Thumb Code     0  libinit2.o(.ARM.Collect$$libinit$$0000002E)
    __rt_lib_init_argv_1                     0x08000279   Thumb Code     0  libinit2.o(.ARM.Collect$$libinit$$0000002C)
    __rt_lib_init_atexit_1                   0x08000279   Thumb Code     0  libinit2.o(.ARM.Collect$$libinit$$0000001B)
    __rt_lib_init_clock_1                    0x08000279   Thumb Code     0  libinit2.o(.ARM.Collect$$libinit$$00000021)
    __rt_lib_init_cpp_1                      0x08000279   Thumb Code     0  libinit2.o(.ARM.Collect$$libinit$$00000032)
    __rt_lib_init_exceptions_1               0x08000279   Thumb Code     0  libinit2.o(.ARM.Collect$$libinit$$00000030)
    __rt_lib_init_fp_trap_1                  0x08000279   Thumb Code     0  libinit2.o(.ARM.Collect$$libinit$$0000001F)
    __rt_lib_init_getenv_1                   0x08000279   Thumb Code     0  libinit2.o(.ARM.Collect$$libinit$$00000023)
    __rt_lib_init_lc_numeric_1               0x08000279   Thumb Code     0  libinit2.o(.ARM.Collect$$libinit$$00000017)
    __rt_lib_init_lc_time_1                  0x08000279   Thumb Code     0  libinit2.o(.ARM.Collect$$libinit$$00000019)
    __rt_lib_init_return                     0x08000279   Thumb Code     0  libinit2.o(.ARM.Collect$$libinit$$00000033)
    __rt_lib_init_signal_1                   0x08000279   Thumb Code     0  libinit2.o(.ARM.Collect$$libinit$$0000001D)
    __rt_lib_init_stdio_1                    0x08000279   Thumb Code     0  libinit2.o(.ARM.Collect$$libinit$$00000025)
    __rt_lib_shutdown                        0x0800027b   Thumb Code     0  libshutdown.o(.ARM.Collect$$libshutdown$$00000000)
    __rt_lib_shutdown_cpp_1                  0x0800027d   Thumb Code     0  libshutdown2.o(.ARM.Collect$$libshutdown$$00000002)
    __rt_lib_shutdown_fp_trap_1              0x0800027d   Thumb Code     0  libshutdown2.o(.ARM.Collect$$libshutdown$$00000007)
    __rt_lib_shutdown_heap_1                 0x0800027d   Thumb Code     0  libshutdown2.o(.ARM.Collect$$libshutdown$$0000000F)
    __rt_lib_shutdown_return                 0x0800027d   Thumb Code     0  libshutdown2.o(.ARM.Collect$$libshutdown$$00000010)
    __rt_lib_shutdown_signal_1               0x0800027d   Thumb Code     0  libshutdown2.o(.ARM.Collect$$libshutdown$$0000000A)
    __rt_lib_shutdown_stdio_1                0x0800027d   Thumb Code     0  libshutdown2.o(.ARM.Collect$$libshutdown$$00000004)
    __rt_lib_shutdown_user_alloc_1           0x0800027d   Thumb Code     0  libshutdown2.o(.ARM.Collect$$libshutdown$$0000000C)
    __rt_entry                               0x0800027f   Thumb Code     0  __rtentry.o(.ARM.Collect$$rtentry$$00000000)
    __rt_entry_presh_1                       0x0800027f   Thumb Code     0  __rtentry2.o(.ARM.Collect$$rtentry$$00000002)
    __rt_entry_sh                            0x0800027f   Thumb Code     0  __rtentry4.o(.ARM.Collect$$rtentry$$00000004)
    __rt_entry_li                            0x08000285   Thumb Code     0  __rtentry2.o(.ARM.Collect$$rtentry$$0000000A)
    __rt_entry_postsh_1                      0x08000285   Thumb Code     0  __rtentry2.o(.ARM.Collect$$rtentry$$00000009)
    __rt_entry_main                          0x08000289   Thumb Code     0  __rtentry2.o(.ARM.Collect$$rtentry$$0000000D)
    __rt_entry_postli_1                      0x08000289   Thumb Code     0  __rtentry2.o(.ARM.Collect$$rtentry$$0000000C)
    __rt_exit                                0x08000291   Thumb Code     0  rtexit.o(.ARM.Collect$$rtexit$$00000000)
    __rt_exit_ls                             0x08000293   Thumb Code     0  rtexit2.o(.ARM.Collect$$rtexit$$00000003)
    __rt_exit_prels_1                        0x08000293   Thumb Code     0  rtexit2.o(.ARM.Collect$$rtexit$$00000002)
    __rt_exit_exit                           0x08000297   Thumb Code     0  rtexit2.o(.ARM.Collect$$rtexit$$00000004)
    Reset_Handler                            0x0800029d   Thumb Code     8  startup_stm32g431xx.o(.text)
    ADC1_2_IRQHandler                        0x080002b7   Thumb Code     0  startup_stm32g431xx.o(.text)
    COMP1_2_3_IRQHandler                     0x080002b7   Thumb Code     0  startup_stm32g431xx.o(.text)
    COMP4_IRQHandler                         0x080002b7   Thumb Code     0  startup_stm32g431xx.o(.text)
    CORDIC_IRQHandler                        0x080002b7   Thumb Code     0  startup_stm32g431xx.o(.text)
    CRS_IRQHandler                           0x080002b7   Thumb Code     0  startup_stm32g431xx.o(.text)
    DMA1_Channel4_IRQHandler                 0x080002b7   Thumb Code     0  startup_stm32g431xx.o(.text)
    DMA1_Channel5_IRQHandler                 0x080002b7   Thumb Code     0  startup_stm32g431xx.o(.text)
    DMA1_Channel6_IRQHandler                 0x080002b7   Thumb Code     0  startup_stm32g431xx.o(.text)
    DMA2_Channel1_IRQHandler                 0x080002b7   Thumb Code     0  startup_stm32g431xx.o(.text)
    DMA2_Channel2_IRQHandler                 0x080002b7   Thumb Code     0  startup_stm32g431xx.o(.text)
    DMA2_Channel3_IRQHandler                 0x080002b7   Thumb Code     0  startup_stm32g431xx.o(.text)
    DMA2_Channel4_IRQHandler                 0x080002b7   Thumb Code     0  startup_stm32g431xx.o(.text)
    DMA2_Channel5_IRQHandler                 0x080002b7   Thumb Code     0  startup_stm32g431xx.o(.text)
    DMA2_Channel6_IRQHandler                 0x080002b7   Thumb Code     0  startup_stm32g431xx.o(.text)
    DMAMUX_OVR_IRQHandler                    0x080002b7   Thumb Code     0  startup_stm32g431xx.o(.text)
    EXTI0_IRQHandler                         0x080002b7   Thumb Code     0  startup_stm32g431xx.o(.text)
    EXTI15_10_IRQHandler                     0x080002b7   Thumb Code     0  startup_stm32g431xx.o(.text)
    EXTI1_IRQHandler                         0x080002b7   Thumb Code     0  startup_stm32g431xx.o(.text)
    EXTI2_IRQHandler                         0x080002b7   Thumb Code     0  startup_stm32g431xx.o(.text)
    EXTI3_IRQHandler                         0x080002b7   Thumb Code     0  startup_stm32g431xx.o(.text)
    EXTI4_IRQHandler                         0x080002b7   Thumb Code     0  startup_stm32g431xx.o(.text)
    EXTI9_5_IRQHandler                       0x080002b7   Thumb Code     0  startup_stm32g431xx.o(.text)
    FDCAN1_IT0_IRQHandler                    0x080002b7   Thumb Code     0  startup_stm32g431xx.o(.text)
    FDCAN1_IT1_IRQHandler                    0x080002b7   Thumb Code     0  startup_stm32g431xx.o(.text)
    FLASH_IRQHandler                         0x080002b7   Thumb Code     0  startup_stm32g431xx.o(.text)
    FMAC_IRQHandler                          0x080002b7   Thumb Code     0  startup_stm32g431xx.o(.text)
    FPU_IRQHandler                           0x080002b7   Thumb Code     0  startup_stm32g431xx.o(.text)
    I2C1_ER_IRQHandler                       0x080002b7   Thumb Code     0  startup_stm32g431xx.o(.text)
    I2C1_EV_IRQHandler                       0x080002b7   Thumb Code     0  startup_stm32g431xx.o(.text)
    I2C2_ER_IRQHandler                       0x080002b7   Thumb Code     0  startup_stm32g431xx.o(.text)
    I2C2_EV_IRQHandler                       0x080002b7   Thumb Code     0  startup_stm32g431xx.o(.text)
    I2C3_ER_IRQHandler                       0x080002b7   Thumb Code     0  startup_stm32g431xx.o(.text)
    I2C3_EV_IRQHandler                       0x080002b7   Thumb Code     0  startup_stm32g431xx.o(.text)
    LPTIM1_IRQHandler                        0x080002b7   Thumb Code     0  startup_stm32g431xx.o(.text)
    LPUART1_IRQHandler                       0x080002b7   Thumb Code     0  startup_stm32g431xx.o(.text)
    PVD_PVM_IRQHandler                       0x080002b7   Thumb Code     0  startup_stm32g431xx.o(.text)
    RCC_IRQHandler                           0x080002b7   Thumb Code     0  startup_stm32g431xx.o(.text)
    RNG_IRQHandler                           0x080002b7   Thumb Code     0  startup_stm32g431xx.o(.text)
    RTC_Alarm_IRQHandler                     0x080002b7   Thumb Code     0  startup_stm32g431xx.o(.text)
    RTC_TAMP_LSECSS_IRQHandler               0x080002b7   Thumb Code     0  startup_stm32g431xx.o(.text)
    RTC_WKUP_IRQHandler                      0x080002b7   Thumb Code     0  startup_stm32g431xx.o(.text)
    SAI1_IRQHandler                          0x080002b7   Thumb Code     0  startup_stm32g431xx.o(.text)
    SPI1_IRQHandler                          0x080002b7   Thumb Code     0  startup_stm32g431xx.o(.text)
    SPI2_IRQHandler                          0x080002b7   Thumb Code     0  startup_stm32g431xx.o(.text)
    SPI3_IRQHandler                          0x080002b7   Thumb Code     0  startup_stm32g431xx.o(.text)
    TIM1_BRK_TIM15_IRQHandler                0x080002b7   Thumb Code     0  startup_stm32g431xx.o(.text)
    TIM1_CC_IRQHandler                       0x080002b7   Thumb Code     0  startup_stm32g431xx.o(.text)
    TIM1_TRG_COM_TIM17_IRQHandler            0x080002b7   Thumb Code     0  startup_stm32g431xx.o(.text)
    TIM2_IRQHandler                          0x080002b7   Thumb Code     0  startup_stm32g431xx.o(.text)
    TIM3_IRQHandler                          0x080002b7   Thumb Code     0  startup_stm32g431xx.o(.text)
    TIM4_IRQHandler                          0x080002b7   Thumb Code     0  startup_stm32g431xx.o(.text)
    TIM6_DAC_IRQHandler                      0x080002b7   Thumb Code     0  startup_stm32g431xx.o(.text)
    TIM7_IRQHandler                          0x080002b7   Thumb Code     0  startup_stm32g431xx.o(.text)
    TIM8_BRK_IRQHandler                      0x080002b7   Thumb Code     0  startup_stm32g431xx.o(.text)
    TIM8_CC_IRQHandler                       0x080002b7   Thumb Code     0  startup_stm32g431xx.o(.text)
    TIM8_TRG_COM_IRQHandler                  0x080002b7   Thumb Code     0  startup_stm32g431xx.o(.text)
    TIM8_UP_IRQHandler                       0x080002b7   Thumb Code     0  startup_stm32g431xx.o(.text)
    UART4_IRQHandler                         0x080002b7   Thumb Code     0  startup_stm32g431xx.o(.text)
    UCPD1_IRQHandler                         0x080002b7   Thumb Code     0  startup_stm32g431xx.o(.text)
    USART2_IRQHandler                        0x080002b7   Thumb Code     0  startup_stm32g431xx.o(.text)
    USART3_IRQHandler                        0x080002b7   Thumb Code     0  startup_stm32g431xx.o(.text)
    USBWakeUp_IRQHandler                     0x080002b7   Thumb Code     0  startup_stm32g431xx.o(.text)
    USB_HP_IRQHandler                        0x080002b7   Thumb Code     0  startup_stm32g431xx.o(.text)
    USB_LP_IRQHandler                        0x080002b7   Thumb Code     0  startup_stm32g431xx.o(.text)
    WWDG_IRQHandler                          0x080002b7   Thumb Code     0  startup_stm32g431xx.o(.text)
    __user_initial_stackheap                 0x080002b9   Thumb Code     0  startup_stm32g431xx.o(.text)
    __use_no_semihosting                     0x080002dd   Thumb Code     2  use_no_semi_2.o(.text)
    __aeabi_uldivmod                         0x080002df   Thumb Code     0  lludivv7m.o(.text)
    _ll_udiv                                 0x080002df   Thumb Code   238  lludivv7m.o(.text)
    __2printf                                0x080003cd   Thumb Code    20  noretval__2printf.o(.text)
    _printf_pre_padding                      0x080003e5   Thumb Code    44  _printf_pad.o(.text)
    _printf_post_padding                     0x08000411   Thumb Code    34  _printf_pad.o(.text)
    _printf_int_dec                          0x08000435   Thumb Code   104  _printf_dec.o(.text)
    _printf_int_hex                          0x080004ad   Thumb Code    84  _printf_hex_int.o(.text)
    _printf_longlong_hex                     0x080004ad   Thumb Code     0  _printf_hex_int.o(.text)
    __printf                                 0x08000505   Thumb Code   308  __printf_flags_wp.o(.text)
    __aeabi_memclr                           0x0800063d   Thumb Code     0  rt_memclr.o(.text)
    __rt_memclr                              0x0800063d   Thumb Code    68  rt_memclr.o(.text)
    _memset                                  0x08000641   Thumb Code     0  rt_memclr.o(.text)
    __aeabi_memclr4                          0x08000681   Thumb Code     0  rt_memclr_w.o(.text)
    __aeabi_memclr8                          0x08000681   Thumb Code     0  rt_memclr_w.o(.text)
    __rt_memclr_w                            0x08000681   Thumb Code    78  rt_memclr_w.o(.text)
    _memset_w                                0x08000685   Thumb Code     0  rt_memclr_w.o(.text)
    __use_two_region_memory                  0x080006cf   Thumb Code     2  heapauxi.o(.text)
    __rt_heap_escrow$2region                 0x080006d1   Thumb Code     2  heapauxi.o(.text)
    __rt_heap_expand$2region                 0x080006d3   Thumb Code     2  heapauxi.o(.text)
    __I$use$semihosting                      0x080006d5   Thumb Code     0  use_no_semi.o(.text)
    __use_no_semihosting_swi                 0x080006d5   Thumb Code     2  use_no_semi.o(.text)
    _printf_int_common                       0x080006d7   Thumb Code   178  _printf_intcommon.o(.text)
    __lib_sel_fp_printf                      0x08000789   Thumb Code     2  _printf_fp_dec.o(.text)
    _printf_fp_dec_real                      0x0800093b   Thumb Code   620  _printf_fp_dec.o(.text)
    _printf_char_file                        0x08000ba9   Thumb Code    32  _printf_char_file.o(.text)
    __rt_locale                              0x08000bcd   Thumb Code     8  rt_locale_intlibspace.o(.text)
    _ll_udiv10                               0x08000bd5   Thumb Code   138  lludiv10.o(.text)
    _printf_char_common                      0x08000c6b   Thumb Code    32  _printf_char_common.o(.text)
    _printf_fp_infnan                        0x08000c91   Thumb Code   112  _printf_fp_infnan.o(.text)
    _btod_etento                             0x08000d11   Thumb Code   224  bigflt0.o(.text)
    ferror                                   0x08000df5   Thumb Code     8  ferror.o(.text)
    __user_libspace                          0x08000dfd   Thumb Code     8  libspace.o(.text)
    __user_perproc_libspace                  0x08000dfd   Thumb Code     0  libspace.o(.text)
    __user_perthread_libspace                0x08000dfd   Thumb Code     0  libspace.o(.text)
    __user_setup_stackheap                   0x08000e05   Thumb Code    74  sys_stackheap_outer.o(.text)
    exit                                     0x08000e4f   Thumb Code    18  exit.o(.text)
    strcmp                                   0x08000e61   Thumb Code   128  strcmpv7m.o(.text)
    _btod_d2e                                0x08000ee1   Thumb Code    62  btod.o(CL$$btod_d2e)
    _d2e_denorm_low                          0x08000f1f   Thumb Code    70  btod.o(CL$$btod_d2e_denorm_low)
    _d2e_norm_op1                            0x08000f65   Thumb Code    96  btod.o(CL$$btod_d2e_norm_op1)
    __btod_div_common                        0x08000fc5   Thumb Code   696  btod.o(CL$$btod_div_common)
    _e2e                                     0x080012fd   Thumb Code   220  btod.o(CL$$btod_e2e)
    _btod_ediv                               0x080013d9   Thumb Code    42  btod.o(CL$$btod_ediv)
    _btod_emul                               0x08001403   Thumb Code    42  btod.o(CL$$btod_emul)
    __btod_mult_common                       0x0800142d   Thumb Code   580  btod.o(CL$$btod_mult_common)
    BMP580_Test_Run                          0x08001671   Thumb Code   308  bmp5_port.o(i.BMP580_Test_Run)
    BusFault_Handler                         0x08001a15   Thumb Code     2  stm32g4xx_it.o(i.BusFault_Handler)
    DMA1_Channel1_IRQHandler                 0x08001a19   Thumb Code     6  stm32g4xx_it.o(i.DMA1_Channel1_IRQHandler)
    DMA1_Channel2_IRQHandler                 0x08001a25   Thumb Code     6  stm32g4xx_it.o(i.DMA1_Channel2_IRQHandler)
    DMA1_Channel3_IRQHandler                 0x08001a31   Thumb Code     6  stm32g4xx_it.o(i.DMA1_Channel3_IRQHandler)
    DWT_Delay_Init                           0x08001ae1   Thumb Code    38  delay.o(i.DWT_Delay_Init)
    DebugMon_Handler                         0x08001b11   Thumb Code     2  stm32g4xx_it.o(i.DebugMon_Handler)
    Error_Handler                            0x08001b13   Thumb Code     4  main.o(i.Error_Handler)
    HAL_DMA_Abort                            0x08001b17   Thumb Code   106  stm32g4xx_hal_dma.o(i.HAL_DMA_Abort)
    HAL_DMA_Abort_IT                         0x08001b81   Thumb Code   120  stm32g4xx_hal_dma.o(i.HAL_DMA_Abort_IT)
    HAL_DMA_IRQHandler                       0x08001bf9   Thumb Code   186  stm32g4xx_hal_dma.o(i.HAL_DMA_IRQHandler)
    HAL_DMA_Init                             0x08001cb5   Thumb Code   178  stm32g4xx_hal_dma.o(i.HAL_DMA_Init)
    HAL_DMA_Start_IT                         0x08001d75   Thumb Code   140  stm32g4xx_hal_dma.o(i.HAL_DMA_Start_IT)
    HAL_Delay                                0x08001e01   Thumb Code    32  stm32g4xx_hal.o(i.HAL_Delay)
    HAL_GPIO_Init                            0x08001e25   Thumb Code   550  stm32g4xx_hal_gpio.o(i.HAL_GPIO_Init)
    HAL_GPIO_WritePin                        0x0800206d   Thumb Code    10  stm32g4xx_hal_gpio.o(i.HAL_GPIO_WritePin)
    HAL_GetTick                              0x08002079   Thumb Code     6  stm32g4xx_hal.o(i.HAL_GetTick)
    HAL_I2CEx_ConfigAnalogFilter             0x08002085   Thumb Code    86  stm32g4xx_hal_i2c_ex.o(i.HAL_I2CEx_ConfigAnalogFilter)
    HAL_I2CEx_ConfigDigitalFilter            0x080020db   Thumb Code    82  stm32g4xx_hal_i2c_ex.o(i.HAL_I2CEx_ConfigDigitalFilter)
    HAL_I2C_Init                             0x0800212d   Thumb Code   184  stm32g4xx_hal_i2c.o(i.HAL_I2C_Init)
    HAL_I2C_Mem_Read                         0x080021e9   Thumb Code   346  stm32g4xx_hal_i2c.o(i.HAL_I2C_Mem_Read)
    HAL_I2C_Mem_Write                        0x0800234d   Thumb Code   340  stm32g4xx_hal_i2c.o(i.HAL_I2C_Mem_Write)
    HAL_I2C_MspInit                          0x080024a5   Thumb Code   276  i2c.o(i.HAL_I2C_MspInit)
    HAL_IncTick                              0x080025cd   Thumb Code    12  stm32g4xx_hal.o(i.HAL_IncTick)
    HAL_Init                                 0x080025dd   Thumb Code    30  stm32g4xx_hal.o(i.HAL_Init)
    HAL_InitTick                             0x080025fd   Thumb Code    58  stm32g4xx_hal.o(i.HAL_InitTick)
    HAL_MspInit                              0x08002641   Thumb Code    42  stm32g4xx_hal_msp.o(i.HAL_MspInit)
    HAL_NVIC_EnableIRQ                       0x08002671   Thumb Code    26  stm32g4xx_hal_cortex.o(i.HAL_NVIC_EnableIRQ)
    HAL_NVIC_SetPriority                     0x0800268d   Thumb Code    60  stm32g4xx_hal_cortex.o(i.HAL_NVIC_SetPriority)
    HAL_NVIC_SetPriorityGrouping             0x080026cd   Thumb Code    26  stm32g4xx_hal_cortex.o(i.HAL_NVIC_SetPriorityGrouping)
    HAL_PWREx_ControlVoltageScaling          0x080026f1   Thumb Code   174  stm32g4xx_hal_pwr_ex.o(i.HAL_PWREx_ControlVoltageScaling)
    HAL_PWREx_DisableUCPDDeadBattery         0x080027ad   Thumb Code    12  stm32g4xx_hal_pwr_ex.o(i.HAL_PWREx_DisableUCPDDeadBattery)
    HAL_RCCEx_PeriphCLKConfig                0x080027bd   Thumb Code   638  stm32g4xx_hal_rcc_ex.o(i.HAL_RCCEx_PeriphCLKConfig)
    HAL_RCC_ClockConfig                      0x08002a45   Thumb Code   444  stm32g4xx_hal_rcc.o(i.HAL_RCC_ClockConfig)
    HAL_RCC_GetPCLK1Freq                     0x08002c21   Thumb Code    24  stm32g4xx_hal_rcc.o(i.HAL_RCC_GetPCLK1Freq)
    HAL_RCC_GetPCLK2Freq                     0x08002c45   Thumb Code    24  stm32g4xx_hal_rcc.o(i.HAL_RCC_GetPCLK2Freq)
    HAL_RCC_GetSysClockFreq                  0x08002c69   Thumb Code    98  stm32g4xx_hal_rcc.o(i.HAL_RCC_GetSysClockFreq)
    HAL_RCC_OscConfig                        0x08002cd5   Thumb Code  1028  stm32g4xx_hal_rcc.o(i.HAL_RCC_OscConfig)
    HAL_SYSTICK_Config                       0x080030d9   Thumb Code    40  stm32g4xx_hal_cortex.o(i.HAL_SYSTICK_Config)
    HAL_TIMEx_Break2Callback                 0x08003101   Thumb Code     2  stm32g4xx_hal_tim_ex.o(i.HAL_TIMEx_Break2Callback)
    HAL_TIMEx_BreakCallback                  0x08003103   Thumb Code     2  stm32g4xx_hal_tim_ex.o(i.HAL_TIMEx_BreakCallback)
    HAL_TIMEx_CommutCallback                 0x08003105   Thumb Code     2  stm32g4xx_hal_tim_ex.o(i.HAL_TIMEx_CommutCallback)
    HAL_TIMEx_DirectionChangeCallback        0x08003107   Thumb Code     2  stm32g4xx_hal_tim_ex.o(i.HAL_TIMEx_DirectionChangeCallback)
    HAL_TIMEx_EncoderIndexCallback           0x08003109   Thumb Code     2  stm32g4xx_hal_tim_ex.o(i.HAL_TIMEx_EncoderIndexCallback)
    HAL_TIMEx_IndexErrorCallback             0x0800310b   Thumb Code     2  stm32g4xx_hal_tim_ex.o(i.HAL_TIMEx_IndexErrorCallback)
    HAL_TIMEx_MasterConfigSynchronization    0x0800310d   Thumb Code   132  stm32g4xx_hal_tim_ex.o(i.HAL_TIMEx_MasterConfigSynchronization)
    HAL_TIMEx_TransitionErrorCallback        0x080031a9   Thumb Code     2  stm32g4xx_hal_tim_ex.o(i.HAL_TIMEx_TransitionErrorCallback)
    HAL_TIM_Base_Init                        0x080031ab   Thumb Code    98  stm32g4xx_hal_tim.o(i.HAL_TIM_Base_Init)
    HAL_TIM_Base_MspInit                     0x0800320d   Thumb Code   102  tim.o(i.HAL_TIM_Base_MspInit)
    HAL_TIM_Base_Start_IT                    0x08003285   Thumb Code    94  stm32g4xx_hal_tim.o(i.HAL_TIM_Base_Start_IT)
    HAL_TIM_ConfigClockSource                0x080032fd   Thumb Code   246  stm32g4xx_hal_tim.o(i.HAL_TIM_ConfigClockSource)
    HAL_TIM_IC_CaptureCallback               0x080033fd   Thumb Code     2  stm32g4xx_hal_tim.o(i.HAL_TIM_IC_CaptureCallback)
    HAL_TIM_IRQHandler                       0x080033ff   Thumb Code   418  stm32g4xx_hal_tim.o(i.HAL_TIM_IRQHandler)
    HAL_TIM_OC_DelayElapsedCallback          0x080035a1   Thumb Code     2  stm32g4xx_hal_tim.o(i.HAL_TIM_OC_DelayElapsedCallback)
    HAL_TIM_PWM_PulseFinishedCallback        0x080035a3   Thumb Code     2  stm32g4xx_hal_tim.o(i.HAL_TIM_PWM_PulseFinishedCallback)
    HAL_TIM_PeriodElapsedCallback            0x080035a5   Thumb Code     2  stm32g4xx_hal_tim.o(i.HAL_TIM_PeriodElapsedCallback)
    HAL_TIM_TriggerCallback                  0x080035a7   Thumb Code     2  stm32g4xx_hal_tim.o(i.HAL_TIM_TriggerCallback)
    HAL_UARTEx_DisableFifoMode               0x080035a9   Thumb Code    62  stm32g4xx_hal_uart_ex.o(i.HAL_UARTEx_DisableFifoMode)
    HAL_UARTEx_RxEventCallback               0x080035e7   Thumb Code     2  stm32g4xx_hal_uart.o(i.HAL_UARTEx_RxEventCallback)
    HAL_UARTEx_RxFifoFullCallback            0x080035e9   Thumb Code     2  stm32g4xx_hal_uart_ex.o(i.HAL_UARTEx_RxFifoFullCallback)
    HAL_UARTEx_SetRxFifoThreshold            0x080035eb   Thumb Code    76  stm32g4xx_hal_uart_ex.o(i.HAL_UARTEx_SetRxFifoThreshold)
    HAL_UARTEx_SetTxFifoThreshold            0x08003637   Thumb Code    76  stm32g4xx_hal_uart_ex.o(i.HAL_UARTEx_SetTxFifoThreshold)
    HAL_UARTEx_TxFifoEmptyCallback           0x08003683   Thumb Code     2  stm32g4xx_hal_uart_ex.o(i.HAL_UARTEx_TxFifoEmptyCallback)
    HAL_UARTEx_WakeupCallback                0x08003685   Thumb Code     2  stm32g4xx_hal_uart_ex.o(i.HAL_UARTEx_WakeupCallback)
    HAL_UART_ErrorCallback                   0x08003687   Thumb Code     2  stm32g4xx_hal_uart.o(i.HAL_UART_ErrorCallback)
    HAL_UART_IRQHandler                      0x08003689   Thumb Code   782  stm32g4xx_hal_uart.o(i.HAL_UART_IRQHandler)
    HAL_UART_Init                            0x080039a5   Thumb Code   106  stm32g4xx_hal_uart.o(i.HAL_UART_Init)
    HAL_UART_MspInit                         0x08003a11   Thumb Code   234  usart.o(i.HAL_UART_MspInit)
    HAL_UART_Receive_DMA                     0x08003b0d   Thumb Code    66  stm32g4xx_hal_uart.o(i.HAL_UART_Receive_DMA)
    HAL_UART_RxCpltCallback                  0x08003b55   Thumb Code     2  stm32g4xx_hal_uart.o(i.HAL_UART_RxCpltCallback)
    HAL_UART_RxHalfCpltCallback              0x08003b57   Thumb Code     2  stm32g4xx_hal_uart.o(i.HAL_UART_RxHalfCpltCallback)
    HAL_UART_Transmit                        0x08003b59   Thumb Code   174  stm32g4xx_hal_uart.o(i.HAL_UART_Transmit)
    HAL_UART_Transmit_DMA                    0x08003c09   Thumb Code   132  stm32g4xx_hal_uart.o(i.HAL_UART_Transmit_DMA)
    HAL_UART_TxCpltCallback                  0x08003c99   Thumb Code    30  usart_printf.o(i.HAL_UART_TxCpltCallback)
    HAL_UART_TxHalfCpltCallback              0x08003cbd   Thumb Code     2  stm32g4xx_hal_uart.o(i.HAL_UART_TxHalfCpltCallback)
    HardFault_Handler                        0x08003cbf   Thumb Code     2  stm32g4xx_it.o(i.HardFault_Handler)
    MX_DMA_Init                              0x08004015   Thumb Code    88  dma.o(i.MX_DMA_Init)
    MX_GPIO_Init                             0x08004071   Thumb Code   116  gpio.o(i.MX_GPIO_Init)
    MX_I2C1_Init                             0x080040ed   Thumb Code    76  i2c.o(i.MX_I2C1_Init)
    MX_I2C2_Init                             0x08004145   Thumb Code    76  i2c.o(i.MX_I2C2_Init)
    MX_TIM1_Init                             0x0800419d   Thumb Code   102  tim.o(i.MX_TIM1_Init)
    MX_USART1_UART_Init                      0x0800420d   Thumb Code    94  usart.o(i.MX_USART1_UART_Init)
    MemManage_Handler                        0x08004275   Thumb Code     2  stm32g4xx_it.o(i.MemManage_Handler)
    NMI_Handler                              0x08004277   Thumb Code     2  stm32g4xx_it.o(i.NMI_Handler)
    PendSV_Handler                           0x08004279   Thumb Code     2  stm32g4xx_it.o(i.PendSV_Handler)
    SVC_Handler                              0x0800427b   Thumb Code     2  stm32g4xx_it.o(i.SVC_Handler)
    SysTick_Handler                          0x0800427d   Thumb Code     4  stm32g4xx_it.o(i.SysTick_Handler)
    SystemClock_Config                       0x08004281   Thumb Code   104  main.o(i.SystemClock_Config)
    SystemInit                               0x080042e9   Thumb Code    12  system_stm32g4xx.o(i.SystemInit)
    TIM1_UP_TIM16_IRQHandler                 0x080042f9   Thumb Code     6  stm32g4xx_it.o(i.TIM1_UP_TIM16_IRQHandler)
    TIM_Base_SetConfig                       0x08004305   Thumb Code   160  stm32g4xx_hal_tim.o(i.TIM_Base_SetConfig)
    TIM_ETR_SetConfig                        0x080043c1   Thumb Code    20  stm32g4xx_hal_tim.o(i.TIM_ETR_SetConfig)
    UART1_IDLE_Callback                      0x08004431   Thumb Code    32  main.o(i.UART1_IDLE_Callback)
    UART_AdvFeatureConfig                    0x0800449d   Thumb Code   200  stm32g4xx_hal_uart.o(i.UART_AdvFeatureConfig)
    UART_CheckIdleState                      0x08004565   Thumb Code   172  stm32g4xx_hal_uart.o(i.UART_CheckIdleState)
    UART_SetConfig                           0x080047ed   Thumb Code   582  stm32g4xx_hal_uart.o(i.UART_SetConfig)
    UART_Start_Receive_DMA                   0x08004a61   Thumb Code   156  stm32g4xx_hal_uart.o(i.UART_Start_Receive_DMA)
    UART_WaitOnFlagUntilTimeout              0x08004b09   Thumb Code   148  stm32g4xx_hal_uart.o(i.UART_WaitOnFlagUntilTimeout)
    USART1_IRQHandler                        0x08004b9d   Thumb Code    48  stm32g4xx_it.o(i.USART1_IRQHandler)
    UsageFault_Handler                       0x08004bd1   Thumb Code     2  stm32g4xx_it.o(i.UsageFault_Handler)
    __ARM_fpclassify                         0x08004bd3   Thumb Code    48  fpclassify.o(i.__ARM_fpclassify)
    _is_digit                                0x08004c23   Thumb Code    14  __printf_wp.o(i._is_digit)
    _sys_exit                                0x08004c31   Thumb Code     2  usart_printf.o(i._sys_exit)
    bmp5_get_iir_config                      0x08004c37   Thumb Code    68  bmp5.o(i.bmp5_get_iir_config)
    bmp5_get_interrupt_status                0x08004c7b   Thumb Code    20  bmp5.o(i.bmp5_get_interrupt_status)
    bmp5_get_osr_odr_press_config            0x08004c8f   Thumb Code    70  bmp5.o(i.bmp5_get_osr_odr_press_config)
    bmp5_get_power_mode                      0x08004cd5   Thumb Code   168  bmp5.o(i.bmp5_get_power_mode)
    bmp5_get_regs                            0x08004d7d   Thumb Code    64  bmp5.o(i.bmp5_get_regs)
    bmp5_get_sensor_data                     0x08004dbd   Thumb Code   106  bmp5.o(i.bmp5_get_sensor_data)
    bmp5_init                                0x08004e8d   Thumb Code   132  bmp5.o(i.bmp5_init)
    bmp5_set_osr_odr_press_config            0x08004f11   Thumb Code   110  bmp5.o(i.bmp5_set_osr_odr_press_config)
    bmp5_set_power_mode                      0x08004f7f   Thumb Code    86  bmp5.o(i.bmp5_set_power_mode)
    bmp5_set_regs                            0x08004fd5   Thumb Code   108  bmp5.o(i.bmp5_set_regs)
    bmp5_soft_reset                          0x08005041   Thumb Code    58  bmp5.o(i.bmp5_soft_reset)
    delay_ms                                 0x0800507b   Thumb Code    22  delay.o(i.delay_ms)
    delay_us                                 0x08005091   Thumb Code    26  delay.o(i.delay_us)
    fputc                                    0x080050b9   Thumb Code   120  usart_printf.o(i.fputc)
    main                                     0x0800514d   Thumb Code    90  main.o(i.main)
    usart_printf_init                        0x08005331   Thumb Code    14  usart_printf.o(i.usart_printf_init)
    _get_lc_numeric                          0x08005345   Thumb Code    44  lc_numeric_c.o(locale$$code)
    __aeabi_d2f                              0x08005371   Thumb Code     0  d2f.o(x$fpl$d2f)
    _d2f                                     0x08005371   Thumb Code    98  d2f.o(x$fpl$d2f)
    __aeabi_i2d                              0x080053d3   Thumb Code     0  dflt_clz.o(x$fpl$dflt)
    _dflt                                    0x080053d3   Thumb Code    46  dflt_clz.o(x$fpl$dflt)
    __aeabi_ui2d                             0x08005401   Thumb Code     0  dflt_clz.o(x$fpl$dfltu)
    _dfltu                                   0x08005401   Thumb Code    38  dflt_clz.o(x$fpl$dfltu)
    __aeabi_dmul                             0x08005429   Thumb Code     0  dmul.o(x$fpl$dmul)
    _dmul                                    0x08005429   Thumb Code   332  dmul.o(x$fpl$dmul)
    __fpl_dnaninf                            0x0800557d   Thumb Code   156  dnaninf.o(x$fpl$dnaninf)
    __fpl_dretinf                            0x08005619   Thumb Code    12  dretinf.o(x$fpl$dretinf)
    __aeabi_f2d                              0x08005625   Thumb Code     0  f2d.o(x$fpl$f2d)
    _f2d                                     0x08005625   Thumb Code    86  f2d.o(x$fpl$f2d)
    __fpl_fnaninf                            0x0800567b   Thumb Code   140  fnaninf.o(x$fpl$fnaninf)
    _fp_init                                 0x08005707   Thumb Code    10  fpinit.o(x$fpl$fpinit)
    __fplib_config_fpu_vfp                   0x0800570f   Thumb Code     0  fpinit.o(x$fpl$fpinit)
    __fplib_config_pureend_doubles           0x0800570f   Thumb Code     0  fpinit.o(x$fpl$fpinit)
    __fpl_fretinf                            0x08005711   Thumb Code    10  fretinf.o(x$fpl$fretinf)
    _printf_fp_dec                           0x0800571b   Thumb Code     4  printf1.o(x$fpl$printf1)
    UARTPrescTable                           0x0800571e   Data          24  stm32g4xx_hal_uart.o(.constdata)
    __I$use$fp                               0x0800571e   Number         0  usenofp.o(x$fpl$usenofp)
    AHBPrescTable                            0x08005746   Data          16  system_stm32g4xx.o(.constdata)
    APBPrescTable                            0x08005756   Data           8  system_stm32g4xx.o(.constdata)
    Region$$Table$$Base                      0x08005910   Number         0  anon$$obj.o(Region$$Table)
    Region$$Table$$Limit                     0x08005930   Number         0  anon$$obj.o(Region$$Table)
    uwTickPrio                               0x20000000   Data           4  stm32g4xx_hal.o(.data)
    uwTickFreq                               0x20000004   Data           4  stm32g4xx_hal.o(.data)
    uwTick                                   0x20000008   Data           4  stm32g4xx_hal.o(.data)
    SystemCoreClock                          0x2000000c   Data           4  system_stm32g4xx.o(.data)
    __stdout                                 0x2000001c   Data           4  usart_printf.o(.data)
    rx_buf                                   0x20000020   Data          64  main.o(.bss)
    hi2c1                                    0x20000060   Data          84  i2c.o(.bss)
    hi2c2                                    0x200000b4   Data          84  i2c.o(.bss)
    htim1                                    0x20000108   Data          76  tim.o(.bss)
    hdma_tim1_up                             0x20000154   Data          96  tim.o(.bss)
    huart1                                   0x200001b4   Data         148  usart.o(.bss)
    hdma_usart1_rx                           0x20000248   Data          96  usart.o(.bss)
    hdma_usart1_tx                           0x200002a8   Data          96  usart.o(.bss)
    __libspace_start                         0x20000520   Data          96  libspace.o(.bss)
    __temporary_stack_top$libspace           0x20000580   Data           0  libspace.o(.bss)



==============================================================================

Memory Map of the image

  Image Entry point : 0x080001d9

  Load Region LR_IROM1 (Base: 0x08000000, Size: 0x0000596c, Max: 0x00020000, ABSOLUTE)

    Execution Region ER_IROM1 (Exec base: 0x08000000, Load base: 0x08000000, Size: 0x0000594c, Max: 0x00020000, ABSOLUTE)

    Exec Addr    Load Addr    Size         Type   Attr      Idx    E Section Name        Object

    0x08000000   0x08000000   0x000001d8   Data   RO            3    RESET               startup_stm32g431xx.o
    0x080001d8   0x080001d8   0x00000008   Code   RO         6463  * !!!main             c_w.l(__main.o)
    0x080001e0   0x080001e0   0x00000034   Code   RO         6847    !!!scatter          c_w.l(__scatter.o)
    0x08000214   0x08000214   0x0000001a   Code   RO         6849    !!handler_copy      c_w.l(__scatter_copy.o)
    0x0800022e   0x0800022e   0x00000002   PAD
    0x08000230   0x08000230   0x0000001c   Code   RO         6851    !!handler_zi        c_w.l(__scatter_zi.o)
    0x0800024c   0x0800024c   0x00000000   Code   RO         6454    .ARM.Collect$$_printf_percent$$00000000  c_w.l(_printf_percent.o)
    0x0800024c   0x0800024c   0x00000006   Code   RO         6453    .ARM.Collect$$_printf_percent$$00000003  c_w.l(_printf_f.o)
    0x08000252   0x08000252   0x00000006   Code   RO         6451    .ARM.Collect$$_printf_percent$$00000009  c_w.l(_printf_d.o)
    0x08000258   0x08000258   0x00000006   Code   RO         6450    .ARM.Collect$$_printf_percent$$0000000C  c_w.l(_printf_x.o)
    0x0800025e   0x0800025e   0x00000004   Code   RO         6552    .ARM.Collect$$_printf_percent$$00000017  c_w.l(_printf_percent_end.o)
    0x08000262   0x08000262   0x00000002   Code   RO         6720    .ARM.Collect$$libinit$$00000000  c_w.l(libinit.o)
    0x08000264   0x08000264   0x00000004   Code   RO         6721    .ARM.Collect$$libinit$$00000001  c_w.l(libinit2.o)
    0x08000268   0x08000268   0x00000000   Code   RO         6724    .ARM.Collect$$libinit$$00000004  c_w.l(libinit2.o)
    0x08000268   0x08000268   0x00000000   Code   RO         6727    .ARM.Collect$$libinit$$0000000A  c_w.l(libinit2.o)
    0x08000268   0x08000268   0x00000000   Code   RO         6729    .ARM.Collect$$libinit$$0000000C  c_w.l(libinit2.o)
    0x08000268   0x08000268   0x00000000   Code   RO         6731    .ARM.Collect$$libinit$$0000000E  c_w.l(libinit2.o)
    0x08000268   0x08000268   0x00000006   Code   RO         6732    .ARM.Collect$$libinit$$0000000F  c_w.l(libinit2.o)
    0x0800026e   0x0800026e   0x00000000   Code   RO         6734    .ARM.Collect$$libinit$$00000011  c_w.l(libinit2.o)
    0x0800026e   0x0800026e   0x00000000   Code   RO         6736    .ARM.Collect$$libinit$$00000013  c_w.l(libinit2.o)
    0x0800026e   0x0800026e   0x00000000   Code   RO         6738    .ARM.Collect$$libinit$$00000015  c_w.l(libinit2.o)
    0x0800026e   0x0800026e   0x0000000a   Code   RO         6739    .ARM.Collect$$libinit$$00000016  c_w.l(libinit2.o)
    0x08000278   0x08000278   0x00000000   Code   RO         6740    .ARM.Collect$$libinit$$00000017  c_w.l(libinit2.o)
    0x08000278   0x08000278   0x00000000   Code   RO         6742    .ARM.Collect$$libinit$$00000019  c_w.l(libinit2.o)
    0x08000278   0x08000278   0x00000000   Code   RO         6744    .ARM.Collect$$libinit$$0000001B  c_w.l(libinit2.o)
    0x08000278   0x08000278   0x00000000   Code   RO         6746    .ARM.Collect$$libinit$$0000001D  c_w.l(libinit2.o)
    0x08000278   0x08000278   0x00000000   Code   RO         6748    .ARM.Collect$$libinit$$0000001F  c_w.l(libinit2.o)
    0x08000278   0x08000278   0x00000000   Code   RO         6750    .ARM.Collect$$libinit$$00000021  c_w.l(libinit2.o)
    0x08000278   0x08000278   0x00000000   Code   RO         6752    .ARM.Collect$$libinit$$00000023  c_w.l(libinit2.o)
    0x08000278   0x08000278   0x00000000   Code   RO         6754    .ARM.Collect$$libinit$$00000025  c_w.l(libinit2.o)
    0x08000278   0x08000278   0x00000000   Code   RO         6758    .ARM.Collect$$libinit$$0000002C  c_w.l(libinit2.o)
    0x08000278   0x08000278   0x00000000   Code   RO         6760    .ARM.Collect$$libinit$$0000002E  c_w.l(libinit2.o)
    0x08000278   0x08000278   0x00000000   Code   RO         6762    .ARM.Collect$$libinit$$00000030  c_w.l(libinit2.o)
    0x08000278   0x08000278   0x00000000   Code   RO         6764    .ARM.Collect$$libinit$$00000032  c_w.l(libinit2.o)
    0x08000278   0x08000278   0x00000002   Code   RO         6765    .ARM.Collect$$libinit$$00000033  c_w.l(libinit2.o)
    0x0800027a   0x0800027a   0x00000002   Code   RO         6811    .ARM.Collect$$libshutdown$$00000000  c_w.l(libshutdown.o)
    0x0800027c   0x0800027c   0x00000000   Code   RO         6830    .ARM.Collect$$libshutdown$$00000002  c_w.l(libshutdown2.o)
    0x0800027c   0x0800027c   0x00000000   Code   RO         6832    .ARM.Collect$$libshutdown$$00000004  c_w.l(libshutdown2.o)
    0x0800027c   0x0800027c   0x00000000   Code   RO         6835    .ARM.Collect$$libshutdown$$00000007  c_w.l(libshutdown2.o)
    0x0800027c   0x0800027c   0x00000000   Code   RO         6838    .ARM.Collect$$libshutdown$$0000000A  c_w.l(libshutdown2.o)
    0x0800027c   0x0800027c   0x00000000   Code   RO         6840    .ARM.Collect$$libshutdown$$0000000C  c_w.l(libshutdown2.o)
    0x0800027c   0x0800027c   0x00000000   Code   RO         6843    .ARM.Collect$$libshutdown$$0000000F  c_w.l(libshutdown2.o)
    0x0800027c   0x0800027c   0x00000002   Code   RO         6844    .ARM.Collect$$libshutdown$$00000010  c_w.l(libshutdown2.o)
    0x0800027e   0x0800027e   0x00000000   Code   RO         6537    .ARM.Collect$$rtentry$$00000000  c_w.l(__rtentry.o)
    0x0800027e   0x0800027e   0x00000000   Code   RO         6628    .ARM.Collect$$rtentry$$00000002  c_w.l(__rtentry2.o)
    0x0800027e   0x0800027e   0x00000006   Code   RO         6640    .ARM.Collect$$rtentry$$00000004  c_w.l(__rtentry4.o)
    0x08000284   0x08000284   0x00000000   Code   RO         6630    .ARM.Collect$$rtentry$$00000009  c_w.l(__rtentry2.o)
    0x08000284   0x08000284   0x00000004   Code   RO         6631    .ARM.Collect$$rtentry$$0000000A  c_w.l(__rtentry2.o)
    0x08000288   0x08000288   0x00000000   Code   RO         6633    .ARM.Collect$$rtentry$$0000000C  c_w.l(__rtentry2.o)
    0x08000288   0x08000288   0x00000008   Code   RO         6634    .ARM.Collect$$rtentry$$0000000D  c_w.l(__rtentry2.o)
    0x08000290   0x08000290   0x00000002   Code   RO         6770    .ARM.Collect$$rtexit$$00000000  c_w.l(rtexit.o)
    0x08000292   0x08000292   0x00000000   Code   RO         6785    .ARM.Collect$$rtexit$$00000002  c_w.l(rtexit2.o)
    0x08000292   0x08000292   0x00000004   Code   RO         6786    .ARM.Collect$$rtexit$$00000003  c_w.l(rtexit2.o)
    0x08000296   0x08000296   0x00000006   Code   RO         6787    .ARM.Collect$$rtexit$$00000004  c_w.l(rtexit2.o)
    0x0800029c   0x0800029c   0x00000040   Code   RO            4    .text               startup_stm32g431xx.o
    0x080002dc   0x080002dc   0x00000002   Code   RO         6392    .text               c_w.l(use_no_semi_2.o)
    0x080002de   0x080002de   0x000000ee   Code   RO         6394    .text               c_w.l(lludivv7m.o)
    0x080003cc   0x080003cc   0x00000018   Code   RO         6398    .text               c_w.l(noretval__2printf.o)
    0x080003e4   0x080003e4   0x0000004e   Code   RO         6402    .text               c_w.l(_printf_pad.o)
    0x08000432   0x08000432   0x00000002   PAD
    0x08000434   0x08000434   0x00000078   Code   RO         6406    .text               c_w.l(_printf_dec.o)
    0x080004ac   0x080004ac   0x00000058   Code   RO         6411    .text               c_w.l(_printf_hex_int.o)
    0x08000504   0x08000504   0x00000138   Code   RO         6441    .text               c_w.l(__printf_flags_wp.o)
    0x0800063c   0x0800063c   0x00000044   Code   RO         6457    .text               c_w.l(rt_memclr.o)
    0x08000680   0x08000680   0x0000004e   Code   RO         6459    .text               c_w.l(rt_memclr_w.o)
    0x080006ce   0x080006ce   0x00000006   Code   RO         6461    .text               c_w.l(heapauxi.o)
    0x080006d4   0x080006d4   0x00000002   Code   RO         6535    .text               c_w.l(use_no_semi.o)
    0x080006d6   0x080006d6   0x000000b2   Code   RO         6544    .text               c_w.l(_printf_intcommon.o)
    0x08000788   0x08000788   0x0000041e   Code   RO         6546    .text               c_w.l(_printf_fp_dec.o)
    0x08000ba6   0x08000ba6   0x00000002   PAD
    0x08000ba8   0x08000ba8   0x00000024   Code   RO         6550    .text               c_w.l(_printf_char_file.o)
    0x08000bcc   0x08000bcc   0x00000008   Code   RO         6647    .text               c_w.l(rt_locale_intlibspace.o)
    0x08000bd4   0x08000bd4   0x0000008a   Code   RO         6654    .text               c_w.l(lludiv10.o)
    0x08000c5e   0x08000c5e   0x00000002   PAD
    0x08000c60   0x08000c60   0x00000030   Code   RO         6656    .text               c_w.l(_printf_char_common.o)
    0x08000c90   0x08000c90   0x00000080   Code   RO         6658    .text               c_w.l(_printf_fp_infnan.o)
    0x08000d10   0x08000d10   0x000000e4   Code   RO         6660    .text               c_w.l(bigflt0.o)
    0x08000df4   0x08000df4   0x00000008   Code   RO         6685    .text               c_w.l(ferror.o)
    0x08000dfc   0x08000dfc   0x00000008   Code   RO         6700    .text               c_w.l(libspace.o)
    0x08000e04   0x08000e04   0x0000004a   Code   RO         6703    .text               c_w.l(sys_stackheap_outer.o)
    0x08000e4e   0x08000e4e   0x00000012   Code   RO         6707    .text               c_w.l(exit.o)
    0x08000e60   0x08000e60   0x00000080   Code   RO         6713    .text               c_w.l(strcmpv7m.o)
    0x08000ee0   0x08000ee0   0x0000003e   Code   RO         6663    CL$$btod_d2e        c_w.l(btod.o)
    0x08000f1e   0x08000f1e   0x00000046   Code   RO         6665    CL$$btod_d2e_denorm_low  c_w.l(btod.o)
    0x08000f64   0x08000f64   0x00000060   Code   RO         6664    CL$$btod_d2e_norm_op1  c_w.l(btod.o)
    0x08000fc4   0x08000fc4   0x00000338   Code   RO         6673    CL$$btod_div_common  c_w.l(btod.o)
    0x080012fc   0x080012fc   0x000000dc   Code   RO         6670    CL$$btod_e2e        c_w.l(btod.o)
    0x080013d8   0x080013d8   0x0000002a   Code   RO         6667    CL$$btod_ediv       c_w.l(btod.o)
    0x08001402   0x08001402   0x0000002a   Code   RO         6666    CL$$btod_emul       c_w.l(btod.o)
    0x0800142c   0x0800142c   0x00000244   Code   RO         6672    CL$$btod_mult_common  c_w.l(btod.o)
    0x08001670   0x08001670   0x000003a4   Code   RO         6351    i.BMP580_Test_Run   bmp5_port.o
    0x08001a14   0x08001a14   0x00000002   Code   RO          504    i.BusFault_Handler  stm32g4xx_it.o
    0x08001a16   0x08001a16   0x00000002   PAD
    0x08001a18   0x08001a18   0x0000000c   Code   RO          505    i.DMA1_Channel1_IRQHandler  stm32g4xx_it.o
    0x08001a24   0x08001a24   0x0000000c   Code   RO          506    i.DMA1_Channel2_IRQHandler  stm32g4xx_it.o
    0x08001a30   0x08001a30   0x0000000c   Code   RO          507    i.DMA1_Channel3_IRQHandler  stm32g4xx_it.o
    0x08001a3c   0x08001a3c   0x00000040   Code   RO         2011    i.DMA_CalcDMAMUXChannelBaseAndMask  stm32g4xx_hal_dma.o
    0x08001a7c   0x08001a7c   0x00000024   Code   RO         2012    i.DMA_CalcDMAMUXRequestGenBaseAndMask  stm32g4xx_hal_dma.o
    0x08001aa0   0x08001aa0   0x0000003e   Code   RO         2013    i.DMA_SetConfig     stm32g4xx_hal_dma.o
    0x08001ade   0x08001ade   0x00000002   PAD
    0x08001ae0   0x08001ae0   0x00000030   Code   RO         5804    i.DWT_Delay_Init    delay.o
    0x08001b10   0x08001b10   0x00000002   Code   RO          508    i.DebugMon_Handler  stm32g4xx_it.o
    0x08001b12   0x08001b12   0x00000004   Code   RO           13    i.Error_Handler     main.o
    0x08001b16   0x08001b16   0x0000006a   Code   RO         2014    i.HAL_DMA_Abort     stm32g4xx_hal_dma.o
    0x08001b80   0x08001b80   0x00000078   Code   RO         2015    i.HAL_DMA_Abort_IT  stm32g4xx_hal_dma.o
    0x08001bf8   0x08001bf8   0x000000ba   Code   RO         2019    i.HAL_DMA_IRQHandler  stm32g4xx_hal_dma.o
    0x08001cb2   0x08001cb2   0x00000002   PAD
    0x08001cb4   0x08001cb4   0x000000c0   Code   RO         2020    i.HAL_DMA_Init      stm32g4xx_hal_dma.o
    0x08001d74   0x08001d74   0x0000008c   Code   RO         2024    i.HAL_DMA_Start_IT  stm32g4xx_hal_dma.o
    0x08001e00   0x08001e00   0x00000024   Code   RO         1167    i.HAL_Delay         stm32g4xx_hal.o
    0x08001e24   0x08001e24   0x00000248   Code   RO         1876    i.HAL_GPIO_Init     stm32g4xx_hal_gpio.o
    0x0800206c   0x0800206c   0x0000000a   Code   RO         1880    i.HAL_GPIO_WritePin  stm32g4xx_hal_gpio.o
    0x08002076   0x08002076   0x00000002   PAD
    0x08002078   0x08002078   0x0000000c   Code   RO         1171    i.HAL_GetTick       stm32g4xx_hal.o
    0x08002084   0x08002084   0x00000056   Code   RO         1106    i.HAL_I2CEx_ConfigAnalogFilter  stm32g4xx_hal_i2c_ex.o
    0x080020da   0x080020da   0x00000052   Code   RO         1107    i.HAL_I2CEx_ConfigDigitalFilter  stm32g4xx_hal_i2c_ex.o
    0x0800212c   0x0800212c   0x000000bc   Code   RO          645    i.HAL_I2C_Init      stm32g4xx_hal_i2c.o
    0x080021e8   0x080021e8   0x00000164   Code   RO          663    i.HAL_I2C_Mem_Read  stm32g4xx_hal_i2c.o
    0x0800234c   0x0800234c   0x00000158   Code   RO          666    i.HAL_I2C_Mem_Write  stm32g4xx_hal_i2c.o
    0x080024a4   0x080024a4   0x00000128   Code   RO          370    i.HAL_I2C_MspInit   i2c.o
    0x080025cc   0x080025cc   0x00000010   Code   RO         1177    i.HAL_IncTick       stm32g4xx_hal.o
    0x080025dc   0x080025dc   0x0000001e   Code   RO         1178    i.HAL_Init          stm32g4xx_hal.o
    0x080025fa   0x080025fa   0x00000002   PAD
    0x080025fc   0x080025fc   0x00000044   Code   RO         1179    i.HAL_InitTick      stm32g4xx_hal.o
    0x08002640   0x08002640   0x00000030   Code   RO          610    i.HAL_MspInit       stm32g4xx_hal_msp.o
    0x08002670   0x08002670   0x0000001a   Code   RO         2525    i.HAL_NVIC_EnableIRQ  stm32g4xx_hal_cortex.o
    0x0800268a   0x0800268a   0x00000002   PAD
    0x0800268c   0x0800268c   0x00000040   Code   RO         2531    i.HAL_NVIC_SetPriority  stm32g4xx_hal_cortex.o
    0x080026cc   0x080026cc   0x00000024   Code   RO         2532    i.HAL_NVIC_SetPriorityGrouping  stm32g4xx_hal_cortex.o
    0x080026f0   0x080026f0   0x000000bc   Code   RO         2279    i.HAL_PWREx_ControlVoltageScaling  stm32g4xx_hal_pwr_ex.o
    0x080027ac   0x080027ac   0x00000010   Code   RO         2291    i.HAL_PWREx_DisableUCPDDeadBattery  stm32g4xx_hal_pwr_ex.o
    0x080027bc   0x080027bc   0x00000288   Code   RO         1538    i.HAL_RCCEx_PeriphCLKConfig  stm32g4xx_hal_rcc_ex.o
    0x08002a44   0x08002a44   0x000001dc   Code   RO         1413    i.HAL_RCC_ClockConfig  stm32g4xx_hal_rcc.o
    0x08002c20   0x08002c20   0x00000024   Code   RO         1421    i.HAL_RCC_GetPCLK1Freq  stm32g4xx_hal_rcc.o
    0x08002c44   0x08002c44   0x00000024   Code   RO         1422    i.HAL_RCC_GetPCLK2Freq  stm32g4xx_hal_rcc.o
    0x08002c68   0x08002c68   0x0000006c   Code   RO         1423    i.HAL_RCC_GetSysClockFreq  stm32g4xx_hal_rcc.o
    0x08002cd4   0x08002cd4   0x00000404   Code   RO         1426    i.HAL_RCC_OscConfig  stm32g4xx_hal_rcc.o
    0x080030d8   0x080030d8   0x00000028   Code   RO         2536    i.HAL_SYSTICK_Config  stm32g4xx_hal_cortex.o
    0x08003100   0x08003100   0x00000002   Code   RO         3381    i.HAL_TIMEx_Break2Callback  stm32g4xx_hal_tim_ex.o
    0x08003102   0x08003102   0x00000002   Code   RO         3382    i.HAL_TIMEx_BreakCallback  stm32g4xx_hal_tim_ex.o
    0x08003104   0x08003104   0x00000002   Code   RO         3383    i.HAL_TIMEx_CommutCallback  stm32g4xx_hal_tim_ex.o
    0x08003106   0x08003106   0x00000002   Code   RO         3394    i.HAL_TIMEx_DirectionChangeCallback  stm32g4xx_hal_tim_ex.o
    0x08003108   0x08003108   0x00000002   Code   RO         3408    i.HAL_TIMEx_EncoderIndexCallback  stm32g4xx_hal_tim_ex.o
    0x0800310a   0x0800310a   0x00000002   Code   RO         3422    i.HAL_TIMEx_IndexErrorCallback  stm32g4xx_hal_tim_ex.o
    0x0800310c   0x0800310c   0x0000009c   Code   RO         3423    i.HAL_TIMEx_MasterConfigSynchronization  stm32g4xx_hal_tim_ex.o
    0x080031a8   0x080031a8   0x00000002   Code   RO         3444    i.HAL_TIMEx_TransitionErrorCallback  stm32g4xx_hal_tim_ex.o
    0x080031aa   0x080031aa   0x00000062   Code   RO         2667    i.HAL_TIM_Base_Init  stm32g4xx_hal_tim.o
    0x0800320c   0x0800320c   0x00000078   Code   RO          421    i.HAL_TIM_Base_MspInit  tim.o
    0x08003284   0x08003284   0x00000078   Code   RO         2672    i.HAL_TIM_Base_Start_IT  stm32g4xx_hal_tim.o
    0x080032fc   0x080032fc   0x00000100   Code   RO         2676    i.HAL_TIM_ConfigClockSource  stm32g4xx_hal_tim.o
    0x080033fc   0x080033fc   0x00000002   Code   RO         2701    i.HAL_TIM_IC_CaptureCallback  stm32g4xx_hal_tim.o
    0x080033fe   0x080033fe   0x000001a2   Code   RO         2715    i.HAL_TIM_IRQHandler  stm32g4xx_hal_tim.o
    0x080035a0   0x080035a0   0x00000002   Code   RO         2718    i.HAL_TIM_OC_DelayElapsedCallback  stm32g4xx_hal_tim.o
    0x080035a2   0x080035a2   0x00000002   Code   RO         2745    i.HAL_TIM_PWM_PulseFinishedCallback  stm32g4xx_hal_tim.o
    0x080035a4   0x080035a4   0x00000002   Code   RO         2753    i.HAL_TIM_PeriodElapsedCallback  stm32g4xx_hal_tim.o
    0x080035a6   0x080035a6   0x00000002   Code   RO         2758    i.HAL_TIM_TriggerCallback  stm32g4xx_hal_tim.o
    0x080035a8   0x080035a8   0x0000003e   Code   RO         4230    i.HAL_UARTEx_DisableFifoMode  stm32g4xx_hal_uart_ex.o
    0x080035e6   0x080035e6   0x00000002   Code   RO         3819    i.HAL_UARTEx_RxEventCallback  stm32g4xx_hal_uart.o
    0x080035e8   0x080035e8   0x00000002   Code   RO         4238    i.HAL_UARTEx_RxFifoFullCallback  stm32g4xx_hal_uart_ex.o
    0x080035ea   0x080035ea   0x0000004c   Code   RO         4239    i.HAL_UARTEx_SetRxFifoThreshold  stm32g4xx_hal_uart_ex.o
    0x08003636   0x08003636   0x0000004c   Code   RO         4240    i.HAL_UARTEx_SetTxFifoThreshold  stm32g4xx_hal_uart_ex.o
    0x08003682   0x08003682   0x00000002   Code   RO         4242    i.HAL_UARTEx_TxFifoEmptyCallback  stm32g4xx_hal_uart_ex.o
    0x08003684   0x08003684   0x00000002   Code   RO         4243    i.HAL_UARTEx_WakeupCallback  stm32g4xx_hal_uart_ex.o
    0x08003686   0x08003686   0x00000002   Code   RO         3835    i.HAL_UART_ErrorCallback  stm32g4xx_hal_uart.o
    0x08003688   0x08003688   0x0000031c   Code   RO         3838    i.HAL_UART_IRQHandler  stm32g4xx_hal_uart.o
    0x080039a4   0x080039a4   0x0000006a   Code   RO         3839    i.HAL_UART_Init     stm32g4xx_hal_uart.o
    0x08003a0e   0x08003a0e   0x00000002   PAD
    0x08003a10   0x08003a10   0x000000fc   Code   RO          463    i.HAL_UART_MspInit  usart.o
    0x08003b0c   0x08003b0c   0x00000048   Code   RO         3843    i.HAL_UART_Receive_DMA  stm32g4xx_hal_uart.o
    0x08003b54   0x08003b54   0x00000002   Code   RO         3846    i.HAL_UART_RxCpltCallback  stm32g4xx_hal_uart.o
    0x08003b56   0x08003b56   0x00000002   Code   RO         3847    i.HAL_UART_RxHalfCpltCallback  stm32g4xx_hal_uart.o
    0x08003b58   0x08003b58   0x000000ae   Code   RO         3848    i.HAL_UART_Transmit  stm32g4xx_hal_uart.o
    0x08003c06   0x08003c06   0x00000002   PAD
    0x08003c08   0x08003c08   0x00000090   Code   RO         3849    i.HAL_UART_Transmit_DMA  stm32g4xx_hal_uart.o
    0x08003c98   0x08003c98   0x00000024   Code   RO         5935    i.HAL_UART_TxCpltCallback  usart_printf.o
    0x08003cbc   0x08003cbc   0x00000002   Code   RO         3852    i.HAL_UART_TxHalfCpltCallback  stm32g4xx_hal_uart.o
    0x08003cbe   0x08003cbe   0x00000002   Code   RO          509    i.HardFault_Handler  stm32g4xx_it.o
    0x08003cc0   0x08003cc0   0x00000022   Code   RO          692    i.I2C_Flush_TXDR    stm32g4xx_hal_i2c.o
    0x08003ce2   0x08003ce2   0x00000002   PAD
    0x08003ce4   0x08003ce4   0x0000010c   Code   RO          700    i.I2C_IsErrorOccurred  stm32g4xx_hal_i2c.o
    0x08003df0   0x08003df0   0x00000064   Code   RO          705    i.I2C_RequestMemoryRead  stm32g4xx_hal_i2c.o
    0x08003e54   0x08003e54   0x00000064   Code   RO          706    i.I2C_RequestMemoryWrite  stm32g4xx_hal_i2c.o
    0x08003eb8   0x08003eb8   0x00000030   Code   RO          709    i.I2C_TransferConfig  stm32g4xx_hal_i2c.o
    0x08003ee8   0x08003ee8   0x0000007a   Code   RO          711    i.I2C_WaitOnFlagUntilTimeout  stm32g4xx_hal_i2c.o
    0x08003f62   0x08003f62   0x00000056   Code   RO          713    i.I2C_WaitOnSTOPFlagUntilTimeout  stm32g4xx_hal_i2c.o
    0x08003fb8   0x08003fb8   0x0000005a   Code   RO          714    i.I2C_WaitOnTXISFlagUntilTimeout  stm32g4xx_hal_i2c.o
    0x08004012   0x08004012   0x00000002   PAD
    0x08004014   0x08004014   0x0000005c   Code   RO          342    i.MX_DMA_Init       dma.o
    0x08004070   0x08004070   0x0000007c   Code   RO          213    i.MX_GPIO_Init      gpio.o
    0x080040ec   0x080040ec   0x00000058   Code   RO          371    i.MX_I2C1_Init      i2c.o
    0x08004144   0x08004144   0x00000058   Code   RO          372    i.MX_I2C2_Init      i2c.o
    0x0800419c   0x0800419c   0x00000070   Code   RO          422    i.MX_TIM1_Init      tim.o
    0x0800420c   0x0800420c   0x00000068   Code   RO          464    i.MX_USART1_UART_Init  usart.o
    0x08004274   0x08004274   0x00000002   Code   RO          510    i.MemManage_Handler  stm32g4xx_it.o
    0x08004276   0x08004276   0x00000002   Code   RO          511    i.NMI_Handler       stm32g4xx_it.o
    0x08004278   0x08004278   0x00000002   Code   RO          512    i.PendSV_Handler    stm32g4xx_it.o
    0x0800427a   0x0800427a   0x00000002   Code   RO          513    i.SVC_Handler       stm32g4xx_it.o
    0x0800427c   0x0800427c   0x00000004   Code   RO          514    i.SysTick_Handler   stm32g4xx_it.o
    0x08004280   0x08004280   0x00000068   Code   RO           14    i.SystemClock_Config  main.o
    0x080042e8   0x080042e8   0x00000010   Code   RO         4349    i.SystemInit        system_stm32g4xx.o
    0x080042f8   0x080042f8   0x0000000c   Code   RO          515    i.TIM1_UP_TIM16_IRQHandler  stm32g4xx_it.o
    0x08004304   0x08004304   0x000000bc   Code   RO         2760    i.TIM_Base_SetConfig  stm32g4xx_hal_tim.o
    0x080043c0   0x080043c0   0x00000014   Code   RO         2771    i.TIM_ETR_SetConfig  stm32g4xx_hal_tim.o
    0x080043d4   0x080043d4   0x00000014   Code   RO         2772    i.TIM_ITRx_SetConfig  stm32g4xx_hal_tim.o
    0x080043e8   0x080043e8   0x00000022   Code   RO         2780    i.TIM_TI1_ConfigInputStage  stm32g4xx_hal_tim.o
    0x0800440a   0x0800440a   0x00000024   Code   RO         2782    i.TIM_TI2_ConfigInputStage  stm32g4xx_hal_tim.o
    0x0800442e   0x0800442e   0x00000002   PAD
    0x08004430   0x08004430   0x00000028   Code   RO           15    i.UART1_IDLE_Callback  main.o
    0x08004458   0x08004458   0x00000044   Code   RO         4244    i.UARTEx_SetNbDataToProcess  stm32g4xx_hal_uart_ex.o
    0x0800449c   0x0800449c   0x000000c8   Code   RO         3853    i.UART_AdvFeatureConfig  stm32g4xx_hal_uart.o
    0x08004564   0x08004564   0x000000ac   Code   RO         3854    i.UART_CheckIdleState  stm32g4xx_hal_uart.o
    0x08004610   0x08004610   0x00000014   Code   RO         3855    i.UART_DMAAbortOnError  stm32g4xx_hal_uart.o
    0x08004624   0x08004624   0x00000050   Code   RO         3856    i.UART_DMAError     stm32g4xx_hal_uart.o
    0x08004674   0x08004674   0x00000086   Code   RO         3857    i.UART_DMAReceiveCplt  stm32g4xx_hal_uart.o
    0x080046fa   0x080046fa   0x00000020   Code   RO         3859    i.UART_DMARxHalfCplt  stm32g4xx_hal_uart.o
    0x0800471a   0x0800471a   0x00000042   Code   RO         3861    i.UART_DMATransmitCplt  stm32g4xx_hal_uart.o
    0x0800475c   0x0800475c   0x0000000a   Code   RO         3863    i.UART_DMATxHalfCplt  stm32g4xx_hal_uart.o
    0x08004766   0x08004766   0x00000002   PAD
    0x08004768   0x08004768   0x00000054   Code   RO         3865    i.UART_EndRxTransfer  stm32g4xx_hal_uart.o
    0x080047bc   0x080047bc   0x0000002e   Code   RO         3866    i.UART_EndTxTransfer  stm32g4xx_hal_uart.o
    0x080047ea   0x080047ea   0x00000002   PAD
    0x080047ec   0x080047ec   0x00000274   Code   RO         3871    i.UART_SetConfig    stm32g4xx_hal_uart.o
    0x08004a60   0x08004a60   0x000000a8   Code   RO         3872    i.UART_Start_Receive_DMA  stm32g4xx_hal_uart.o
    0x08004b08   0x08004b08   0x00000094   Code   RO         3878    i.UART_WaitOnFlagUntilTimeout  stm32g4xx_hal_uart.o
    0x08004b9c   0x08004b9c   0x00000034   Code   RO          516    i.USART1_IRQHandler  stm32g4xx_it.o
    0x08004bd0   0x08004bd0   0x00000002   Code   RO          517    i.UsageFault_Handler  stm32g4xx_it.o
    0x08004bd2   0x08004bd2   0x00000030   Code   RO         6594    i.__ARM_fpclassify  m_wm.l(fpclassify.o)
    0x08004c02   0x08004c02   0x00000020   Code   RO         2538    i.__NVIC_SetPriority  stm32g4xx_hal_cortex.o
    0x08004c22   0x08004c22   0x0000000e   Code   RO         6439    i._is_digit         c_w.l(__printf_wp.o)
    0x08004c30   0x08004c30   0x00000002   Code   RO         5936    i._sys_exit         usart_printf.o
    0x08004c32   0x08004c32   0x00000004   Code   RO         6352    i.bmp5_delay_us     bmp5_port.o
    0x08004c36   0x08004c36   0x00000044   Code   RO         6152    i.bmp5_get_iir_config  bmp5.o
    0x08004c7a   0x08004c7a   0x00000014   Code   RO         6153    i.bmp5_get_interrupt_status  bmp5.o
    0x08004c8e   0x08004c8e   0x00000046   Code   RO         6156    i.bmp5_get_osr_odr_press_config  bmp5.o
    0x08004cd4   0x08004cd4   0x000000a8   Code   RO         6157    i.bmp5_get_power_mode  bmp5.o
    0x08004d7c   0x08004d7c   0x00000040   Code   RO         6158    i.bmp5_get_regs     bmp5.o
    0x08004dbc   0x08004dbc   0x00000080   Code   RO         6159    i.bmp5_get_sensor_data  bmp5.o
    0x08004e3c   0x08004e3c   0x00000028   Code   RO         6353    i.bmp5_i2c_read     bmp5_port.o
    0x08004e64   0x08004e64   0x00000028   Code   RO         6354    i.bmp5_i2c_write    bmp5_port.o
    0x08004e8c   0x08004e8c   0x00000084   Code   RO         6160    i.bmp5_init         bmp5.o
    0x08004f10   0x08004f10   0x0000006e   Code   RO         6167    i.bmp5_set_osr_odr_press_config  bmp5.o
    0x08004f7e   0x08004f7e   0x00000056   Code   RO         6168    i.bmp5_set_power_mode  bmp5.o
    0x08004fd4   0x08004fd4   0x0000006c   Code   RO         6169    i.bmp5_set_regs     bmp5.o
    0x08005040   0x08005040   0x0000003a   Code   RO         6170    i.bmp5_soft_reset   bmp5.o
    0x0800507a   0x0800507a   0x00000016   Code   RO         5805    i.delay_ms          delay.o
    0x08005090   0x08005090   0x00000028   Code   RO         5806    i.delay_us          delay.o
    0x080050b8   0x080050b8   0x00000080   Code   RO         5938    i.fputc             usart_printf.o
    0x08005138   0x08005138   0x00000014   Code   RO         6171    i.get_nvm_status    bmp5.o
    0x0800514c   0x0800514c   0x000000a4   Code   RO           16    i.main              main.o
    0x080051f0   0x080051f0   0x00000018   Code   RO         6172    i.null_ptr_check    bmp5.o
    0x08005208   0x08005208   0x0000008a   Code   RO         6174    i.set_deep_standby_mode  bmp5.o
    0x08005292   0x08005292   0x00000034   Code   RO         6177    i.set_power_mode    bmp5.o
    0x080052c6   0x080052c6   0x00000020   Code   RO         6178    i.set_standby_mode  bmp5.o
    0x080052e6   0x080052e6   0x00000002   PAD
    0x080052e8   0x080052e8   0x00000048   Code   RO         5940    i.uart_tx_start_dma  usart_printf.o
    0x08005330   0x08005330   0x00000014   Code   RO         5941    i.usart_printf_init  usart_printf.o
    0x08005344   0x08005344   0x0000002c   Code   RO         6690    locale$$code        c_w.l(lc_numeric_c.o)
    0x08005370   0x08005370   0x00000062   Code   RO         6465    x$fpl$d2f           fz_wm.l(d2f.o)
    0x080053d2   0x080053d2   0x0000002e   Code   RO         6474    x$fpl$dflt          fz_wm.l(dflt_clz.o)
    0x08005400   0x08005400   0x00000026   Code   RO         6473    x$fpl$dfltu         fz_wm.l(dflt_clz.o)
    0x08005426   0x08005426   0x00000002   PAD
    0x08005428   0x08005428   0x00000154   Code   RO         6479    x$fpl$dmul          fz_wm.l(dmul.o)
    0x0800557c   0x0800557c   0x0000009c   Code   RO         6561    x$fpl$dnaninf       fz_wm.l(dnaninf.o)
    0x08005618   0x08005618   0x0000000c   Code   RO         6563    x$fpl$dretinf       fz_wm.l(dretinf.o)
    0x08005624   0x08005624   0x00000056   Code   RO         6481    x$fpl$f2d           fz_wm.l(f2d.o)
    0x0800567a   0x0800567a   0x0000008c   Code   RO         6567    x$fpl$fnaninf       fz_wm.l(fnaninf.o)
    0x08005706   0x08005706   0x0000000a   Code   RO         6780    x$fpl$fpinit        fz_wm.l(fpinit.o)
    0x08005710   0x08005710   0x0000000a   Code   RO         6569    x$fpl$fretinf       fz_wm.l(fretinf.o)
    0x0800571a   0x0800571a   0x00000004   Code   RO         6483    x$fpl$printf1       fz_wm.l(printf1.o)
    0x0800571e   0x0800571e   0x00000000   Code   RO         6573    x$fpl$usenofp       fz_wm.l(usenofp.o)
    0x0800571e   0x0800571e   0x00000018   Data   RO         3879    .constdata          stm32g4xx_hal_uart.o
    0x08005736   0x08005736   0x00000010   Data   RO         4245    .constdata          stm32g4xx_hal_uart_ex.o
    0x08005746   0x08005746   0x00000010   Data   RO         4350    .constdata          system_stm32g4xx.o
    0x08005756   0x08005756   0x00000008   Data   RO         4351    .constdata          system_stm32g4xx.o
    0x0800575e   0x0800575e   0x00000028   Data   RO         6412    .constdata          c_w.l(_printf_hex_int.o)
    0x08005786   0x08005786   0x00000011   Data   RO         6442    .constdata          c_w.l(__printf_flags_wp.o)
    0x08005797   0x08005797   0x00000001   PAD
    0x08005798   0x08005798   0x00000094   Data   RO         6661    .constdata          c_w.l(bigflt0.o)
    0x0800582c   0x0800582c   0x000000e1   Data   RO         6356    .conststring        bmp5_port.o
    0x0800590d   0x0800590d   0x00000003   PAD
    0x08005910   0x08005910   0x00000020   Data   RO         6845    Region$$Table       anon$$obj.o
    0x08005930   0x08005930   0x0000001c   Data   RO         6689    locale$$data        c_w.l(lc_numeric_c.o)


    Execution Region RW_IRAM1 (Exec base: 0x20000000, Load base: 0x0800594c, Size: 0x00000b80, Max: 0x00008000, ABSOLUTE)

    Exec Addr    Load Addr    Size         Type   Attr      Idx    E Section Name        Object

    0x20000000   0x0800594c   0x0000000c   Data   RW         1198    .data               stm32g4xx_hal.o
    0x2000000c   0x08005958   0x00000004   Data   RW         4352    .data               system_stm32g4xx.o
    0x20000010   0x0800595c   0x0000000c   Data   RW         5943    .data               usart_printf.o
    0x2000001c   0x08005968   0x00000004   Data   RW         5944    .data               usart_printf.o
    0x20000020        -       0x00000040   Zero   RW           17    .bss                main.o
    0x20000060        -       0x000000a8   Zero   RW          373    .bss                i2c.o
    0x20000108        -       0x000000ac   Zero   RW          423    .bss                tim.o
    0x200001b4        -       0x00000154   Zero   RW          465    .bss                usart.o
    0x20000308        -       0x00000200   Zero   RW         5942    .bss                usart_printf.o
    0x20000508        -       0x00000018   Zero   RW         6355    .bss                bmp5_port.o
    0x20000520        -       0x00000060   Zero   RW         6701    .bss                c_w.l(libspace.o)
    0x20000580        -       0x00000200   Zero   RW            2    HEAP                startup_stm32g431xx.o
    0x20000780        -       0x00000400   Zero   RW            1    STACK               startup_stm32g431xx.o


==============================================================================

Image component sizes


      Code (inc. data)   RO Data    RW Data    ZI Data      Debug   Object Name

      1278         28          0          0          0      24463   bmp5.o
      1016        636        225          0         24       3310   bmp5_port.o
       110         24          0          0          0       1955   delay.o
        92          4          0          0          0        838   dma.o
       124          8          0          0          0     645440   gpio.o
       472         44          0          0        168       2586   i2c.o
       312         82          0          0         64      82674   main.o
        64         26        472          0       1536        848   startup_stm32g431xx.o
       162         24          0         12          0       4361   stm32g4xx_hal.o
       198         14          0          0          0      33883   stm32g4xx_hal_cortex.o
       906         30          0          0          0       6618   stm32g4xx_hal_dma.o
         0          0          0          0          0       5404   stm32g4xx_hal_flash.o
       594         34          0          0          0       2360   stm32g4xx_hal_gpio.o
      1736         38          0          0          0      12350   stm32g4xx_hal_i2c.o
       168          0          0          0          0       1935   stm32g4xx_hal_i2c_ex.o
        48          6          0          0          0        878   stm32g4xx_hal_msp.o
       204         18          0          0          0       1417   stm32g4xx_hal_pwr_ex.o
      1684         88          0          0          0       6312   stm32g4xx_hal_rcc.o
       648         10          0          0          0       1896   stm32g4xx_hal_rcc_ex.o
      1200         76          0          0          0      11181   stm32g4xx_hal_tim.o
       170         24          0          0          0       5484   stm32g4xx_hal_tim_ex.o
      3090        116         24          0          0      38484   stm32g4xx_hal_uart.o
       288          6         16          0          0       5422   stm32g4xx_hal_uart_ex.o
       120         28          0          0          0       6762   stm32g4xx_it.o
        16          4         24          4          0       1147   system_stm32g4xx.o
       232         28          0          0        172       1835   tim.o
       356         28          0          0        340       2016   usart.o
       258         28          0         16        512       5396   usart_printf.o

    ----------------------------------------------------------------------
     15574       1452        796         32       2816     917255   Object Totals
         0          0         32          0          0          0   (incl. Generated)
        28          0          3          0          0          0   (incl. Padding)

    ----------------------------------------------------------------------

      Code (inc. data)   RO Data    RW Data    ZI Data      Debug   Library Member Name

         8          0          0          0          0         68   __main.o
       312          4         17          0          0         92   __printf_flags_wp.o
        14          0          0          0          0         68   __printf_wp.o
         0          0          0          0          0          0   __rtentry.o
        12          0          0          0          0          0   __rtentry2.o
         6          0          0          0          0          0   __rtentry4.o
        52          8          0          0          0          0   __scatter.o
        26          0          0          0          0          0   __scatter_copy.o
        28          0          0          0          0          0   __scatter_zi.o
        48          6          0          0          0         96   _printf_char_common.o
        36          4          0          0          0         80   _printf_char_file.o
         6          0          0          0          0          0   _printf_d.o
       120         16          0          0          0         92   _printf_dec.o
         6          0          0          0          0          0   _printf_f.o
      1054          0          0          0          0        216   _printf_fp_dec.o
       128         16          0          0          0         84   _printf_fp_infnan.o
        88          4         40          0          0         88   _printf_hex_int.o
       178          0          0          0          0         88   _printf_intcommon.o
        78          0          0          0          0        108   _printf_pad.o
         0          0          0          0          0          0   _printf_percent.o
         4          0          0          0          0          0   _printf_percent_end.o
         6          0          0          0          0          0   _printf_x.o
       228          4        148          0          0         96   bigflt0.o
      1936        128          0          0          0        672   btod.o
        18          0          0          0          0         80   exit.o
         8          0          0          0          0         68   ferror.o
         6          0          0          0          0        152   heapauxi.o
        44         10         28          0          0         76   lc_numeric_c.o
         2          0          0          0          0          0   libinit.o
        22          0          0          0          0          0   libinit2.o
         2          0          0          0          0          0   libshutdown.o
         2          0          0          0          0          0   libshutdown2.o
         8          4          0          0         96         68   libspace.o
       138          0          0          0          0         80   lludiv10.o
       238          0          0          0          0        100   lludivv7m.o
        24          4          0          0          0         84   noretval__2printf.o
         8          4          0          0          0         68   rt_locale_intlibspace.o
        68          0          0          0          0         68   rt_memclr.o
        78          0          0          0          0         80   rt_memclr_w.o
         2          0          0          0          0          0   rtexit.o
        10          0          0          0          0          0   rtexit2.o
       128          0          0          0          0         68   strcmpv7m.o
        74          0          0          0          0         80   sys_stackheap_outer.o
         2          0          0          0          0         68   use_no_semi.o
         2          0          0          0          0         68   use_no_semi_2.o
        98          4          0          0          0        140   d2f.o
        84          0          0          0          0        232   dflt_clz.o
       340         12          0          0          0        152   dmul.o
       156          4          0          0          0        140   dnaninf.o
        12          0          0          0          0        116   dretinf.o
        86          4          0          0          0        132   f2d.o
       140          4          0          0          0        132   fnaninf.o
        10          0          0          0          0        116   fpinit.o
        10          0          0          0          0        116   fretinf.o
         4          0          0          0          0        116   printf1.o
         0          0          0          0          0          0   usenofp.o
        48          0          0          0          0        124   fpclassify.o

    ----------------------------------------------------------------------
      6256        240        234          0         96       4572   Library Totals
        10          0          1          0          0          0   (incl. Padding)

    ----------------------------------------------------------------------

      Code (inc. data)   RO Data    RW Data    ZI Data      Debug   Library Name

      5258        212        233          0         96       3056   c_w.l
       940         28          0          0          0       1392   fz_wm.l
        48          0          0          0          0        124   m_wm.l

    ----------------------------------------------------------------------
      6256        240        234          0         96       4572   Library Totals

    ----------------------------------------------------------------------

==============================================================================


      Code (inc. data)   RO Data    RW Data    ZI Data      Debug   

     21830       1692       1030         32       2912     904763   Grand Totals
     21830       1692       1030         32       2912     904763   ELF Image Totals
     21830       1692       1030         32          0          0   ROM Totals

==============================================================================

    Total RO  Size (Code + RO Data)                22860 (  22.32kB)
    Total RW  Size (RW Data + ZI Data)              2944 (   2.88kB)
    Total ROM Size (Code + RO Data + RW Data)      22892 (  22.36kB)

==============================================================================

